05-20 16:25:41.788 W/ActivityManager(  262): Activity pause timeout for ActivityRecord{4b02ba78 u0 com.rock.xinhuapk/.IndexActivity t5 f}
05-20 16:25:41.808 D/dalvikvm(  465): GC_FOR_ALLOC freed 4391K, 12% free 24120K/27292K, paused 7ms, total 8ms
05-20 16:25:41.838 W/EGL_emulation(  465): eglSurfaceAttrib not implemented 3093 12436
05-20 16:26:55.198 D/AndroidRuntime( 1937): 
05-20 16:26:55.198 D/AndroidRuntime( 1937): >>>>>> AndroidRuntime START com.android.internal.os.RuntimeInit <<<<<<
05-20 16:26:55.298 D/AndroidRuntime( 1937): CheckJNI is OFF
05-20 16:26:55.298 D/dalvikvm( 1937): Using executionMode 2
05-20 16:26:55.298 D/dalvikvm( 1937): Trying to load lib libjavacore.so 0x0
05-20 16:26:55.308 D/dalvikvm( 1937): Added shared lib libjavacore.so 0x0
05-20 16:26:55.308 D/dalvikvm( 1937): Trying to load lib libnativehelper.so 0x0
05-20 16:26:55.308 D/dalvikvm( 1937): Added shared lib libnativehelper.so 0x0
05-20 16:26:55.308 D/dalvikvm( 1937): No JNI_OnLoad found in libnativehelper.so 0x0, skipping init
05-20 16:26:55.318 D/dalvikvm( 1937): Note: class Landroid/app/ActivityManagerNative; has 179 unimplemented (abstract) methods
05-20 16:26:55.368 E/memtrack( 1937): Couldn't load memtrack module (No such file or directory)
05-20 16:26:55.368 E/android.os.Debug( 1937): failed to load memtrack module: -2
05-20 16:26:55.388 D/AndroidRuntime( 1937): Calling main entry com.android.commands.monkey.Monkey
05-20 16:26:55.388 W/BroadcastQueue(  262): Skipping deliver [background] BroadcastRecord{4afc1f4c u-1 android.net.conn.CONNECTIVITY_CHANGE} to ReceiverList{4a8b7854 1937 (unknown name)/0/u-1 remote:4a8c1e10}: process crashing
05-20 16:26:55.408 I/ActivityManager(  262): START u0 {act=android.intent.action.MAIN cat=[android.intent.category.LAUNCHER] flg=0x10200000 cmp=com.rock.xinhuapk/.MainActivity} from pid 1937
05-20 16:26:55.758 I/Process ( 1866): Sending signal. PID: 1866 SIG: 9
05-20 16:26:55.758 W/InputDispatcher(  262): channel '4b02d67c com.rock.xinhuapk/com.rock.xinhuapk.IndexActivity (server)' ~ Consumer closed input channel or an error occurred.  events=0x9
05-20 16:26:55.758 E/InputDispatcher(  262): channel '4b02d67c com.rock.xinhuapk/com.rock.xinhuapk.IndexActivity (server)' ~ Channel is unrecoverably broken and will be disposed!
05-20 16:26:55.758 W/ContextImpl(  262): Calling a method in the system process without a qualified user: android.app.ContextImpl.sendBroadcast:1123 com.android.server.am.ActivityManagerService.handleApplicationCrashInner:9670 com.android.server.am.ActivityManagerService.handleApplicationCrash:9644 android.app.ActivityManagerNative.onTransact:1311 com.android.server.am.ActivityManagerService.onTransact:2071 
05-20 16:26:55.758 W/InputManager(  262): Input event injection from pid 1937 failed.
05-20 16:26:55.758 W/InputManager(  262): Input event injection from pid 1937 failed.
05-20 16:26:55.758 W/InputManager(  262): Input event injection from pid 1937 failed.
05-20 16:26:55.758 W/InputManager(  262): Input event injection from pid 1937 failed.
05-20 16:26:55.778 W/InputManager(  262): Input event injection from pid 1937 failed.
05-20 16:26:55.778 W/InputManager(  262): Input event injection from pid 1937 failed.
05-20 16:26:55.778 W/InputManager(  262): Input event injection from pid 1937 failed.
05-20 16:26:55.778 W/InputManager(  262): Input event injection from pid 1937 failed.
05-20 16:26:55.778 W/InputManager(  262): Input event injection from pid 1937 failed.
05-20 16:26:55.778 W/InputManager(  262): Input event injection from pid 1937 failed.
05-20 16:26:55.798 W/InputDispatcher(  262): Attempted to unregister already unregistered input channel '4b02d67c com.rock.xinhuapk/com.rock.xinhuapk.IndexActivity (server)'
05-20 16:26:55.798 D/dalvikvm( 1948): Late-enabling CheckJNI
05-20 16:26:55.798 W/InputManager(  262): Input event injection from pid 1937 failed.
05-20 16:26:55.798 W/InputManager(  262): Input event injection from pid 1937 failed.
05-20 16:26:55.798 W/InputManager(  262): Input event injection from pid 1937 failed.
05-20 16:26:55.798 W/InputManager(  262): Input event injection from pid 1937 failed.
05-20 16:26:55.798 W/InputManager(  262): Input event injection from pid 1937 failed.
05-20 16:26:55.798 W/InputManager(  262): Input event injection from pid 1937 failed.
05-20 16:26:55.798 I/ActivityManager(  262): Process com.rock.xinhuapk (pid 1866) has died.
05-20 16:26:55.798 I/WindowState(  262): WIN DEATH: Window{4b02d67c u0 com.rock.xinhuapk/com.rock.xinhuapk.IndexActivity}
05-20 16:26:55.798 I/ActivityManager(  262): Start proc com.rock.xinhuapk for activity com.rock.xinhuapk/.MainActivity: pid=1948 uid=10028 gids={50028, 3003, 1028, 1015, 1023}
05-20 16:26:55.818 I/dalvikvm( 1948): ignoring registerObject request in thread=1
05-20 16:26:55.818 I/dalvikvm( 1948): ignoring registerObject request in thread=1
05-20 16:26:55.818 W/InputManager(  262): Input event injection from pid 1937 failed.
05-20 16:26:55.818 W/InputManager(  262): Input event injection from pid 1937 failed.
05-20 16:26:55.818 W/InputManager(  262): Input event injection from pid 1937 failed.
05-20 16:26:55.818 W/InputManager(  262): Input event injection from pid 1937 failed.
05-20 16:26:55.828 I/dalvikvm( 1948): Could not find method android.view.Window.setStatusBarColor, referenced from method com.lib.Rock.setStatusColor
05-20 16:26:55.828 W/dalvikvm( 1948): VFY: unable to resolve virtual method 853: Landroid/view/Window;.setStatusBarColor (I)V
05-20 16:26:55.828 D/dalvikvm( 1948): VFY: replacing opcode 0x6e at 0x001a
05-20 16:26:55.828 W/InputManager(  262): Input event injection from pid 1937 failed.
05-20 16:26:55.828 W/InputManager(  262): Input event injection from pid 1937 failed.
05-20 16:26:55.828 W/InputManager(  262): Input event injection from pid 1937 failed.
05-20 16:26:55.828 W/InputManager(  262): Input event injection from pid 1937 failed.
05-20 16:26:55.828 W/InputManager(  262): Input event injection from pid 1937 failed.
05-20 16:26:55.828 W/InputManager(  262): Input event injection from pid 1937 failed.
05-20 16:26:55.828 W/InputManager(  262): Input event injection from pid 1937 failed.
05-20 16:26:55.838 D/dalvikvm( 1948): JIT code cache reset in 0 ms (0 bytes 1/0)
05-20 16:26:55.838 D/dalvikvm( 1948): GC_FOR_ALLOC freed 71K, 5% free 2890K/3024K, paused 3ms, total 3ms
05-20 16:26:55.838 I/dalvikvm-heap( 1948): Grow heap (frag case) to 5.129MB for 2359308-byte allocation
05-20 16:26:55.848 D/dalvikvm( 1948): GC_CONCURRENT freed <1K, 3% free 5193K/5332K, paused 1ms+0ms, total 3ms
05-20 16:26:55.898 W/InputManager(  262): Input event injection from pid 1937 failed.
05-20 16:26:55.898 W/InputManager(  262): Input event injection from pid 1937 failed.
05-20 16:26:55.898 W/InputManager(  262): Input event injection from pid 1937 failed.
05-20 16:26:55.898 W/InputManager(  262): Input event injection from pid 1937 failed.
05-20 16:26:55.898 W/InputManager(  262): Input event injection from pid 1937 failed.
05-20 16:26:55.898 W/InputManager(  262): Input event injection from pid 1937 failed.
05-20 16:26:55.958 W/InputManager(  262): Input event injection from pid 1937 failed.
05-20 16:26:55.958 W/InputManager(  262): Input event injection from pid 1937 failed.
05-20 16:26:55.958 W/InputManager(  262): Input event injection from pid 1937 failed.
05-20 16:26:55.958 W/InputManager(  262): Input event injection from pid 1937 failed.
05-20 16:26:55.958 W/InputManager(  262): Input event injection from pid 1937 failed.
05-20 16:26:55.968 W/InputManager(  262): Input event injection from pid 1937 failed.
05-20 16:26:55.968 W/InputManager(  262): Input event injection from pid 1937 failed.
05-20 16:26:55.968 W/InputManager(  262): Input event injection from pid 1937 failed.
05-20 16:26:55.968 W/InputManager(  262): Input event injection from pid 1937 failed.
05-20 16:26:55.968 W/InputManager(  262): Input event injection from pid 1937 failed.
05-20 16:26:55.968 W/InputManager(  262): Input event injection from pid 1937 failed.
05-20 16:26:56.088 D/libEGL  ( 1948): loaded /system/lib/egl/libEGL_adreno.so
05-20 16:26:56.098 D/        ( 1948): HostConnection::get() New Host Connection established 0xb86b4650, tid 1948
05-20 16:26:56.178 D/libEGL  ( 1948): loaded /system/lib/egl/libGLESv1_CM_adreno.so
05-20 16:26:56.178 D/libEGL  ( 1948): loaded /system/lib/egl/libGLESv2_adreno.so
05-20 16:26:56.238 V/PanelView(  351): animationTick called with dtms=0; nothing to do (h=0.0 v=0.0)
05-20 16:26:56.258 W/EGL_emulation( 1948): eglSurfaceAttrib not implemented 3093 12436
05-20 16:26:56.258 D/OpenGLRenderer( 1948): Enabling debug mode 0
05-20 16:26:56.258 W/Binder  (  428): Caught a RuntimeException from the binder stub implementation.
05-20 16:26:56.258 W/Binder  (  428): java.lang.NullPointerException
05-20 16:26:56.258 W/Binder  (  428): 	at android.inputmethodservice.IInputMethodWrapper.setSessionEnabled(IInputMethodWrapper.java:280)
05-20 16:26:56.258 W/Binder  (  428): 	at com.android.internal.view.IInputMethod$Stub.onTransact(IInputMethod.java:129)
05-20 16:26:56.258 W/Binder  (  428): 	at android.os.Binder.execTransact(Binder.java:404)
05-20 16:26:56.258 W/Binder  (  428): 	at dalvik.system.NativeStart.run(Native Method)
05-20 16:26:56.258 W/ContextImpl(  262): Calling a method in the system process without a qualified user: android.app.ContextImpl.sendBroadcast:1123 com.android.server.InputMethodManagerService.hideCurrentInputLocked:1880 com.android.server.InputMethodManagerService.windowGainedFocus:1968 com.android.internal.view.IInputMethodManager$Stub.onTransact:221 com.android.server.InputMethodManagerService.onTransact:818 
05-20 16:26:56.258 W/InputMethodManagerService(  262): Got RemoteException sending setActive(false) notification to pid 1866 uid 10028
05-20 16:26:56.328 I/ActivityManager(  262): Displayed com.rock.xinhuapk/.MainActivity: +923ms
05-20 16:26:56.338 W/DebugConnManager(  465): getNetworkInfo() on networkType 1
05-20 16:26:56.698 V/PanelView(  351): animationTick called with dtms=0; nothing to do (h=0.0 v=4500.0)
05-20 16:26:56.868 I/ActivityManager(  262): START u0 {flg=0x400000 cmp=com.rock.xinhuapk/.IndexActivity} from pid 1948
05-20 16:26:56.868 W/ActivityManager(  262): Activity is launching as a new task, so cancelling activity result.
05-20 16:26:57.018 W/EGL_emulation(  351): eglSurfaceAttrib not implemented 3093 12436
05-20 16:26:57.128 W/WindowManager(  262): updateFocusedWindowLocked, focusedAppToken is null.
05-20 16:26:57.138 D/dalvikvm( 1948): GC_FOR_ALLOC freed 2420K, 44% free 3232K/5716K, paused 3ms, total 3ms
05-20 16:26:57.138 I/dalvikvm-heap( 1948): Grow heap (frag case) to 3.820MB for 635808-byte allocation
05-20 16:26:57.138 D/dalvikvm( 1948): GC_FOR_ALLOC freed <1K, 33% free 3853K/5716K, paused 2ms, total 2ms
05-20 16:26:57.148 D/dalvikvm( 1948): GC_CONCURRENT freed 4K, 32% free 3918K/5716K, paused 2ms+2ms, total 6ms
05-20 16:26:57.168 D/dalvikvm( 1948): GC_CONCURRENT freed 50K, 25% free 4322K/5716K, paused 1ms+0ms, total 4ms
05-20 16:26:57.188 D/dalvikvm( 1948): GC_CONCURRENT freed 300K, 22% free 4469K/5716K, paused 1ms+2ms, total 5ms
05-20 16:26:57.218 D/dalvikvm( 1948): GC_CONCURRENT freed 223K, 17% free 4784K/5716K, paused 3ms+1ms, total 10ms
05-20 16:26:57.218 D/dalvikvm( 1948): WAIT_FOR_CONCURRENT_GC blocked 1ms
05-20 16:26:57.238 V/xiaomi  ( 1393): [Thread:51] JOB: Handle intent action = com.xiaomi.mipush.CLEAR_NOTIFICATION
05-20 16:26:57.238 V/PanelView(  351): animationTick called with dtms=0; nothing to do (h=22.500002 v=-3000.0)
05-20 16:26:57.238 V/PanelView(  351): animationTick called with dtms=0; nothing to do (h=22.500002 v=-3000.0)
05-20 16:26:57.238 V/PanelView(  351): animationTick called with dtms=0; nothing to do (h=22.500002 v=-3000.0)
05-20 16:26:57.238 V/PanelView(  351): animationTick called with dtms=0; nothing to do (h=22.500002 v=-3000.0)
05-20 16:26:57.238 V/PanelView(  351): animationTick called with dtms=0; nothing to do (h=22.500002 v=-3000.0)
05-20 16:26:57.238 V/PanelView(  351): animationTick called with dtms=0; nothing to do (h=22.500002 v=-3000.0)
05-20 16:26:57.238 V/PanelView(  351): animationTick called with dtms=0; nothing to do (h=22.500002 v=-3000.0)
05-20 16:26:57.248 V/PanelView(  351): animationTick called with dtms=0; nothing to do (h=22.500002 v=-3000.0)
05-20 16:26:57.248 V/PanelView(  351): animationTick called with dtms=0; nothing to do (h=22.500002 v=-3000.0)
05-20 16:26:57.248 V/PanelView(  351): animationTick called with dtms=0; nothing to do (h=22.500002 v=-3000.0)
05-20 16:26:57.248 V/PanelView(  351): animationTick called with dtms=0; nothing to do (h=22.500002 v=-3000.0)
05-20 16:26:57.248 V/PanelView(  351): animationTick called with dtms=0; nothing to do (h=22.500002 v=-3000.0)
05-20 16:26:57.248 I/Choreographer(  351): Skipped 30 frames!  The application may be doing too much work on its main thread.
05-20 16:26:57.248 V/PanelView(  351): animationTick called with dtms=-16; nothing to do (h=22.500002 v=-3000.0)
05-20 16:26:57.248 V/xiaomi  ( 1948): [Thread:74] ASSEMBLE_PUSH : assemble push register
05-20 16:26:57.248 V/xiaomi  ( 1948): [Thread:67] empty local vid
05-20 16:26:57.258 D/dalvikvm( 1948): GC_CONCURRENT freed 473K, 15% free 4885K/5716K, paused 2ms+1ms, total 6ms
05-20 16:26:57.258 V/xiaomi  ( 1393): [Thread:51] JOB: Handle intent action = com.xiaomi.mipush.SEND_MESSAGE
05-20 16:26:57.258 V/xiaomi  ( 1393): [Thread:51] try send mi push message. packagename:com.rock.xinhuapk action:Command
05-20 16:26:57.258 V/xiaomi  ( 1393): [Thread:51] JOB: Handle intent action = action_cr_config
05-20 16:26:57.298 V/PanelView(  351): animationTick called with dtms=0; nothing to do (h=22.500002 v=-3000.0)
05-20 16:26:57.298 V/PanelView(  351): animationTick called with dtms=0; nothing to do (h=22.500002 v=-3000.0)
05-20 16:26:57.298 V/PanelView(  351): animationTick called with dtms=-5; nothing to do (h=0.0 v=-3000.0)
05-20 16:26:57.408 W/EGL_emulation( 1948): eglSurfaceAttrib not implemented 3093 12436
05-20 16:26:58.388 W/EGL_emulation(  351): eglSurfaceAttrib not implemented 3093 12436
05-20 16:26:58.788 V/PanelView(  351): animationTick called with dtms=0; nothing to do (h=0.0 v=4500.0)
05-20 16:26:58.788 V/PanelView(  351): animationTick called with dtms=0; nothing to do (h=0.0 v=-0.0)
05-20 16:26:58.788 V/PanelView(  351): animationTick called with dtms=-6; nothing to do (h=0.0 v=-0.0)
05-20 16:26:59.138 I/ActivityManager(  262): Displayed com.rock.xinhuapk/.IndexActivity: +2s11ms
05-20 16:26:59.138 W/ContextImpl(  262): Calling a method in the system process without a qualified user: android.app.ContextImpl.sendBroadcast:1123 com.android.server.InputMethodManagerService.hideCurrentInputLocked:1880 com.android.server.InputMethodManagerService.windowGainedFocus:1968 com.android.internal.view.IInputMethodManager$Stub.onTransact:221 com.android.server.InputMethodManagerService.onTransact:818 
05-20 16:26:59.218 I/ActivityManager(  262): START u0 {cmp=com.rock.xinhuapk/.ChatActivity} from pid 1948
05-20 16:26:59.238 W/InputManager(  262): Input event injection from pid 1937 failed.
05-20 16:26:59.238 W/InputManager(  262): Input event injection from pid 1937 failed.
05-20 16:26:59.238 W/InputManager(  262): Input event injection from pid 1937 failed.
05-20 16:26:59.238 W/InputManager(  262): Input event injection from pid 1937 failed.
05-20 16:26:59.238 W/InputManager(  262): Input event injection from pid 1937 failed.
05-20 16:26:59.238 W/InputManager(  262): Input event injection from pid 1937 failed.
05-20 16:26:59.238 W/InputManager(  262): Input event injection from pid 1937 failed.
05-20 16:26:59.268 D/dalvikvm( 1948): GC_CONCURRENT freed 301K, 10% free 5180K/5716K, paused 5ms+2ms, total 10ms
05-20 16:26:59.288 D/dalvikvm( 1948): GC_FOR_ALLOC freed 232K, 10% free 5423K/6004K, paused 3ms, total 3ms
05-20 16:26:59.288 I/dalvikvm-heap( 1948): Grow heap (frag case) to 5.697MB for 360012-byte allocation
05-20 16:26:59.288 D/dalvikvm( 1948): GC_FOR_ALLOC freed <1K, 10% free 5774K/6356K, paused 4ms, total 4ms
05-20 16:26:59.288 W/InputManager(  262): Input event injection from pid 1937 failed.
05-20 16:26:59.288 W/InputManager(  262): Input event injection from pid 1937 failed.
05-20 16:26:59.288 W/InputManager(  262): Input event injection from pid 1937 failed.
05-20 16:26:59.288 W/InputManager(  262): Input event injection from pid 1937 failed.
05-20 16:26:59.288 W/InputManager(  262): Input event injection from pid 1937 failed.
05-20 16:26:59.288 W/InputManager(  262): Input event injection from pid 1937 failed.
05-20 16:26:59.348 W/EGL_emulation( 1948): eglSurfaceAttrib not implemented 3093 12436
05-20 16:26:59.948 V/PanelView(  351): animationTick called with dtms=0; nothing to do (h=0.0 v=0.0)
05-20 16:27:00.718 V/InputMethodService(  428): onEvaluateInputViewShown: config.hardKeyboardHidden = 1
05-20 16:27:00.718 W/ContextImpl(  262): Calling a method in the system process without a qualified user: android.app.ContextImpl.sendBroadcast:1123 com.android.server.InputMethodManagerService.showCurrentInputLocked:1791 com.android.server.InputMethodManagerService.windowGainedFocus:1985 com.android.internal.view.IInputMethodManager$Stub.onTransact:221 com.android.server.InputMethodManagerService.onTransact:818 
05-20 16:27:00.738 I/ActivityManager(  262): Displayed com.rock.xinhuapk/.ChatActivity: +1s497ms
05-20 16:27:00.918 W/ContextImpl(  262): Calling a method in the system process without a qualified user: android.app.ContextImpl.sendBroadcast:1123 com.android.server.InputMethodManagerService.hideCurrentInputLocked:1880 com.android.server.InputMethodManagerService.hideSoftInput:1843 com.android.internal.view.IInputMethodManager$Stub.onTransact:194 com.android.server.InputMethodManagerService.onTransact:818 
05-20 16:27:01.238 V/InputMethodService(  428): onEvaluateInputViewShown: config.hardKeyboardHidden = 1
05-20 16:27:01.238 W/ContextImpl(  262): Calling a method in the system process without a qualified user: android.app.ContextImpl.sendBroadcast:1123 com.android.server.InputMethodManagerService.showCurrentInputLocked:1791 com.android.server.InputMethodManagerService.showSoftInput:1753 com.android.internal.view.IInputMethodManager$Stub.onTransact:175 com.android.server.InputMethodManagerService.onTransact:818 
05-20 16:27:01.478 V/PanelView(  351): animationTick called with dtms=0; nothing to do (h=0.0 v=0.0)
05-20 16:27:01.478 V/PanelView(  351): animationTick called with dtms=-1; nothing to do (h=0.0 v=0.0)
05-20 16:27:01.718 V/InputMethodService(  428): onEvaluateInputViewShown: config.hardKeyboardHidden = 1
05-20 16:27:01.718 W/ContextImpl(  262): Calling a method in the system process without a qualified user: android.app.ContextImpl.sendBroadcast:1123 com.android.server.InputMethodManagerService.showCurrentInputLocked:1791 com.android.server.InputMethodManagerService.showSoftInput:1753 com.android.internal.view.IInputMethodManager$Stub.onTransact:175 com.android.server.InputMethodManagerService.onTransact:818 
05-20 16:27:02.518 V/PanelView(  351): animationTick called with dtms=0; nothing to do (h=0.0 v=-0.0)
05-20 16:27:02.678 V/InputMethodService(  428): onEvaluateInputViewShown: config.hardKeyboardHidden = 1
05-20 16:27:02.678 W/ContextImpl(  262): Calling a method in the system process without a qualified user: android.app.ContextImpl.sendBroadcast:1123 com.android.server.InputMethodManagerService.showCurrentInputLocked:1791 com.android.server.InputMethodManagerService.showSoftInput:1753 com.android.internal.view.IInputMethodManager$Stub.onTransact:175 com.android.server.InputMethodManagerService.onTransact:818 
05-20 16:27:03.098 V/InputMethodService(  428): onEvaluateInputViewShown: config.hardKeyboardHidden = 1
05-20 16:27:03.098 W/ContextImpl(  262): Calling a method in the system process without a qualified user: android.app.ContextImpl.sendBroadcast:1123 com.android.server.InputMethodManagerService.showCurrentInputLocked:1791 com.android.server.InputMethodManagerService.showSoftInput:1753 com.android.internal.view.IInputMethodManager$Stub.onTransact:175 com.android.server.InputMethodManagerService.onTransact:818 
05-20 16:27:03.168 V/InputMethodService(  428): onEvaluateInputViewShown: config.hardKeyboardHidden = 1
05-20 16:27:03.168 W/ContextImpl(  262): Calling a method in the system process without a qualified user: android.app.ContextImpl.sendBroadcast:1123 com.android.server.InputMethodManagerService.showCurrentInputLocked:1791 com.android.server.InputMethodManagerService.showSoftInput:1753 com.android.internal.view.IInputMethodManager$Stub.onTransact:175 com.android.server.InputMethodManagerService.onTransact:818 
05-20 16:27:03.258 V/InputMethodService(  428): onEvaluateInputViewShown: config.hardKeyboardHidden = 1
05-20 16:27:03.258 W/ContextImpl(  262): Calling a method in the system process without a qualified user: android.app.ContextImpl.sendBroadcast:1123 com.android.server.InputMethodManagerService.showCurrentInputLocked:1791 com.android.server.InputMethodManagerService.showSoftInput:1753 com.android.internal.view.IInputMethodManager$Stub.onTransact:175 com.android.server.InputMethodManagerService.onTransact:818 
05-20 16:27:03.718 V/InputMethodService(  428): onEvaluateInputViewShown: config.hardKeyboardHidden = 1
05-20 16:27:03.718 W/ContextImpl(  262): Calling a method in the system process without a qualified user: android.app.ContextImpl.sendBroadcast:1123 com.android.server.InputMethodManagerService.showCurrentInputLocked:1791 com.android.server.InputMethodManagerService.showSoftInput:1753 com.android.internal.view.IInputMethodManager$Stub.onTransact:175 com.android.server.InputMethodManagerService.onTransact:818 
05-20 16:27:04.638 V/PanelView(  351): animationTick called with dtms=0; nothing to do (h=0.0 v=-0.0)
05-20 16:27:04.748 W/ContextImpl(  262): Calling a method in the system process without a qualified user: android.app.ContextImpl.sendBroadcast:1123 com.android.server.InputMethodManagerService.hideCurrentInputLocked:1880 com.android.server.InputMethodManagerService.hideSoftInput:1843 com.android.internal.view.IInputMethodManager$Stub.onTransact:194 com.android.server.InputMethodManagerService.onTransact:818 
05-20 16:27:04.868 V/PanelView(  351): animationTick called with dtms=0; nothing to do (h=0.0 v=-0.0)
05-20 16:27:05.428 V/PanelView(  351): animationTick called with dtms=0; nothing to do (h=0.0 v=0.0)
05-20 16:27:05.578 I/AndroidRuntime( 1937): VM exiting with result code 0.
05-20 16:27:12.748 D/SettingsProvider(  262): User 0 external modification to /data/data/com.android.providers.settings/databases/settings.db; event=8
05-20 16:27:12.748 D/SettingsProvider(  262): User 0 updating our caches for /data/data/com.android.providers.settings/databases/settings.db
05-20 16:34:57.668 V/xiaomi  ( 1393): [Thread:51] JOB: Handle intent action = com.xiaomi.push.timer
05-20 16:34:57.668 V/xiaomi  ( 1393): [Thread:51] Service called on timer
05-20 16:34:57.668 V/xiaomi  ( 1393): [Thread:51] [Slim] SND ping id=0
05-20 16:34:57.668 D/ConnectivityService(  262): Sampling interval elapsed, updating statistics ..
05-20 16:34:57.668 D/ConnectivityService(  262): Done.
05-20 16:34:57.668 D/ConnectivityService(  262): Setting timer for 720seconds
05-20 16:34:57.718 V/xiaomi  ( 1393): [Thread:60] [Slim] RCV ping id=0
05-20 16:34:57.728 V/xiaomi  ( 1393): [Thread:51] TinyData TinyDataCacheProcessor.pingFollowUpAction ts:1621499697728
05-20 16:34:57.728 V/xiaomi  ( 1393): [Thread:51] TinyData TinyDataCacheProcessor.pingFollowUpAction !canUpload(uploader) ts:1621499697729
05-20 16:35:07.668 V/xiaomi  ( 1393): [Thread:51] JOB: check the ping-pong.1621499697673
05-20 16:38:07.708 I/ActivityManager(  262): START u0 {act=android.intent.action.MAIN cat=[android.intent.category.HOME] flg=0x10200000 cmp=com.vphone.launcher/.Launcher} from pid 262
05-20 16:38:07.728 D/dalvikvm(  262): GC_FOR_ALLOC freed 2101K, 45% free 11790K/21176K, paused 7ms, total 7ms
05-20 16:38:07.768 W/EGL_emulation(  465): eglSurfaceAttrib not implemented 3093 12436
05-20 16:38:07.768 W/ContextImpl(  262): Calling a method in the system process without a qualified user: android.app.ContextImpl.sendBroadcast:1123 com.android.server.InputMethodManagerService.hideCurrentInputLocked:1880 com.android.server.InputMethodManagerService.windowGainedFocus:1968 com.android.internal.view.IInputMethodManager$Stub.onTransact:221 com.android.server.InputMethodManagerService.onTransact:818 
05-20 16:38:07.868 D/AndroidRuntime( 2117): 
05-20 16:38:07.868 D/AndroidRuntime( 2117): >>>>>> AndroidRuntime START com.android.internal.os.RuntimeInit <<<<<<
05-20 16:38:07.968 D/AndroidRuntime( 2117): CheckJNI is OFF
05-20 16:38:07.968 D/dalvikvm( 2117): Using executionMode 2
05-20 16:38:07.968 D/dalvikvm( 2117): Trying to load lib libjavacore.so 0x0
05-20 16:38:07.968 D/dalvikvm( 2117): Added shared lib libjavacore.so 0x0
05-20 16:38:07.968 D/dalvikvm( 2117): Trying to load lib libnativehelper.so 0x0
05-20 16:38:07.968 D/dalvikvm( 2117): Added shared lib libnativehelper.so 0x0
05-20 16:38:07.968 D/dalvikvm( 2117): No JNI_OnLoad found in libnativehelper.so 0x0, skipping init
05-20 16:38:07.998 D/dalvikvm( 2117): Note: class Landroid/app/ActivityManagerNative; has 179 unimplemented (abstract) methods
05-20 16:38:08.048 E/memtrack( 2117): Couldn't load memtrack module (No such file or directory)
05-20 16:38:08.048 E/android.os.Debug( 2117): failed to load memtrack module: -2
05-20 16:38:08.058 D/AndroidRuntime( 2117): Calling main entry com.android.commands.pm.Pm
05-20 16:38:08.078 D/AndroidRuntime( 2117): Shutting down VM
05-20 16:38:08.078 E/cutils-trace( 2117): Error opening trace file: No such file or directory (2)
05-20 16:38:08.078 D/dalvikvm( 2117): GC_CONCURRENT freed 150K, 22% free 567K/720K, paused 0ms+0ms, total 2ms
05-20 16:38:08.328 I/Choreographer(  465): Skipped 31 frames!  The application may be doing too much work on its main thread.
05-20 16:38:08.358 I/ActivityManager(  262): START u0 {act=android.intent.action.MAIN cat=[android.intent.category.HOME] flg=0x10200000 cmp=com.vphone.launcher/.Launcher} from pid 262
05-20 16:38:08.368 W/ContextImpl(  262): Calling a method in the system process without a qualified user: android.app.ContextImpl.sendBroadcast:1123 com.android.server.InputMethodManagerService.hideCurrentInputLocked:1880 com.android.server.InputMethodManagerService.hideSoftInput:1843 com.android.internal.view.IInputMethodManager$Stub.onTransact:194 com.android.server.InputMethodManagerService.onTransact:818 
05-20 16:38:08.878 E/EGL_emulation( 1948): egl: destroying current context refused
05-20 16:38:08.878 W/libEGL  ( 1948): eglTerminate() called w/ 1 objects remaining
05-20 16:39:47.678 W/PropertyValuesHolder(  465): Method setBrightness() with type int not found on target class class mh
05-20 16:39:47.678 W/PropertyValuesHolder(  465): Method getBrightness() with type int not found on target class class mh
05-20 16:39:47.688 I/ActivityManager(  262): START u0 {act=android.intent.action.MAIN cat=[android.intent.category.LAUNCHER] flg=0x10200000 cmp=com.zzb.memoryleak/.MainActivity bnds=[957,299][1168,425] (has extras)} from pid 465
05-20 16:39:47.688 W/ContextImpl(  465): Calling a method in the system process without a qualified user: android.app.ContextImpl.sendBroadcast:1137 android.content.ContextWrapper.sendBroadcast:370 com.vphone.launcher.Stats.recordLaunch:129 com.vphone.launcher.Launcher.c:3179 com.vphone.launcher.Launcher.onClickAppShortcut:3117 
05-20 16:39:47.708 I/ActivityManager(  262): Start proc com.zzb.memoryleak for activity com.zzb.memoryleak/.MainActivity: pid=2141 uid=10030 gids={50030}
05-20 16:39:47.718 I/dalvikvm( 2141): ignoring registerObject request in thread=1
05-20 16:39:47.718 I/dalvikvm( 2141): ignoring registerObject request in thread=1
05-20 16:39:47.728 W/DebugConnManager(  465): getNetworkInfo() on networkType 1
05-20 16:39:47.748 W/dalvikvm( 2141): VFY: unable to find class referenced in signature (Landroid/view/SearchEvent;)
05-20 16:39:47.748 I/dalvikvm( 2141): Could not find method android.view.Window$Callback.onSearchRequested, referenced from method android.support.v7.internal.view.WindowCallbackWrapper.onSearchRequested
05-20 16:39:47.748 W/dalvikvm( 2141): VFY: unable to resolve interface method 14044: Landroid/view/Window$Callback;.onSearchRequested (Landroid/view/SearchEvent;)Z
05-20 16:39:47.748 D/dalvikvm( 2141): VFY: replacing opcode 0x72 at 0x0002
05-20 16:39:47.748 I/dalvikvm( 2141): Could not find method android.view.Window$Callback.onWindowStartingActionMode, referenced from method android.support.v7.internal.view.WindowCallbackWrapper.onWindowStartingActionMode
05-20 16:39:47.748 W/dalvikvm( 2141): VFY: unable to resolve interface method 14048: Landroid/view/Window$Callback;.onWindowStartingActionMode (Landroid/view/ActionMode$Callback;I)Landroid/view/ActionMode;
05-20 16:39:47.748 D/dalvikvm( 2141): VFY: replacing opcode 0x72 at 0x0002
05-20 16:39:47.768 I/dalvikvm( 2141): Could not find method android.content.res.TypedArray.getChangingConfigurations, referenced from method android.support.v7.internal.widget.TintTypedArray.getChangingConfigurations
05-20 16:39:47.768 W/dalvikvm( 2141): VFY: unable to resolve virtual method 409: Landroid/content/res/TypedArray;.getChangingConfigurations ()I
05-20 16:39:47.768 D/dalvikvm( 2141): VFY: replacing opcode 0x6e at 0x0002
05-20 16:39:47.768 I/dalvikvm( 2141): Could not find method android.content.res.TypedArray.getType, referenced from method android.support.v7.internal.widget.TintTypedArray.getType
05-20 16:39:47.768 W/dalvikvm( 2141): VFY: unable to resolve virtual method 431: Landroid/content/res/TypedArray;.getType (I)I
05-20 16:39:47.768 D/dalvikvm( 2141): VFY: replacing opcode 0x6e at 0x0002
05-20 16:39:47.778 I/System.out( 2141): true
05-20 16:39:47.778 I/System.out( 2141): true
05-20 16:39:47.808 W/ContextImpl(  262): Calling a method in the system process without a qualified user: android.app.ContextImpl.sendBroadcast:1123 com.android.server.InputMethodManagerService.hideCurrentInputLocked:1880 com.android.server.InputMethodManagerService.windowGainedFocus:1968 com.android.internal.view.IInputMethodManager$Stub.onTransact:221 com.android.server.InputMethodManagerService.onTransact:818 
05-20 16:39:47.878 D/        ( 2141): HostConnection::get() New Host Connection established 0xb87d6770, tid 2141
05-20 16:39:47.928 D/AndroidRuntime( 2153): 
05-20 16:39:47.928 D/AndroidRuntime( 2153): >>>>>> AndroidRuntime START com.android.internal.os.RuntimeInit <<<<<<
05-20 16:39:48.048 D/AndroidRuntime( 2153): CheckJNI is OFF
05-20 16:39:48.048 D/dalvikvm( 2153): Using executionMode 2
05-20 16:39:48.048 D/dalvikvm( 2153): Trying to load lib libjavacore.so 0x0
05-20 16:39:48.048 D/dalvikvm( 2153): Added shared lib libjavacore.so 0x0
05-20 16:39:48.048 D/dalvikvm( 2153): Trying to load lib libnativehelper.so 0x0
05-20 16:39:48.058 D/dalvikvm( 2153): Added shared lib libnativehelper.so 0x0
05-20 16:39:48.058 D/dalvikvm( 2153): No JNI_OnLoad found in libnativehelper.so 0x0, skipping init
05-20 16:39:48.068 D/dalvikvm( 2153): Note: class Landroid/app/ActivityManagerNative; has 179 unimplemented (abstract) methods
05-20 16:39:48.078 I/ActivityManager(  262): Displayed com.zzb.memoryleak/.MainActivity: +384ms
05-20 16:39:48.128 E/memtrack( 2153): Couldn't load memtrack module (No such file or directory)
05-20 16:39:48.128 E/android.os.Debug( 2153): failed to load memtrack module: -2
05-20 16:39:48.148 D/AndroidRuntime( 2153): Calling main entry com.android.commands.pm.Pm
05-20 16:39:48.148 D/AndroidRuntime( 2153): Shutting down VM
05-20 16:39:48.148 E/cutils-trace( 2153): Error opening trace file: No such file or directory (2)
05-20 16:39:48.148 D/dalvikvm( 2153): GC_CONCURRENT freed 150K, 22% free 567K/720K, paused 0ms+1ms, total 1ms
05-20 16:39:49.868 D/AndroidRuntime( 2141): Shutting down VM
05-20 16:39:49.868 W/dalvikvm( 2141): threadid=1: thread exiting with uncaught exception (group=0x94c18b20)
05-20 16:39:49.868 D/dalvikvm( 2141): JIT code cache reset in 0 ms (0 bytes 1/0)
05-20 16:39:49.868 D/dalvikvm( 2141): GC_CONCURRENT freed 206K, 9% free 3031K/3296K, paused 3ms+1ms, total 6ms
05-20 16:39:49.868 E/AndroidRuntime( 2141): FATAL EXCEPTION: main
05-20 16:39:49.868 E/AndroidRuntime( 2141): Process: com.zzb.memoryleak, PID: 2141
05-20 16:39:49.868 E/AndroidRuntime( 2141): java.lang.IllegalStateException: Could not execute method of the activity
05-20 16:39:49.868 E/AndroidRuntime( 2141): 	at android.view.View$1.onClick(View.java:3823)
05-20 16:39:49.868 E/AndroidRuntime( 2141): 	at android.view.View.performClick(View.java:4438)
05-20 16:39:49.868 E/AndroidRuntime( 2141): 	at android.view.View$PerformClick.run(View.java:18422)
05-20 16:39:49.868 E/AndroidRuntime( 2141): 	at android.os.Handler.handleCallback(Handler.java:733)
05-20 16:39:49.868 E/AndroidRuntime( 2141): 	at android.os.Handler.dispatchMessage(Handler.java:95)
05-20 16:39:49.868 E/AndroidRuntime( 2141): 	at android.os.Looper.loop(Looper.java:136)
05-20 16:39:49.868 E/AndroidRuntime( 2141): 	at android.app.ActivityThread.main(ActivityThread.java:5019)
05-20 16:39:49.868 E/AndroidRuntime( 2141): 	at java.lang.reflect.Method.invokeNative(Native Method)
05-20 16:39:49.868 E/AndroidRuntime( 2141): 	at java.lang.reflect.Method.invoke(Method.java:515)
05-20 16:39:49.868 E/AndroidRuntime( 2141): 	at com.android.internal.os.ZygoteInit$MethodAndArgsCaller.run(ZygoteInit.java:779)
05-20 16:39:49.868 E/AndroidRuntime( 2141): 	at com.android.internal.os.ZygoteInit.main(ZygoteInit.java:595)
05-20 16:39:49.868 E/AndroidRuntime( 2141): 	at dalvik.system.NativeStart.main(Native Method)
05-20 16:39:49.868 E/AndroidRuntime( 2141): Caused by: java.lang.reflect.InvocationTargetException
05-20 16:39:49.868 E/AndroidRuntime( 2141): 	at java.lang.reflect.Method.invokeNative(Native Method)
05-20 16:39:49.868 E/AndroidRuntime( 2141): 	at java.lang.reflect.Method.invoke(Method.java:515)
05-20 16:39:49.868 E/AndroidRuntime( 2141): 	at android.view.View$1.onClick(View.java:3818)
05-20 16:39:49.868 E/AndroidRuntime( 2141): 	... 11 more
05-20 16:39:49.868 E/AndroidRuntime( 2141): Caused by: java.lang.ArrayIndexOutOfBoundsException: length=3; index=3
05-20 16:39:49.868 E/AndroidRuntime( 2141): 	at com.zzb.memoryleak.MainActivity.causeCrash(MainActivity.java:63)
05-20 16:39:49.868 E/AndroidRuntime( 2141): 	at com.zzb.memoryleak.MainActivity.onClick(MainActivity.java:45)
05-20 16:39:49.868 E/AndroidRuntime( 2141): 	... 14 more
05-20 16:39:49.868 W/ActivityManager(  262):   Force finishing activity com.zzb.memoryleak/.MainActivity
05-20 16:39:49.898 W/WindowManager(  262): updateFocusedWindowLocked, focusedAppToken is null.
05-20 16:39:50.398 W/ActivityManager(  262): Activity pause timeout for ActivityRecord{4b00149c u0 com.zzb.memoryleak/.MainActivity t7 f}
05-20 16:39:50.418 D/dalvikvm(  465): GC_FOR_ALLOC freed 4516K, 12% free 24118K/27292K, paused 11ms, total 11ms
05-20 16:39:50.428 W/EGL_emulation(  465): eglSurfaceAttrib not implemented 3093 12436
05-20 16:39:50.968 I/Choreographer(  465): Skipped 30 frames!  The application may be doing too much work on its main thread.
05-20 16:39:52.808 I/Process ( 2141): Sending signal. PID: 2141 SIG: 9
05-20 16:39:52.808 W/ContextImpl(  262): Calling a method in the system process without a qualified user: android.app.ContextImpl.sendBroadcast:1123 com.android.server.am.ActivityManagerService.handleApplicationCrashInner:9670 com.android.server.am.ActivityManagerService.handleApplicationCrash:9644 android.app.ActivityManagerNative.onTransact:1311 com.android.server.am.ActivityManagerService.onTransact:2071 
05-20 16:39:52.818 W/InputDispatcher(  262): channel '4aa27004 com.zzb.memoryleak/com.zzb.memoryleak.MainActivity (server)' ~ Consumer closed input channel or an error occurred.  events=0x9
05-20 16:39:52.818 E/InputDispatcher(  262): channel '4aa27004 com.zzb.memoryleak/com.zzb.memoryleak.MainActivity (server)' ~ Channel is unrecoverably broken and will be disposed!
05-20 16:39:52.818 W/InputDispatcher(  262): Attempted to unregister already unregistered input channel '4aa27004 com.zzb.memoryleak/com.zzb.memoryleak.MainActivity (server)'
05-20 16:39:52.818 W/Binder  (  428): Caught a RuntimeException from the binder stub implementation.
05-20 16:39:52.818 W/Binder  (  428): java.lang.NullPointerException
05-20 16:39:52.818 W/Binder  (  428): 	at android.inputmethodservice.IInputMethodWrapper.setSessionEnabled(IInputMethodWrapper.java:280)
05-20 16:39:52.818 W/Binder  (  428): 	at com.android.internal.view.IInputMethod$Stub.onTransact(IInputMethod.java:129)
05-20 16:39:52.818 W/Binder  (  428): 	at android.os.Binder.execTransact(Binder.java:404)
05-20 16:39:52.818 W/Binder  (  428): 	at dalvik.system.NativeStart.run(Native Method)
05-20 16:39:52.818 I/ActivityManager(  262): Process com.zzb.memoryleak (pid 2141) has died.
05-20 16:39:52.818 I/WindowState(  262): WIN DEATH: Window{4aa27004 u0 com.zzb.memoryleak/com.zzb.memoryleak.MainActivity}
05-20 16:39:52.818 W/ContextImpl(  262): Calling a method in the system process without a qualified user: android.app.ContextImpl.sendBroadcast:1123 com.android.server.InputMethodManagerService.hideCurrentInputLocked:1880 com.android.server.InputMethodManagerService.windowGainedFocus:1968 com.android.internal.view.IInputMethodManager$Stub.onTransact:221 com.android.server.InputMethodManagerService.onTransact:818 
05-20 16:39:52.818 W/InputMethodManagerService(  262): Got RemoteException sending setActive(false) notification to pid 2141 uid 10030
05-20 16:39:52.968 D/AndroidRuntime( 2168): 
05-20 16:39:52.968 D/AndroidRuntime( 2168): >>>>>> AndroidRuntime START com.android.internal.os.RuntimeInit <<<<<<
05-20 16:39:53.078 D/AndroidRuntime( 2168): CheckJNI is OFF
05-20 16:39:53.078 D/dalvikvm( 2168): Using executionMode 2
05-20 16:39:53.078 D/dalvikvm( 2168): Trying to load lib libjavacore.so 0x0
05-20 16:39:53.078 D/dalvikvm( 2168): Added shared lib libjavacore.so 0x0
05-20 16:39:53.088 D/dalvikvm( 2168): Trying to load lib libnativehelper.so 0x0
05-20 16:39:53.088 D/dalvikvm( 2168): Added shared lib libnativehelper.so 0x0
05-20 16:39:53.088 D/dalvikvm( 2168): No JNI_OnLoad found in libnativehelper.so 0x0, skipping init
05-20 16:39:53.098 D/dalvikvm( 2168): Note: class Landroid/app/ActivityManagerNative; has 179 unimplemented (abstract) methods
05-20 16:39:53.148 E/memtrack( 2168): Couldn't load memtrack module (No such file or directory)
05-20 16:39:53.148 E/android.os.Debug( 2168): failed to load memtrack module: -2
05-20 16:39:53.158 D/AndroidRuntime( 2168): Calling main entry com.android.commands.pm.Pm
05-20 16:39:53.178 D/AndroidRuntime( 2168): Shutting down VM
05-20 16:39:53.178 E/cutils-trace( 2168): Error opening trace file: No such file or directory (2)
05-20 16:39:53.178 D/dalvikvm( 2168): GC_CONCURRENT freed 150K, 22% free 567K/720K, paused 0ms+0ms, total 0ms
