05-20 16:03:32.748 D/AndroidRuntime( 1464): >>>>>> AndroidRuntime START com.android.internal.os.RuntimeInit <<<<<<
05-20 16:03:32.858 D/AndroidRuntime( 1464): CheckJNI is OFF
05-20 16:03:32.858 D/dalvikvm( 1464): Using executionMode 2
05-20 16:03:32.858 D/dalvikvm( 1464): Trying to load lib libjavacore.so 0x0
05-20 16:03:32.858 D/dalvikvm( 1464): Added shared lib libjavacore.so 0x0
05-20 16:03:32.858 D/dalvikvm( 1464): Trying to load lib libnativehelper.so 0x0
05-20 16:03:32.858 D/dalvikvm( 1464): Added shared lib libnativehelper.so 0x0
05-20 16:03:32.858 D/dalvikvm( 1464): No JNI_OnLoad found in libnativehelper.so 0x0, skipping init
05-20 16:03:32.878 D/dalvikvm( 1464): Note: class Landroid/app/ActivityManagerNative; has 179 unimplemented (abstract) methods
05-20 16:03:32.928 E/memtrack( 1464): Couldn't load memtrack module (No such file or directory)
05-20 16:03:32.928 E/android.os.Debug( 1464): failed to load memtrack module: -2
05-20 16:03:32.948 D/AndroidRuntime( 1464): Calling main entry com.android.commands.pm.Pm
05-20 16:03:32.948 D/AndroidRuntime( 1464): Shutting down VM
05-20 16:03:32.958 E/cutils-trace( 1464): Error opening trace file: No such file or directory (2)
05-20 16:03:32.958 D/dalvikvm( 1464): GC_CONCURRENT freed 150K, 22% free 567K/720K, paused 0ms+0ms, total 1ms
05-20 16:03:33.168 D/dalvikvm(  262): GC_FOR_ALLOC freed 572K, 13% free 6463K/7388K, paused 7ms, total 7ms
05-20 16:03:33.318 I/Choreographer(  465): Skipped 38 frames!  The application may be doing too much work on its main thread.
05-20 16:03:34.758 W/PropertyValuesHolder(  465): Method setBrightness() with type int not found on target class class mh
05-20 16:03:34.758 W/PropertyValuesHolder(  465): Method getBrightness() with type int not found on target class class mh
05-20 16:03:34.788 I/ActivityManager(  262): START u0 {act=android.intent.action.MAIN cat=[android.intent.category.LAUNCHER] flg=0x10200000 cmp=com.rock.xinhuapk/.MainActivity bnds=[746,299][957,425] (has extras)} from pid 465
05-20 16:03:34.788 W/ContextImpl(  465): Calling a method in the system process without a qualified user: android.app.ContextImpl.sendBroadcast:1137 android.content.ContextWrapper.sendBroadcast:370 com.vphone.launcher.Stats.recordLaunch:129 com.vphone.launcher.Launcher.c:3179 com.vphone.launcher.Launcher.onClickAppShortcut:3117 
05-20 16:03:34.958 W/EGL_emulation( 1362): eglSurfaceAttrib not implemented 3093 12436
05-20 16:03:34.988 D/AndroidRuntime( 1485): 
05-20 16:03:34.988 D/AndroidRuntime( 1485): >>>>>> AndroidRuntime START com.android.internal.os.RuntimeInit <<<<<<
05-20 16:03:35.108 D/AndroidRuntime( 1485): CheckJNI is OFF
05-20 16:03:35.108 D/dalvikvm( 1485): Using executionMode 2
05-20 16:03:35.108 D/dalvikvm( 1485): Trying to load lib libjavacore.so 0x0
05-20 16:03:35.108 D/dalvikvm( 1485): Added shared lib libjavacore.so 0x0
05-20 16:03:35.108 D/dalvikvm( 1485): Trying to load lib libnativehelper.so 0x0
05-20 16:03:35.108 D/dalvikvm( 1485): Added shared lib libnativehelper.so 0x0
05-20 16:03:35.108 D/dalvikvm( 1485): No JNI_OnLoad found in libnativehelper.so 0x0, skipping init
05-20 16:03:35.128 D/dalvikvm( 1485): Note: class Landroid/app/ActivityManagerNative; has 179 unimplemented (abstract) methods
05-20 16:03:35.178 E/memtrack( 1485): Couldn't load memtrack module (No such file or directory)
05-20 16:03:35.178 E/android.os.Debug( 1485): failed to load memtrack module: -2
05-20 16:03:35.198 D/AndroidRuntime( 1485): Calling main entry com.android.commands.pm.Pm
05-20 16:03:35.208 D/AndroidRuntime( 1485): Shutting down VM
05-20 16:03:35.208 E/cutils-trace( 1485): Error opening trace file: No such file or directory (2)
05-20 16:03:35.208 D/dalvikvm( 1485): GC_CONCURRENT freed 150K, 22% free 567K/720K, paused 0ms+0ms, total 1ms
05-20 16:03:35.278 W/ContextImpl(  262): Calling a method in the system process without a qualified user: android.app.ContextImpl.sendBroadcast:1123 com.android.server.InputMethodManagerService.hideCurrentInputLocked:1880 com.android.server.InputMethodManagerService.windowGainedFocus:1968 com.android.internal.view.IInputMethodManager$Stub.onTransact:221 com.android.server.InputMethodManagerService.onTransact:818 
05-20 16:03:35.578 W/DebugConnManager(  465): getNetworkInfo() on networkType 1
05-20 16:03:37.468 V/xiaomi  ( 1393): [Thread:51] JOB: Handle intent action = com.xiaomi.mipush.CLEAR_NOTIFICATION
05-20 16:03:37.498 W/EGL_emulation( 1362): eglSurfaceAttrib not implemented 3093 12436
05-20 16:03:37.498 W/ActivityManager(  262): Duplicate finish request for ActivityRecord{4a96a44c u0 com.rock.xinhuapk/.ChatActivity t3 f}
05-20 16:03:37.498 W/ContextImpl(  262): Calling a method in the system process without a qualified user: android.app.ContextImpl.sendBroadcast:1123 com.android.server.InputMethodManagerService.hideCurrentInputLocked:1880 com.android.server.InputMethodManagerService.windowGainedFocus:1968 com.android.internal.view.IInputMethodManager$Stub.onTransact:221 com.android.server.InputMethodManagerService.onTransact:818 
05-20 16:03:48.698 D/AndroidRuntime( 1497): 
05-20 16:03:48.698 D/AndroidRuntime( 1497): >>>>>> AndroidRuntime START com.android.internal.os.RuntimeInit <<<<<<
05-20 16:03:48.808 D/AndroidRuntime( 1497): CheckJNI is OFF
05-20 16:03:48.808 D/dalvikvm( 1497): Using executionMode 2
05-20 16:03:48.808 D/dalvikvm( 1497): Trying to load lib libjavacore.so 0x0
05-20 16:03:48.808 D/dalvikvm( 1497): Added shared lib libjavacore.so 0x0
05-20 16:03:48.808 D/dalvikvm( 1497): Trying to load lib libnativehelper.so 0x0
05-20 16:03:48.808 D/dalvikvm( 1497): Added shared lib libnativehelper.so 0x0
05-20 16:03:48.808 D/dalvikvm( 1497): No JNI_OnLoad found in libnativehelper.so 0x0, skipping init
05-20 16:03:48.828 D/dalvikvm( 1497): Note: class Landroid/app/ActivityManagerNative; has 179 unimplemented (abstract) methods
05-20 16:03:48.878 E/memtrack( 1497): Couldn't load memtrack module (No such file or directory)
05-20 16:03:48.878 E/android.os.Debug( 1497): failed to load memtrack module: -2
05-20 16:03:48.898 D/AndroidRuntime( 1497): Calling main entry com.android.commands.monkey.Monkey
05-20 16:03:48.898 W/BroadcastQueue(  262): Skipping deliver [background] BroadcastRecord{4a9642a8 u-1 android.net.conn.CONNECTIVITY_CHANGE} to ReceiverList{4a9641d0 1497 (unknown name)/0/u-1 remote:4a9640e4}: process crashing
05-20 16:03:48.908 I/ActivityManager(  262): START u0 {act=android.intent.action.MAIN cat=[android.intent.category.LAUNCHER] flg=0x10200000 cmp=com.rock.xinhuapk/.MainActivity} from pid 1497
05-20 16:03:48.908 I/ActivityManager(  262): START u0 {act=android.intent.action.MAIN cat=[android.intent.category.LAUNCHER] flg=0x10200000 cmp=com.rock.xinhuapk/.MainActivity} from pid 1497
05-20 16:03:48.938 I/ActivityManager(  262): START u0 {cmp=com.rock.xinhuapk/.YingActivity (has extras)} from pid 1362
05-20 16:03:48.968 D/dalvikvm(  262): GC_CONCURRENT freed 639K, 11% free 6624K/7388K, paused 1ms+2ms, total 11ms
05-20 16:03:48.968 V/WebViewChromium( 1362): Binding Chromium to the background looper Looper (main, tid 1) {4a771374}
05-20 16:03:48.978 I/chromium( 1362): [INFO:library_loader_hooks.cc(112)] Chromium logging enabled: level = 0, default verbosity = 0
05-20 16:03:48.978 I/BrowserProcessMain( 1362): Initializing chromium process, renderers=0
05-20 16:03:48.978 W/chromium( 1362): [WARNING:proxy_service.cc(888)] PAC support disabled because there is no system implementation
05-20 16:03:49.038 D/        (  262): HostConnection::get() New Host Connection established 0xb87dcd70, tid 262
05-20 16:03:49.348 W/EGL_emulation( 1362): eglSurfaceAttrib not implemented 3093 12436
05-20 16:03:49.348 W/ViewRootImpl( 1362): Dropping event due to no window focus: KeyEvent { action=ACTION_DOWN, keyCode=KEYCODE_F1, scanCode=0, metaState=0, flags=0x8, repeatCount=0, eventTime=531673, downTime=531673, deviceId=-1, source=0x101 }
05-20 16:03:49.348 W/ViewRootImpl( 1362): Dropping event due to no window focus: KeyEvent { action=ACTION_DOWN, keyCode=KEYCODE_DPAD_LEFT, scanCode=0, metaState=0, flags=0x8, repeatCount=0, eventTime=531687, downTime=531687, deviceId=-1, source=0x101 }
05-20 16:03:49.348 I/ActivityManager(  262): START u0 {act=android.intent.action.MAIN cat=[android.intent.category.LAUNCHER] flg=0x10200000 cmp=com.rock.xinhuapk/.MainActivity} from pid 1497
05-20 16:03:49.348 W/ContextImpl(  262): Calling a method in the system process without a qualified user: android.app.ContextImpl.sendBroadcast:1123 com.android.server.InputMethodManagerService.hideCurrentInputLocked:1880 com.android.server.InputMethodManagerService.windowGainedFocus:1995 com.android.internal.view.IInputMethodManager$Stub.onTransact:221 com.android.server.InputMethodManagerService.onTransact:818 
05-20 16:03:49.368 D/dalvikvm( 1362): GC_FOR_ALLOC freed 150K, 5% free 6306K/6624K, paused 5ms, total 5ms
05-20 16:03:49.378 I/dalvikvm-heap( 1362): Grow heap (frag case) to 9.180MB for 3107852-byte allocation
05-20 16:03:49.388 D/dalvikvm( 1362): GC_FOR_ALLOC freed <1K, 4% free 9341K/9660K, paused 4ms, total 4ms
05-20 16:03:49.388 W/SQLiteConnectionPool( 1362): A SQLiteConnection object for database '/data/data/com.rock.xinhuapk/databases/rockxinhuapk' was leaked!  Please fix your application to end transactions in progress properly and to close the database when it is no longer needed.
05-20 16:03:49.388 W/AwContents( 1362): nativeOnDraw failed; clearing to background color.
05-20 16:03:49.398 D/dalvikvm( 1362): GC_CONCURRENT freed 46K, 4% free 9298K/9660K, paused 3ms+0ms, total 9ms
05-20 16:03:49.578 V/xiaomi  ( 1393): [Thread:51] JOB: Handle intent action = com.xiaomi.mipush.CLEAR_NOTIFICATION
05-20 16:03:49.578 W/ViewRootImpl( 1362): Dropping event due to no window focus: KeyEvent { action=ACTION_DOWN, keyCode=KEYCODE_DPAD_CENTER, scanCode=0, metaState=0, flags=0x8, repeatCount=0, eventTime=531912, downTime=531912, deviceId=-1, source=0x101 }
05-20 16:03:49.608 I/AndroidRuntime( 1497): VM exiting with result code 0.
05-20 16:03:49.648 W/ViewRootImpl( 1362): Dropping event due to no window focus: MotionEvent { action=ACTION_MOVE, id[0]=0, x[0]=-5.0, y[0]=1.0, toolType[0]=TOOL_TYPE_UNKNOWN, buttonState=0, metaState=0, flags=0x0, edgeFlags=0x0, pointerCount=1, historySize=17, eventTime=531922, downTime=-1, deviceId=0, source=0x10004 }
05-20 16:03:49.648 W/ContextImpl(  262): Calling a method in the system process without a qualified user: android.app.ContextImpl.sendBroadcast:1123 com.android.server.InputMethodManagerService.hideCurrentInputLocked:1880 com.android.server.InputMethodManagerService.windowGainedFocus:1968 com.android.internal.view.IInputMethodManager$Stub.onTransact:221 com.android.server.InputMethodManagerService.onTransact:818 
05-20 16:03:49.658 I/chromium( 1362): [INFO:simple_index_file.cc(397)] Simple Cache Index is being restored from disk.
05-20 16:03:49.698 E/WindowManager( 1362): 
05-20 16:03:49.698 E/WindowManager( 1362): android.view.WindowLeaked: Activity com.rock.xinhuapk.YingActivity has leaked window com.android.internal.policy.impl.PhoneWindow$DecorView{4a86a9fc V.E..... R.....ID 0,0-832,150} that was originally added here
05-20 16:03:49.698 E/WindowManager( 1362): 	at android.view.ViewRootImpl.<init>(ViewRootImpl.java:348)
05-20 16:03:49.698 E/WindowManager( 1362): 	at android.view.WindowManagerGlobal.addView(WindowManagerGlobal.java:248)
05-20 16:03:49.698 E/WindowManager( 1362): 	at android.view.WindowManagerImpl.addView(WindowManagerImpl.java:69)
05-20 16:03:49.698 E/WindowManager( 1362): 	at android.app.Dialog.show(Dialog.java:286)
05-20 16:03:49.698 E/WindowManager( 1362): 	at com.view.ProgressDialogXinhu.show(ProgressDialogXinhu.java:56)
05-20 16:03:49.698 E/WindowManager( 1362): 	at com.rock.xinhuapk.WebActivity$2.onPageStarted(WebActivity.java:114)
05-20 16:03:49.698 E/WindowManager( 1362): 	at com.android.webview.chromium.WebViewContentsClientAdapter.onPageStarted(WebViewContentsClientAdapter.java:438)
05-20 16:03:49.698 E/WindowManager( 1362): 	at com.android.org.chromium.android_webview.AwContentsClientCallbackHelper$1.handleMessage(AwContentsClientCallbackHelper.java:100)
05-20 16:03:49.698 E/WindowManager( 1362): 	at android.os.Handler.dispatchMessage(Handler.java:102)
05-20 16:03:49.698 E/WindowManager( 1362): 	at android.os.Looper.loop(Looper.java:136)
05-20 16:03:49.698 E/WindowManager( 1362): 	at android.app.ActivityThread.main(ActivityThread.java:5019)
05-20 16:03:49.698 E/WindowManager( 1362): 	at java.lang.reflect.Method.invokeNative(Native Method)
05-20 16:03:49.698 E/WindowManager( 1362): 	at java.lang.reflect.Method.invoke(Method.java:515)
05-20 16:03:49.698 E/WindowManager( 1362): 	at com.android.internal.os.ZygoteInit$MethodAndArgsCaller.run(ZygoteInit.java:779)
05-20 16:03:49.698 E/WindowManager( 1362): 	at com.android.internal.os.ZygoteInit.main(ZygoteInit.java:595)
05-20 16:03:49.698 E/WindowManager( 1362): 	at dalvik.system.NativeStart.main(Native Method)
05-20 16:03:49.738 D/AndroidRuntime( 1362): Shutting down VM
05-20 16:03:49.738 W/dalvikvm( 1362): threadid=1: thread exiting with uncaught exception (group=0x94c18b20)
05-20 16:03:49.738 E/AndroidRuntime( 1362): FATAL EXCEPTION: main
05-20 16:03:49.738 E/AndroidRuntime( 1362): Process: com.rock.xinhuapk, PID: 1362
05-20 16:03:49.738 E/AndroidRuntime( 1362): java.lang.IllegalArgumentException: View=com.android.internal.policy.impl.PhoneWindow$DecorView{4a86a9fc V.E..... R.....ID 0,0-832,150} not attached to window manager
05-20 16:03:49.738 E/AndroidRuntime( 1362): 	at android.view.WindowManagerGlobal.findViewLocked(WindowManagerGlobal.java:370)
05-20 16:03:49.738 E/AndroidRuntime( 1362): 	at android.view.WindowManagerGlobal.removeView(WindowManagerGlobal.java:299)
05-20 16:03:49.738 E/AndroidRuntime( 1362): 	at android.view.WindowManagerImpl.removeViewImmediate(WindowManagerImpl.java:84)
05-20 16:03:49.738 E/AndroidRuntime( 1362): 	at android.app.Dialog.dismissDialog(Dialog.java:329)
05-20 16:03:49.738 E/AndroidRuntime( 1362): 	at android.app.Dialog.dismiss(Dialog.java:312)
05-20 16:03:49.738 E/AndroidRuntime( 1362): 	at com.rock.xinhuapk.WebActivity$2.onPageFinished(WebActivity.java:117)
05-20 16:03:49.738 E/AndroidRuntime( 1362): 	at com.android.webview.chromium.WebViewContentsClientAdapter.onPageFinished(WebViewContentsClientAdapter.java:449)
05-20 16:03:49.738 E/AndroidRuntime( 1362): 	at com.android.org.chromium.android_webview.AwContentsClient$AwWebContentsObserver$1.run(AwContentsClient.java:73)
05-20 16:03:49.738 E/AndroidRuntime( 1362): 	at android.os.Handler.handleCallback(Handler.java:733)
05-20 16:03:49.738 E/AndroidRuntime( 1362): 	at android.os.Handler.dispatchMessage(Handler.java:95)
05-20 16:03:49.738 E/AndroidRuntime( 1362): 	at android.os.Looper.loop(Looper.java:136)
05-20 16:03:49.738 E/AndroidRuntime( 1362): 	at android.app.ActivityThread.main(ActivityThread.java:5019)
05-20 16:03:49.738 E/AndroidRuntime( 1362): 	at java.lang.reflect.Method.invokeNative(Native Method)
05-20 16:03:49.738 E/AndroidRuntime( 1362): 	at java.lang.reflect.Method.invoke(Method.java:515)
05-20 16:03:49.738 E/AndroidRuntime( 1362): 	at com.android.internal.os.ZygoteInit$MethodAndArgsCaller.run(ZygoteInit.java:779)
05-20 16:03:49.738 E/AndroidRuntime( 1362): 	at com.android.internal.os.ZygoteInit.main(ZygoteInit.java:595)
05-20 16:03:49.738 E/AndroidRuntime( 1362): 	at dalvik.system.NativeStart.main(Native Method)
05-20 16:03:49.738 W/ActivityManager(  262):   Force finishing activity com.rock.xinhuapk/.IndexActivity
05-20 16:03:49.758 D/dalvikvm(  262): GC_FOR_ALLOC freed 318K, 10% free 6848K/7600K, paused 6ms, total 7ms
05-20 16:03:49.768 D/dalvikvm(  262): GC_FOR_ALLOC freed 9K, 10% free 6894K/7600K, paused 5ms, total 5ms
05-20 16:03:49.778 I/dalvikvm-heap(  262): Grow heap (frag case) to 7.402MB for 635808-byte allocation
05-20 16:03:49.788 D/dalvikvm(  262): GC_FOR_ALLOC freed <1K, 9% free 7514K/8224K, paused 9ms, total 9ms
05-20 16:03:49.788 W/WindowManager(  262): updateFocusedWindowLocked, focusedAppToken is null.
05-20 16:03:49.818 D/        (  262): HostConnection::get() New Host Connection established 0xb89622b0, tid 275
05-20 16:03:50.248 W/ActivityManager(  262): Activity pause timeout for ActivityRecord{4a8acf30 u0 com.rock.xinhuapk/.IndexActivity t3 f}
05-20 16:03:50.298 W/EGL_emulation(  465): eglSurfaceAttrib not implemented 3093 12436
05-20 16:03:55.468 I/Process ( 1362): Sending signal. PID: 1362 SIG: 9
05-20 16:03:55.468 W/ContextImpl(  262): Calling a method in the system process without a qualified user: android.app.ContextImpl.sendBroadcast:1123 com.android.server.am.ActivityManagerService.handleApplicationCrashInner:9670 com.android.server.am.ActivityManagerService.handleApplicationCrash:9644 android.app.ActivityManagerNative.onTransact:1311 com.android.server.am.ActivityManagerService.onTransact:2071 
05-20 16:03:55.478 W/Binder  (  428): Caught a RuntimeException from the binder stub implementation.
05-20 16:03:55.478 W/Binder  (  428): java.lang.NullPointerException
05-20 16:03:55.478 W/Binder  (  428): 	at android.inputmethodservice.IInputMethodWrapper.setSessionEnabled(IInputMethodWrapper.java:280)
05-20 16:03:55.478 W/Binder  (  428): 	at com.android.internal.view.IInputMethod$Stub.onTransact(IInputMethod.java:129)
05-20 16:03:55.478 W/Binder  (  428): 	at android.os.Binder.execTransact(Binder.java:404)
05-20 16:03:55.478 W/Binder  (  428): 	at dalvik.system.NativeStart.run(Native Method)
05-20 16:03:55.478 I/ActivityManager(  262): Process com.rock.xinhuapk (pid 1362) has died.
05-20 16:03:55.478 I/WindowState(  262): WIN DEATH: Window{4a9624b0 u0 com.rock.xinhuapk/com.rock.xinhuapk.IndexActivity}
05-20 16:03:55.478 W/ContextImpl(  262): Calling a method in the system process without a qualified user: android.app.ContextImpl.sendBroadcast:1123 com.android.server.InputMethodManagerService.hideCurrentInputLocked:1880 com.android.server.InputMethodManagerService.windowGainedFocus:1968 com.android.internal.view.IInputMethodManager$Stub.onTransact:221 com.android.server.InputMethodManagerService.onTransact:818 
05-20 16:03:55.478 W/InputMethodManagerService(  262): Got RemoteException sending setActive(false) notification to pid 1362 uid 10028
05-20 16:03:55.488 E/EGL_emulation(  440): egl: destroying current context refused
05-20 16:03:55.498 W/libEGL  (  440): eglTerminate() called w/ 1 objects remaining
05-20 16:03:55.638 D/AndroidRuntime( 1541): 
05-20 16:03:55.638 D/AndroidRuntime( 1541): >>>>>> AndroidRuntime START com.android.internal.os.RuntimeInit <<<<<<
05-20 16:03:55.748 D/AndroidRuntime( 1541): CheckJNI is OFF
05-20 16:03:55.748 D/dalvikvm( 1541): Using executionMode 2
05-20 16:03:55.758 D/dalvikvm( 1541): Trying to load lib libjavacore.so 0x0
05-20 16:03:55.758 D/dalvikvm( 1541): Added shared lib libjavacore.so 0x0
05-20 16:03:55.758 D/dalvikvm( 1541): Trying to load lib libnativehelper.so 0x0
05-20 16:03:55.758 D/dalvikvm( 1541): Added shared lib libnativehelper.so 0x0
05-20 16:03:55.758 D/dalvikvm( 1541): No JNI_OnLoad found in libnativehelper.so 0x0, skipping init
05-20 16:03:55.768 D/dalvikvm( 1541): Note: class Landroid/app/ActivityManagerNative; has 179 unimplemented (abstract) methods
05-20 16:03:55.828 E/memtrack( 1541): Couldn't load memtrack module (No such file or directory)
05-20 16:03:55.828 E/android.os.Debug( 1541): failed to load memtrack module: -2
05-20 16:03:55.848 D/AndroidRuntime( 1541): Calling main entry com.android.commands.pm.Pm
05-20 16:03:55.858 D/AndroidRuntime( 1541): Shutting down VM
05-20 16:03:55.858 E/cutils-trace( 1541): Error opening trace file: No such file or directory (2)
05-20 16:03:55.858 D/dalvikvm( 1541): GC_CONCURRENT freed 150K, 22% free 567K/720K, paused 0ms+1ms, total 2ms
05-20 16:03:56.778 W/PropertyValuesHolder(  465): Method setBrightness() with type int not found on target class class mh
05-20 16:03:56.778 W/PropertyValuesHolder(  465): Method getBrightness() with type int not found on target class class mh
05-20 16:03:56.788 D/dalvikvm( 1561): Late-enabling CheckJNI
05-20 16:03:56.788 I/ActivityManager(  262): START u0 {act=android.intent.action.MAIN cat=[android.intent.category.LAUNCHER] flg=0x10200000 cmp=com.rock.xinhuapk/.MainActivity bnds=[746,299][957,425] (has extras)} from pid 465
05-20 16:03:56.788 W/ContextImpl(  465): Calling a method in the system process without a qualified user: android.app.ContextImpl.sendBroadcast:1137 android.content.ContextWrapper.sendBroadcast:370 com.vphone.launcher.Stats.recordLaunch:129 com.vphone.launcher.Launcher.c:3179 com.vphone.launcher.Launcher.onClickAppShortcut:3117 
05-20 16:03:56.798 I/ActivityManager(  262): Start proc com.rock.xinhuapk for activity com.rock.xinhuapk/.MainActivity: pid=1561 uid=10028 gids={50028, 3003, 1028, 1015, 1023}
05-20 16:03:56.818 I/dalvikvm( 1561): ignoring registerObject request in thread=1
05-20 16:03:56.818 I/dalvikvm( 1561): ignoring registerObject request in thread=1
05-20 16:03:56.828 I/dalvikvm( 1561): Could not find method android.view.Window.setStatusBarColor, referenced from method com.lib.Rock.setStatusColor
05-20 16:03:56.828 W/dalvikvm( 1561): VFY: unable to resolve virtual method 853: Landroid/view/Window;.setStatusBarColor (I)V
05-20 16:03:56.828 D/dalvikvm( 1561): VFY: replacing opcode 0x6e at 0x001a
05-20 16:03:56.828 W/DebugConnManager(  465): getNetworkInfo() on networkType 1
05-20 16:03:56.838 D/dalvikvm( 1561): JIT code cache reset in 0 ms (0 bytes 1/0)
05-20 16:03:56.848 D/dalvikvm( 1561): GC_FOR_ALLOC freed 59K, 5% free 2890K/3012K, paused 3ms, total 3ms
05-20 16:03:56.848 I/dalvikvm-heap( 1561): Grow heap (frag case) to 5.129MB for 2359308-byte allocation
05-20 16:03:56.848 D/dalvikvm( 1561): GC_CONCURRENT freed <1K, 3% free 5194K/5320K, paused 0ms+0ms, total 3ms
05-20 16:03:56.848 D/dalvikvm( 1561): WAIT_FOR_CONCURRENT_GC blocked 1ms
05-20 16:03:56.938 D/libEGL  ( 1561): loaded /system/lib/egl/libEGL_adreno.so
05-20 16:03:56.958 D/        ( 1561): HostConnection::get() New Host Connection established 0xb86b4650, tid 1561
05-20 16:03:57.008 D/AndroidRuntime( 1575): 
05-20 16:03:57.008 D/AndroidRuntime( 1575): >>>>>> AndroidRuntime START com.android.internal.os.RuntimeInit <<<<<<
05-20 16:03:57.018 D/libEGL  ( 1561): loaded /system/lib/egl/libGLESv1_CM_adreno.so
05-20 16:03:57.018 D/libEGL  ( 1561): loaded /system/lib/egl/libGLESv2_adreno.so
05-20 16:03:57.128 D/AndroidRuntime( 1575): CheckJNI is OFF
05-20 16:03:57.128 D/dalvikvm( 1575): Using executionMode 2
05-20 16:03:57.128 D/dalvikvm( 1575): Trying to load lib libjavacore.so 0x0
05-20 16:03:57.128 D/dalvikvm( 1575): Added shared lib libjavacore.so 0x0
05-20 16:03:57.128 D/dalvikvm( 1575): Trying to load lib libnativehelper.so 0x0
05-20 16:03:57.128 D/dalvikvm( 1575): Added shared lib libnativehelper.so 0x0
05-20 16:03:57.128 D/dalvikvm( 1575): No JNI_OnLoad found in libnativehelper.so 0x0, skipping init
05-20 16:03:57.148 D/dalvikvm( 1575): Note: class Landroid/app/ActivityManagerNative; has 179 unimplemented (abstract) methods
05-20 16:03:57.198 E/memtrack( 1575): Couldn't load memtrack module (No such file or directory)
05-20 16:03:57.198 E/android.os.Debug( 1575): failed to load memtrack module: -2
05-20 16:03:57.208 D/AndroidRuntime( 1575): Calling main entry com.android.commands.pm.Pm
05-20 16:03:57.218 D/AndroidRuntime( 1575): Shutting down VM
05-20 16:03:57.218 E/cutils-trace( 1575): Error opening trace file: No such file or directory (2)
05-20 16:03:57.218 D/dalvikvm( 1575): GC_CONCURRENT freed 150K, 22% free 567K/720K, paused 0ms+0ms, total 1ms
05-20 16:03:57.308 W/EGL_emulation( 1561): eglSurfaceAttrib not implemented 3093 12436
05-20 16:03:57.318 D/OpenGLRenderer( 1561): Enabling debug mode 0
05-20 16:03:57.318 W/ContextImpl(  262): Calling a method in the system process without a qualified user: android.app.ContextImpl.sendBroadcast:1123 com.android.server.InputMethodManagerService.hideCurrentInputLocked:1880 com.android.server.InputMethodManagerService.windowGainedFocus:1968 com.android.internal.view.IInputMethodManager$Stub.onTransact:221 com.android.server.InputMethodManagerService.onTransact:818 
05-20 16:03:57.378 I/ActivityManager(  262): Displayed com.rock.xinhuapk/.MainActivity: +591ms (total +8s439ms)
05-20 16:03:57.868 I/ActivityManager(  262): START u0 {flg=0x400000 cmp=com.rock.xinhuapk/.IndexActivity} from pid 1561
05-20 16:03:57.868 W/ActivityManager(  262): Activity is launching as a new task, so cancelling activity result.
05-20 16:03:57.888 D/dalvikvm( 1561): GC_FOR_ALLOC freed 2420K, 44% free 3232K/5716K, paused 3ms, total 3ms
05-20 16:03:57.888 I/dalvikvm-heap( 1561): Grow heap (frag case) to 3.820MB for 635808-byte allocation
05-20 16:03:57.888 D/dalvikvm( 1561): GC_FOR_ALLOC freed <1K, 33% free 3852K/5716K, paused 4ms, total 4ms
05-20 16:03:57.898 D/dalvikvm( 1561): GC_CONCURRENT freed 0K, 33% free 3852K/5716K, paused 2ms+1ms, total 5ms
05-20 16:03:57.918 D/dalvikvm( 1561): GC_CONCURRENT freed 37K, 26% free 4240K/5716K, paused 1ms+1ms, total 4ms
05-20 16:03:57.938 D/dalvikvm( 1561): GC_CONCURRENT freed 209K, 23% free 4439K/5716K, paused 1ms+0ms, total 4ms
05-20 16:03:57.958 D/dalvikvm( 1561): GC_CONCURRENT freed 193K, 18% free 4721K/5716K, paused 0ms+2ms, total 6ms
05-20 16:03:57.978 V/xiaomi  ( 1393): [Thread:51] JOB: Handle intent action = com.xiaomi.mipush.CLEAR_NOTIFICATION
05-20 16:03:57.988 D/dalvikvm( 1561): GC_CONCURRENT freed 410K, 15% free 4877K/5716K, paused 2ms+0ms, total 8ms
05-20 16:03:57.988 V/xiaomi  ( 1561): [Thread:57] empty local vid
05-20 16:03:57.988 V/xiaomi  ( 1561): [Thread:64] ASSEMBLE_PUSH : assemble push register
05-20 16:03:57.988 V/xiaomi  ( 1393): [Thread:51] JOB: Handle intent action = com.xiaomi.mipush.SEND_MESSAGE
05-20 16:03:57.988 V/xiaomi  ( 1393): [Thread:51] try send mi push message. packagename:com.rock.xinhuapk action:Command
05-20 16:03:57.998 V/xiaomi  ( 1393): [Thread:51] JOB: Handle intent action = action_cr_config
05-20 16:03:58.028 W/EGL_emulation( 1561): eglSurfaceAttrib not implemented 3093 12436
05-20 16:03:58.618 W/ContextImpl(  262): Calling a method in the system process without a qualified user: android.app.ContextImpl.sendBroadcast:1123 com.android.server.InputMethodManagerService.hideCurrentInputLocked:1880 com.android.server.InputMethodManagerService.windowGainedFocus:1968 com.android.internal.view.IInputMethodManager$Stub.onTransact:221 com.android.server.InputMethodManagerService.onTransact:818 
05-20 16:03:58.648 I/ActivityManager(  262): Displayed com.rock.xinhuapk/.IndexActivity: +770ms
05-20 16:04:02.498 D/AndroidRuntime( 1600): 
05-20 16:04:02.498 D/AndroidRuntime( 1600): >>>>>> AndroidRuntime START com.android.internal.os.RuntimeInit <<<<<<
05-20 16:04:02.598 D/AndroidRuntime( 1600): CheckJNI is OFF
05-20 16:04:02.598 D/dalvikvm( 1600): Using executionMode 2
05-20 16:04:02.608 D/dalvikvm( 1600): Trying to load lib libjavacore.so 0x0
05-20 16:04:02.608 D/dalvikvm( 1600): Added shared lib libjavacore.so 0x0
05-20 16:04:02.608 D/dalvikvm( 1600): Trying to load lib libnativehelper.so 0x0
05-20 16:04:02.608 D/dalvikvm( 1600): Added shared lib libnativehelper.so 0x0
05-20 16:04:02.608 D/dalvikvm( 1600): No JNI_OnLoad found in libnativehelper.so 0x0, skipping init
05-20 16:04:02.618 D/dalvikvm( 1600): Note: class Landroid/app/ActivityManagerNative; has 179 unimplemented (abstract) methods
05-20 16:04:02.668 E/memtrack( 1600): Couldn't load memtrack module (No such file or directory)
05-20 16:04:02.668 E/android.os.Debug( 1600): failed to load memtrack module: -2
05-20 16:04:02.688 D/AndroidRuntime( 1600): Calling main entry com.android.commands.monkey.Monkey
05-20 16:04:02.698 W/BroadcastQueue(  262): Skipping deliver [background] BroadcastRecord{4a97a48c u-1 android.net.conn.CONNECTIVITY_CHANGE} to ReceiverList{4a97a3b4 1600 (unknown name)/0/u-1 remote:4a97a2c0}: process crashing
05-20 16:04:02.708 I/ActivityManager(  262): START u0 {act=android.intent.action.MAIN cat=[android.intent.category.LAUNCHER] flg=0x10200000 cmp=com.rock.xinhuapk/.MainActivity} from pid 1600
05-20 16:04:02.748 D/dalvikvm( 1561): GC_CONCURRENT freed 414K, 13% free 5017K/5716K, paused 3ms+2ms, total 7ms
05-20 16:04:02.788 I/ActivityManager(  262): moveTaskToBack: 4
05-20 16:04:02.798 I/ActivityManager(  262): START u0 {cmp=com.rock.xinhuapk/.YingActivity (has extras)} from pid 1561
05-20 16:04:02.808 V/WebViewChromium( 1561): Binding Chromium to the background looper Looper (main, tid 1) {4a77240c}
05-20 16:04:02.808 I/chromium( 1561): [INFO:library_loader_hooks.cc(112)] Chromium logging enabled: level = 0, default verbosity = 0
05-20 16:04:02.808 I/BrowserProcessMain( 1561): Initializing chromium process, renderers=0
05-20 16:04:02.818 W/chromium( 1561): [WARNING:proxy_service.cc(888)] PAC support disabled because there is no system implementation
05-20 16:04:02.878 W/ViewRootImpl( 1561): Dropping event due to no window focus: MotionEvent { action=ACTION_MOVE, id[0]=0, x[0]=4.0, y[0]=2.0, toolType[0]=TOOL_TYPE_UNKNOWN, buttonState=0, metaState=0, flags=0x0, edgeFlags=0x0, pointerCount=1, historySize=5, eventTime=545130, downTime=-1, deviceId=0, source=0x10004 }
05-20 16:04:02.898 W/EGL_emulation( 1561): eglSurfaceAttrib not implemented 3093 12436
05-20 16:04:02.898 D/dalvikvm( 1561): GC_FOR_ALLOC freed 228K, 13% free 5025K/5716K, paused 4ms, total 5ms
05-20 16:04:02.898 W/ViewRootImpl( 1561): Dropping event due to no window focus: KeyEvent { action=ACTION_DOWN, keyCode=KEYCODE_MUHENKAN, scanCode=0, metaState=0, flags=0x8, repeatCount=0, eventTime=545131, downTime=545131, deviceId=-1, source=0x101 }
05-20 16:04:02.908 I/dalvikvm-heap( 1561): Grow heap (frag case) to 7.929MB for 3107852-byte allocation
05-20 16:04:02.908 D/dalvikvm( 1561): GC_FOR_ALLOC freed 1K, 8% free 8059K/8752K, paused 3ms, total 3ms
05-20 16:04:02.918 W/AwContents( 1561): nativeOnDraw failed; clearing to background color.
05-20 16:04:02.918 D/dalvikvm( 1561): GC_CONCURRENT freed 1K, 8% free 8059K/8752K, paused 2ms+0ms, total 5ms
05-20 16:04:02.988 I/ActivityManager(  262): Displayed com.rock.xinhuapk/.YingActivity: +183ms
05-20 16:04:02.988 W/ViewRootImpl( 1561): Dropping event due to no window focus: KeyEvent { action=ACTION_DOWN, keyCode=KEYCODE_BACKSLASH, scanCode=0, metaState=0, flags=0x8, repeatCount=0, eventTime=545233, downTime=545233, deviceId=-1, source=0x101 }
05-20 16:04:02.988 I/ActivityManager(  262): START u0 {act=android.intent.action.MAIN cat=[android.intent.category.LAUNCHER] flg=0x10200000 cmp=com.rock.xinhuapk/.MainActivity} from pid 1600
05-20 16:04:02.988 W/ContextImpl(  262): Calling a method in the system process without a qualified user: android.app.ContextImpl.sendBroadcast:1123 com.android.server.InputMethodManagerService.hideCurrentInputLocked:1880 com.android.server.InputMethodManagerService.windowGainedFocus:1995 com.android.internal.view.IInputMethodManager$Stub.onTransact:221 com.android.server.InputMethodManagerService.onTransact:818 
05-20 16:04:02.998 W/AwContents( 1561): nativeOnDraw failed; clearing to background color.
05-20 16:04:03.018 I/AndroidRuntime( 1600): VM exiting with result code 0.
05-20 16:04:03.148 W/EGL_emulation( 1561): eglSurfaceAttrib not implemented 3093 12436
05-20 16:04:03.318 W/InputMethodManagerService(  262): Window already focused, ignoring focus gain of: com.android.internal.view.IInputMethodClient$Stub$Proxy@4a983698 attribute=null, token = android.os.BinderProxy@4a97d2d4
05-20 16:04:26.598 V/xiaomi  ( 1393): [Thread:51] JOB: Handle intent action = com.xiaomi.mipush.CLEAR_NOTIFICATION
05-20 16:04:26.628 W/EGL_emulation( 1561): eglSurfaceAttrib not implemented 3093 12436
05-20 16:04:26.638 W/ContextImpl(  262): Calling a method in the system process without a qualified user: android.app.ContextImpl.sendBroadcast:1123 com.android.server.InputMethodManagerService.hideCurrentInputLocked:1880 com.android.server.InputMethodManagerService.windowGainedFocus:1968 com.android.internal.view.IInputMethodManager$Stub.onTransact:221 com.android.server.InputMethodManagerService.onTransact:818 
05-20 16:04:28.138 D/SizeAdaptiveLayout(  351): com.android.internal.widget.SizeAdaptiveLayout{4a82dbac V.E..... ......I. 0,0-0,0 #7f07004f app:id/adaptive}child view android.widget.RelativeLayout{4a784344 G.E..... ......I. 0,0-0,0} measured out of bounds at 95px clamped to 96px
05-20 16:04:28.138 W/WindowManager(  262): updateFocusedWindowLocked, focusedAppToken is null.
05-20 16:04:28.188 W/EGL_emulation(  351): eglSurfaceAttrib not implemented 3093 12436
05-20 16:04:28.188 D/SizeAdaptiveLayout(  351): com.android.internal.widget.SizeAdaptiveLayout{4a82dbac V.E..... ......I. 0,0-0,0 #7f07004f app:id/adaptive}child view android.widget.RelativeLayout{4a784344 G.E..... ......I. 0,0-0,0} measured out of bounds at 95px clamped to 96px
05-20 16:04:28.208 V/PanelView(  351): animationTick called with dtms=0; nothing to do (h=5.0855293 v=0.0)
05-20 16:04:28.208 V/PanelView(  351): animationTick called with dtms=-13; nothing to do (h=5.0855293 v=0.0)
05-20 16:04:28.318 W/InputMethodManagerService(  262): Window already focused, ignoring focus gain of: com.android.internal.view.IInputMethodClient$Stub$Proxy@4aa25890 attribute=null, token = android.os.BinderProxy@4a968f3c
05-20 16:04:28.338 W/EGL_emulation(  351): eglSurfaceAttrib not implemented 3093 12436
05-20 16:04:30.788 W/WindowManager(  262): updateFocusedWindowLocked, focusedAppToken is null.
05-20 16:04:30.828 W/EGL_emulation(  351): eglSurfaceAttrib not implemented 3093 12436
05-20 16:04:30.868 V/PanelView(  351): animationTick called with dtms=0; nothing to do (h=30.436356 v=0.0)
05-20 16:04:30.868 V/PanelView(  351): animationTick called with dtms=-2; nothing to do (h=30.436356 v=0.0)
05-20 16:04:31.068 W/InputMethodManagerService(  262): Window already focused, ignoring focus gain of: com.android.internal.view.IInputMethodClient$Stub$Proxy@4aa265c8 attribute=null, token = android.os.BinderProxy@4a968f3c
05-20 16:04:31.088 W/EGL_emulation(  351): eglSurfaceAttrib not implemented 3093 12436
05-20 16:04:34.358 I/ActivityManager(  262): START u0 {act=android.intent.action.MAIN cat=[android.intent.category.HOME] flg=0x10200000 cmp=com.vphone.launcher/.Launcher} from pid 262
05-20 16:04:34.378 D/dalvikvm(  262): GC_CONCURRENT freed 1159K, 15% free 7466K/8696K, paused 1ms+1ms, total 8ms
05-20 16:04:34.378 D/dalvikvm(  262): WAIT_FOR_CONCURRENT_GC blocked 7ms
05-20 16:04:34.418 D/dalvikvm(  465): GC_FOR_ALLOC freed 5189K, 12% free 24109K/27292K, paused 9ms, total 9ms
05-20 16:04:34.438 W/EGL_emulation(  465): eglSurfaceAttrib not implemented 3093 12436
05-20 16:04:34.448 W/ContextImpl(  262): Calling a method in the system process without a qualified user: android.app.ContextImpl.sendBroadcast:1123 com.android.server.InputMethodManagerService.hideCurrentInputLocked:1880 com.android.server.InputMethodManagerService.windowGainedFocus:1968 com.android.internal.view.IInputMethodManager$Stub.onTransact:221 com.android.server.InputMethodManagerService.onTransact:818 
05-20 16:04:34.528 D/AndroidRuntime( 1646): 
05-20 16:04:34.528 D/AndroidRuntime( 1646): >>>>>> AndroidRuntime START com.android.internal.os.RuntimeInit <<<<<<
05-20 16:04:34.648 D/AndroidRuntime( 1646): CheckJNI is OFF
05-20 16:04:34.648 D/dalvikvm( 1646): Using executionMode 2
05-20 16:04:34.648 D/dalvikvm( 1646): Trying to load lib libjavacore.so 0x0
05-20 16:04:34.648 D/dalvikvm( 1646): Added shared lib libjavacore.so 0x0
05-20 16:04:34.648 D/dalvikvm( 1646): Trying to load lib libnativehelper.so 0x0
05-20 16:04:34.648 D/dalvikvm( 1646): Added shared lib libnativehelper.so 0x0
05-20 16:04:34.648 D/dalvikvm( 1646): No JNI_OnLoad found in libnativehelper.so 0x0, skipping init
05-20 16:04:34.658 D/dalvikvm( 1646): Note: class Landroid/app/ActivityManagerNative; has 179 unimplemented (abstract) methods
05-20 16:04:34.718 E/memtrack( 1646): Couldn't load memtrack module (No such file or directory)
05-20 16:04:34.718 E/android.os.Debug( 1646): failed to load memtrack module: -2
05-20 16:04:34.738 D/AndroidRuntime( 1646): Calling main entry com.android.commands.pm.Pm
05-20 16:04:34.748 D/AndroidRuntime( 1646): Shutting down VM
05-20 16:04:34.748 E/cutils-trace( 1646): Error opening trace file: No such file or directory (2)
05-20 16:04:34.748 D/dalvikvm( 1646): GC_CONCURRENT freed 150K, 22% free 567K/720K, paused 0ms+0ms, total 0ms
05-20 16:04:35.398 W/ManagedEGLContext( 1561): doTerminate failed: EGL count is 2 but managed count is 1
05-20 16:04:44.438 D/AndroidRuntime( 1665): 
05-20 16:04:44.438 D/AndroidRuntime( 1665): >>>>>> AndroidRuntime START com.android.internal.os.RuntimeInit <<<<<<
05-20 16:04:44.538 D/AndroidRuntime( 1665): CheckJNI is OFF
05-20 16:04:44.538 D/dalvikvm( 1665): Using executionMode 2
05-20 16:04:44.548 D/dalvikvm( 1665): Trying to load lib libjavacore.so 0x0
05-20 16:04:44.548 D/dalvikvm( 1665): Added shared lib libjavacore.so 0x0
05-20 16:04:44.548 D/dalvikvm( 1665): Trying to load lib libnativehelper.so 0x0
05-20 16:04:44.548 D/dalvikvm( 1665): Added shared lib libnativehelper.so 0x0
05-20 16:04:44.548 D/dalvikvm( 1665): No JNI_OnLoad found in libnativehelper.so 0x0, skipping init
05-20 16:04:44.558 D/dalvikvm( 1665): Note: class Landroid/app/ActivityManagerNative; has 179 unimplemented (abstract) methods
05-20 16:04:44.608 E/memtrack( 1665): Couldn't load memtrack module (No such file or directory)
05-20 16:04:44.608 E/android.os.Debug( 1665): failed to load memtrack module: -2
05-20 16:04:44.628 D/AndroidRuntime( 1665): Calling main entry com.android.commands.monkey.Monkey
05-20 16:04:44.638 W/BroadcastQueue(  262): Skipping deliver [background] BroadcastRecord{4a82ed40 u-1 android.net.conn.CONNECTIVITY_CHANGE} to ReceiverList{4a96264c 1665 (unknown name)/0/u-1 remote:4a962250}: process crashing
05-20 16:04:44.648 V/xiaomi  ( 1393): [Thread:51] JOB: Handle intent action = com.xiaomi.mipush.CLEAR_NOTIFICATION
05-20 16:04:44.648 I/ActivityManager(  262): START u0 {act=android.intent.action.MAIN cat=[android.intent.category.LAUNCHER] flg=0x10200000 cmp=com.rock.xinhuapk/.MainActivity} from pid 1665
05-20 16:04:44.668 I/ActivityManager(  262): START u0 {act=android.intent.action.MAIN cat=[android.intent.category.LAUNCHER] flg=0x10200000 cmp=com.rock.xinhuapk/.MainActivity} from pid 1665
05-20 16:04:44.688 W/EGL_emulation( 1561): eglSurfaceAttrib not implemented 3093 12436
05-20 16:04:44.688 W/ContextImpl(  262): Calling a method in the system process without a qualified user: android.app.ContextImpl.sendBroadcast:1123 com.android.server.InputMethodManagerService.hideCurrentInputLocked:1880 com.android.server.InputMethodManagerService.windowGainedFocus:1968 com.android.internal.view.IInputMethodManager$Stub.onTransact:221 com.android.server.InputMethodManagerService.onTransact:818 
05-20 16:04:44.778 D/AndroidRuntime( 1676): 
05-20 16:04:44.778 D/AndroidRuntime( 1676): >>>>>> AndroidRuntime START com.android.internal.os.RuntimeInit <<<<<<
05-20 16:04:44.828 I/ActivityManager(  262): START u0 {cmp=com.rock.xinhuapk/.YingActivity (has extras)} from pid 1561
05-20 16:04:44.908 D/AndroidRuntime( 1676): CheckJNI is OFF
05-20 16:04:44.908 D/dalvikvm( 1676): Using executionMode 2
05-20 16:04:44.918 D/dalvikvm( 1676): Trying to load lib libjavacore.so 0x0
05-20 16:04:44.918 D/dalvikvm( 1676): Added shared lib libjavacore.so 0x0
05-20 16:04:44.918 D/dalvikvm( 1676): Trying to load lib libnativehelper.so 0x0
05-20 16:04:44.918 D/dalvikvm( 1676): Added shared lib libnativehelper.so 0x0
05-20 16:04:44.918 D/dalvikvm( 1676): No JNI_OnLoad found in libnativehelper.so 0x0, skipping init
05-20 16:04:44.938 D/dalvikvm( 1676): Note: class Landroid/app/ActivityManagerNative; has 179 unimplemented (abstract) methods
05-20 16:04:44.968 W/DebugConnManager(  465): getNetworkInfo() on networkType 1
05-20 16:04:44.988 E/memtrack( 1676): Couldn't load memtrack module (No such file or directory)
05-20 16:04:44.988 E/android.os.Debug( 1676): failed to load memtrack module: -2
05-20 16:04:45.028 D/AndroidRuntime( 1676): Calling main entry com.android.commands.pm.Pm
05-20 16:04:45.028 D/AndroidRuntime( 1676): Shutting down VM
05-20 16:04:45.028 E/cutils-trace( 1676): Error opening trace file: No such file or directory (2)
05-20 16:04:45.028 W/EGL_emulation( 1561): eglSurfaceAttrib not implemented 3093 12436
05-20 16:04:45.038 D/dalvikvm( 1676): GC_CONCURRENT freed 150K, 22% free 567K/720K, paused 0ms+0ms, total 1ms
05-20 16:04:45.038 W/ViewRootImpl( 1561): Dropping event due to no window focus: KeyEvent { action=ACTION_DOWN, keyCode=KEYCODE_DPAD_CENTER, scanCode=0, metaState=0, flags=0x8, repeatCount=0, eventTime=587163, downTime=587163, deviceId=-1, source=0x101 }
05-20 16:04:45.038 W/ContextImpl(  262): Calling a method in the system process without a qualified user: android.app.ContextImpl.sendBroadcast:1123 com.android.server.InputMethodManagerService.hideCurrentInputLocked:1880 com.android.server.InputMethodManagerService.windowGainedFocus:1995 com.android.internal.view.IInputMethodManager$Stub.onTransact:221 com.android.server.InputMethodManagerService.onTransact:818 
05-20 16:04:45.048 D/dalvikvm( 1561): GC_FOR_ALLOC freed 3359K, 7% free 5365K/5716K, paused 3ms, total 3ms
05-20 16:04:45.058 I/dalvikvm-heap( 1561): Grow heap (frag case) to 8.261MB for 3107852-byte allocation
05-20 16:04:45.058 D/dalvikvm( 1561): GC_FOR_ALLOC freed <1K, 5% free 8400K/8752K, paused 5ms, total 5ms
05-20 16:04:45.058 W/AwContents( 1561): nativeOnDraw failed; clearing to background color.
05-20 16:04:45.058 W/SQLiteConnectionPool( 1561): A SQLiteConnection object for database '/data/data/com.rock.xinhuapk/databases/rockxinhuapk' was leaked!  Please fix your application to end transactions in progress properly and to close the database when it is no longer needed.
05-20 16:04:45.068 D/dalvikvm( 1561): GC_CONCURRENT freed 232K, 7% free 8170K/8752K, paused 1ms+1ms, total 5ms
05-20 16:04:45.268 W/ActivityManager(  262): Duplicate finish request for ActivityRecord{4a89e8e8 u0 com.rock.xinhuapk/.YingActivity t4 f}
05-20 16:04:45.278 W/ActivityManager(  262): Duplicate finish request for ActivityRecord{4a89e8e8 u0 com.rock.xinhuapk/.YingActivity t4 f}
05-20 16:04:45.278 W/ActivityManager(  262): Duplicate finish request for ActivityRecord{4a89e8e8 u0 com.rock.xinhuapk/.YingActivity t4 f}
05-20 16:04:45.278 W/ActivityManager(  262): Duplicate finish request for ActivityRecord{4a89e8e8 u0 com.rock.xinhuapk/.YingActivity t4 f}
05-20 16:04:45.418 W/ViewRootImpl( 1561): Dropping event due to no window focus: KeyEvent { action=ACTION_DOWN, keyCode=KEYCODE_CALL, scanCode=0, metaState=0, flags=0x8, repeatCount=0, eventTime=587634, downTime=587634, deviceId=-1, source=0x101 }
05-20 16:04:45.658 V/xiaomi  ( 1393): [Thread:51] JOB: Handle intent action = com.xiaomi.mipush.CLEAR_NOTIFICATION
05-20 16:04:45.668 W/InputMethodManagerService(  262): Focus gain on non-focused client com.android.internal.view.IInputMethodClient$Stub$Proxy@4a8730cc (uid=10028 pid=1561)
05-20 16:04:45.688 W/EGL_emulation( 1561): eglSurfaceAttrib not implemented 3093 12436
05-20 16:04:45.698 W/ViewRootImpl( 1561): Dropping event due to no window focus: KeyEvent { action=ACTION_DOWN, keyCode=KEYCODE_KATAKANA_HIRAGANA, scanCode=0, metaState=0, flags=0x8, repeatCount=0, eventTime=587757, downTime=587757, deviceId=-1, source=0x101 }
05-20 16:04:45.698 I/ActivityManager(  262): START u0 {act=android.intent.action.MAIN cat=[android.intent.category.HOME] flg=0x10200000 cmp=com.vphone.launcher/.Launcher} from pid 262
05-20 16:04:45.718 W/ContextImpl(  262): Calling a method in the system process without a qualified user: android.app.ContextImpl.sendBroadcast:1123 com.android.server.InputMethodManagerService.hideCurrentInputLocked:1880 com.android.server.InputMethodManagerService.windowGainedFocus:1968 com.android.internal.view.IInputMethodManager$Stub.onTransact:221 com.android.server.InputMethodManagerService.onTransact:818 
05-20 16:04:46.008 I/WindowManager(  262): Screenshot max retries 4 of Token{4a964cd8 ActivityRecord{4a964c28 u0 com.rock.xinhuapk/.IndexActivity t4}} appWin=Window{4a96906c u0 com.rock.xinhuapk/com.rock.xinhuapk.IndexActivity} drawState=1
05-20 16:04:46.008 W/WindowManager(  262): Screenshot failure taking screenshot for (1280x720) to layer 21015
05-20 16:04:46.198 I/InputDispatcher(  262): Dropped event because of pending overdue app switch.
05-20 16:04:46.198 W/InputManager(  262): Input event injection from pid 1665 failed.
05-20 16:04:46.308 I/WindowManager(  262): Screenshot max retries 4 of Token{4a964cd8 ActivityRecord{4a964c28 u0 com.rock.xinhuapk/.IndexActivity t4}} appWin=Window{4a96906c u0 com.rock.xinhuapk/com.rock.xinhuapk.IndexActivity} drawState=1
05-20 16:04:46.308 W/WindowManager(  262): Screenshot failure taking screenshot for (1280x720) to layer 21015
05-20 16:04:46.318 I/Choreographer(  351): Skipped 35 frames!  The application may be doing too much work on its main thread.
05-20 16:04:46.318 I/Choreographer( 1561): Skipped 38 frames!  The application may be doing too much work on its main thread.
05-20 16:04:46.318 I/dalvikvm( 1691): ignoring registerObject request in thread=1
05-20 16:04:46.318 I/dalvikvm( 1691): ignoring registerObject request in thread=1
05-20 16:04:46.318 I/ActivityManager(  262): Start proc com.android.systemui:screenshot for service com.android.systemui/.screenshot.TakeScreenshotService: pid=1691 uid=10006 gids={50006, 1028, 1015, 1023, 1035, 3002, 3001}
05-20 16:04:46.338 D/PermissionCache(  172): checking android.permission.READ_FRAME_BUFFER for uid=10006 => granted (483 us)
05-20 16:04:46.458 D/libEGL  ( 1691): loaded /system/lib/egl/libEGL_adreno.so
05-20 16:04:46.458 D/        ( 1691): HostConnection::get() New Host Connection established 0xb8797100, tid 1691
05-20 16:04:46.468 D/libEGL  ( 1691): loaded /system/lib/egl/libGLESv1_CM_adreno.so
05-20 16:04:46.468 D/libEGL  ( 1691): loaded /system/lib/egl/libGLESv2_adreno.so
05-20 16:04:46.478 D/dalvikvm( 1561): GC_CONCURRENT freed 3410K, 35% free 6541K/10012K, paused 1ms+1ms, total 7ms
05-20 16:04:46.478 D/dalvikvm( 1561): WAIT_FOR_CONCURRENT_GC blocked 2ms
05-20 16:04:46.538 D/dalvikvm( 1561): GC_CONCURRENT freed 366K, 28% free 7298K/10012K, paused 3ms+2ms, total 9ms
05-20 16:04:46.548 W/EGL_emulation( 1691): eglSurfaceAttrib not implemented 3093 12436
05-20 16:04:46.548 D/OpenGLRenderer( 1691): Enabling debug mode 0
05-20 16:04:46.608 D/dalvikvm( 1561): GC_CONCURRENT freed 436K, 17% free 8330K/10012K, paused 0ms+2ms, total 8ms
05-20 16:04:46.708 D/dalvikvm( 1561): GC_CONCURRENT freed 955K, 10% free 9208K/10224K, paused 0ms+0ms, total 8ms
05-20 16:04:46.708 D/dalvikvm( 1561): WAIT_FOR_CONCURRENT_GC blocked 7ms
05-20 16:04:47.348 I/ActivityManager(  262): START u0 {cmp=com.rock.xinhuapk/.ChatActivity} from pid 1561
05-20 16:04:47.358 W/ViewRootImpl( 1561): Dropping event due to no window focus: KeyEvent { action=ACTION_DOWN, keyCode=KEYCODE_DPAD_DOWN, scanCode=0, metaState=0, flags=0x400, repeatCount=0, eventTime=589689, downTime=589689, deviceId=-1, source=0x101 }
05-20 16:04:47.358 W/ViewRootImpl( 1561): Dropping event due to no window focus: KeyEvent { action=ACTION_DOWN, keyCode=KEYCODE_DPAD_DOWN, scanCode=0, metaState=0, flags=0x400, repeatCount=0, eventTime=589689, downTime=589689, deviceId=-1, source=0x101 }
05-20 16:04:47.408 D/dalvikvm( 1561): GC_FOR_ALLOC freed 1051K, 12% free 9783K/11116K, paused 5ms, total 5ms
05-20 16:04:47.498 W/EGL_emulation( 1561): eglSurfaceAttrib not implemented 3093 12436
05-20 16:04:47.498 W/ViewRootImpl( 1561): Dropping event due to no window focus: KeyEvent { action=ACTION_DOWN, keyCode=KEYCODE_DPAD_CENTER, scanCode=0, metaState=0, flags=0x8, repeatCount=0, eventTime=589647, downTime=589647, deviceId=-1, source=0x101 }
05-20 16:04:48.288 D/dalvikvm( 1691): JIT code cache reset in 0 ms (0 bytes 1/0)
05-20 16:04:48.288 D/dalvikvm( 1691): GC_FOR_ALLOC freed 61K, 5% free 2900K/3024K, paused 4ms, total 4ms
05-20 16:04:48.298 I/dalvikvm-heap( 1691): Grow heap (frag case) to 4.867MB for 2073612-byte allocation
05-20 16:04:48.308 D/dalvikvm( 1691): GC_FOR_ALLOC freed <1K, 3% free 4924K/5052K, paused 4ms, total 4ms
05-20 16:04:48.308 D/dalvikvm( 1691): GC_CONCURRENT freed <1K, 3% free 4924K/5052K, paused 2ms+0ms, total 5ms
05-20 16:04:48.348 D/dalvikvm(  262): GC_FOR_ALLOC freed 1153K, 18% free 7204K/8692K, paused 10ms, total 10ms
05-20 16:04:48.348 I/dalvikvm-heap(  262): Grow heap (frag case) to 9.076MB for 2073612-byte allocation
05-20 16:04:48.358 D/dalvikvm(  262): GC_FOR_ALLOC freed 2K, 14% free 9226K/10720K, paused 7ms, total 7ms
05-20 16:04:48.368 D/dalvikvm(  262): GC_CONCURRENT freed 1K, 14% free 9230K/10720K, paused 2ms+1ms, total 11ms
05-20 16:04:48.368 D/dalvikvm(  262): WAIT_FOR_CONCURRENT_GC blocked 4ms
05-20 16:04:48.378 I/dalvikvm-heap(  262): Grow heap (frag case) to 11.054MB for 2073612-byte allocation
05-20 16:04:48.378 D/dalvikvm(  262): GC_FOR_ALLOC freed 22K, 12% free 11233K/12748K, paused 7ms, total 7ms
05-20 16:04:48.398 D/dalvikvm(  351): GC_FOR_ALLOC freed 7597K, 64% free 4434K/12092K, paused 4ms, total 5ms
05-20 16:04:48.398 I/dalvikvm-heap(  351): Grow heap (frag case) to 6.362MB for 2073612-byte allocation
05-20 16:04:48.398 D/dalvikvm(  351): GC_CONCURRENT freed <1K, 47% free 6459K/12092K, paused 1ms+0ms, total 4ms
05-20 16:04:48.398 W/ContextImpl(  262): Calling a method in the system process without a qualified user: android.app.ContextImpl.sendBroadcast:1123 com.android.server.NotificationManagerService$6.run:1838 android.os.Handler.handleCallback:733 android.os.Handler.dispatchMessage:95 android.os.Looper.loop:136 
