05-20 15:55:01.156 W/System.err(  262): 	at com.android.server.ServerThread.initAndLoop(SystemServer.java:242)
05-20 15:55:01.156 W/System.err(  262): 	at com.android.server.SystemServer.main(SystemServer.java:1209)
05-20 15:55:01.156 W/System.err(  262): 	at java.lang.reflect.Method.invokeNative(Native Method)
05-20 15:55:01.156 W/System.err(  262): 	at java.lang.reflect.Method.invoke(Method.java:515)
05-20 15:55:01.156 W/System.err(  262): 	at com.android.internal.os.ZygoteInit$MethodAndArgsCaller.run(ZygoteInit.java:779)
05-20 15:55:01.156 W/System.err(  262): 	at com.android.internal.os.ZygoteInit.main(ZygoteInit.java:595)
05-20 15:55:01.156 W/System.err(  262): 	at dalvik.system.NativeStart.main(Native Method)
05-20 15:55:01.156 D/dalvikvm(  262): GC_CONCURRENT freed 400K, 10% free 4294K/4760K, paused 1ms+1ms, total 5ms
05-20 15:55:01.156 W/PackageManager(  262): Package com.tencent.mm desires unavailable shared library com.google.android.maps; ignoring!
05-20 15:55:01.156 W/PackageManager(  262): Package com.tencent.mm desires unavailable shared library com.sec.android.app.multiwindow; ignoring!
05-20 15:55:01.156 W/PackageManager(  262): Package com.tencent.mm desires unavailable shared library com.here.android; ignoring!
05-20 15:55:01.156 W/PackageManager(  262): Package com.android.gallery3d desires unavailable shared library com.google.android.media.effects; ignoring!
05-20 15:55:01.156 W/PackageManager(  262): Package com.android.camera desires unavailable shared library com.google.android.media.effects; ignoring!
05-20 15:55:01.156 I/PackageManager(  262): Time to scan packages: 0.287 seconds
05-20 15:55:01.156 W/PackageManager(  262): Unknown permission android.permission.RECEIVE_USER_PRESENT in package com.rock.xinhuapk
05-20 15:55:01.156 W/PackageManager(  262): Not granting permission android.permission.MOUNT_UNMOUNT_FILESYSTEMS to package com.rock.xinhuapk (protectionLevel=18 flags=0x208be46)
05-20 15:55:01.156 W/PackageManager(  262): Unknown permission com.huawei.authentication.HW_ACCESS_AUTH_SERVICE in package com.tencent.mm
05-20 15:55:01.156 W/PackageManager(  262): Unknown permission com.android.launcher.permission.READ_SETTINGS in package com.tencent.mm
05-20 15:55:01.156 W/PackageManager(  262): Unknown permission com.tencent.mm.location.permission.SEND_VIEW in package com.tencent.mm
05-20 15:55:01.156 W/PackageManager(  262): Unknown permission com.huawei.android.launcher.permission.CHANGE_BADGE in package com.tencent.mm
05-20 15:55:01.156 W/PackageManager(  262): Unknown permission android.permission.WRITE_APP_BADGE in package com.tencent.mm
05-20 15:55:01.156 W/PackageManager(  262): Unknown permission android.permission.REQUEST_IGNORE_BATTERY_OPTIMIZATIONS in package com.tencent.mm
05-20 15:55:01.156 W/PackageManager(  262): Unknown permission android.permission.BODY_SENSORS in package com.tencent.mm
05-20 15:55:01.156 W/PackageManager(  262): Unknown permission com.google.android.c2dm.permission.RECEIVE in package com.tencent.mm
05-20 15:55:01.156 W/PackageManager(  262): Unknown permission com.android.vending.BILLING in package com.tencent.mm
05-20 15:55:01.156 W/PackageManager(  262): Unknown permission android.permission.USE_FINGERPRINT in package com.tencent.mm
05-20 15:55:01.156 W/PackageManager(  262): Unknown permission com.google.android.googleapps.permission.GOOGLE_AUTH in package com.android.settings
05-20 15:55:01.156 W/PackageManager(  262): Unknown permission com.android.launcher.permission.READ_SETTINGS in package com.android.settings
05-20 15:55:01.156 W/PackageManager(  262): Unknown permission com.android.launcher.permission.WRITE_SETTINGS in package com.android.settings
05-20 15:55:01.156 W/PackageManager(  262): Unknown permission com.android.smspush.WAPPUSH_MANAGER_BIND in package com.android.phone
05-20 15:55:01.156 W/PackageManager(  262): Unknown permission com.google.android.googleapps.permission.GOOGLE_AUTH in package com.android.providers.calendar
05-20 15:55:01.156 W/PackageManager(  262): Unknown permission com.google.android.googleapps.permission.GOOGLE_AUTH.cl in package com.android.providers.calendar
05-20 15:55:01.156 W/PackageManager(  262): Unknown permission com.android.launcher.permission.READ_SETTINGS in package com.android.onetimeinitializer
05-20 15:55:01.156 W/PackageManager(  262): Unknown permission com.android.launcher.permission.WRITE_SETTINGS in package com.android.onetimeinitializer
05-20 15:55:01.156 W/PackageManager(  262): Unknown permission com.cyanogenmod.filemanager.permissions.READ_THEME in package com.cyanogenmod.filemanager
05-20 15:55:01.156 W/PackageManager(  262): Unknown permission com.android.launcher.permission.READ_SETTINGS in package com.bignox.app.store.hd
05-20 15:55:01.156 W/PackageManager(  262): Unknown permission com.android.launcher.permission.WRITE_SETTINGS in package com.bignox.app.store.hd
05-20 15:55:01.186 D/dalvikvm(  262): GC_EXPLICIT freed 289K, 11% free 4253K/4760K, paused 1ms+0ms, total 6ms
05-20 15:55:01.186 I/SystemServer(  262): Entropy Mixer
05-20 15:55:01.186 I/EntropyMixer(  262): Writing entropy...
05-20 15:55:01.186 I/SystemServer(  262): User Service
05-20 15:55:01.186 I/SystemServer(  262): Account Manager
05-20 15:55:01.186 I/SystemServer(  262): Content Manager
05-20 15:55:01.186 I/SystemServer(  262): System Content Providers
05-20 15:55:01.186 W/EmulatedCamera_Factory(  175):  camera socket connect is not connected, wait(3)...
05-20 15:55:01.196 W/SettingsProvider(  262): set ANDROID_ID from persist.nox.androidid
05-20 15:55:01.206 E/ConsumerIrService(  262): Can't open consumer IR HW Module, error: -2
05-20 15:55:01.206 W/libsuspend(  262): Error writing 'on' to /sys/power/state: Invalid argument
05-20 15:55:01.206 E/libsuspend(  262): Error opening /sys/power/autosleep: No such file or directory
05-20 15:55:01.206 E/libsuspend(  262): Error opening /sys/power/wakeup_count: Permission denied
05-20 15:55:01.206 E/libsuspend(  262): failed to initialize autosuspend
05-20 15:55:01.206 D/PermissionCache(  172): checking android.permission.ACCESS_SURFACE_FLINGER for uid=1000 => granted (200 us)
05-20 15:55:01.206 D/SurfaceFlinger(  172): Screen acquired, type=0 flinger=0xb78ee820
05-20 15:55:01.206 D/SurfaceFlinger(  172):  screen was previously acquired
05-20 15:55:01.206 D/AlarmManagerService(  262): Kernel timezone updated to -480 minutes west of GMT
05-20 15:55:01.206 I/SystemServer(  262): Lights Service
05-20 15:55:01.206 I/SystemServer(  262): Battery Service
05-20 15:55:01.206 I/SystemServer(  262): Vibrator Service
05-20 15:55:01.206 I/SystemServer(  262): Consumer IR Service
05-20 15:55:01.206 I/SystemServer(  262): Alarm Manager
05-20 15:55:01.206 I/SystemServer(  262): Init Watchdog
05-20 15:55:01.206 I/SystemServer(  262): Input Manager
05-20 15:55:01.206 I/InputManager(  262): Initializing input manager, mUseDevInputEventForAudioJack=false
05-20 15:55:01.216 D/dalvikvm(  262): GC_CONCURRENT freed 246K, 8% free 4425K/4760K, paused 1ms+0ms, total 6ms
05-20 15:55:01.216 I/SystemServer(  262): Window Manager
05-20 15:55:01.216 I/WindowManager(  262): No existing display settings /data/system/display_settings.xml; starting empty
05-20 15:55:01.236 I/WindowManager(  262): No keyguard interface!
05-20 15:55:01.256 D/EventHub(  262): No input device configuration file found for device 'seamless mouse'.
05-20 15:55:01.256 I/EventHub(  262): New device: id=1, fd=84, path='/dev/input/event9', name='seamless mouse', classes=0x4, configuration='', keyLayout='', keyCharacterMap='', builtinKeyboard=false, usingSuspendBlockIoctl=true, usingClockIoctl=true
05-20 15:55:01.256 E/EventHub(  262): could not get driver version for /dev/input/mouse4, Not a typewriter
05-20 15:55:01.256 D/BluetoothManagerService(  262): Loading stored name and address
05-20 15:55:01.256 D/BluetoothManagerService(  262): Stored bluetooth Name=null,Address=null
05-20 15:55:01.256 I/InputManager(  262): Starting input manager
05-20 15:55:01.256 I/SystemServer(  262): Bluetooth Manager Service
05-20 15:55:01.256 I/SystemServer(  262): Input Method Service
05-20 15:55:01.256 W/InputMethodManagerService(  262): Couldn't create dir.: /data/system/inputmethod
05-20 15:55:01.256 I/SystemServer(  262): Accessibility Manager
05-20 15:55:01.266 D/EventHub(  262): No input device configuration file found for device 'mouse'.
05-20 15:55:01.266 I/EventHub(  262): New device: id=2, fd=88, path='/dev/input/event8', name='mouse', classes=0x8, configuration='', keyLayout='', keyCharacterMap='', builtinKeyboard=false, usingSuspendBlockIoctl=true, usingClockIoctl=true
05-20 15:55:01.266 E/EventHub(  262): could not get driver version for /dev/input/mouse3, Not a typewriter
05-20 15:55:01.266 D/SurfaceFlinger(  172): setOrientation, mFbdev=0xb78f0d50, mFbDev->setOrientation=0xb69a1ce0, orientation=0
05-20 15:55:01.266 I/gralloc_nox(  172): setOrientation: orientation=0
05-20 15:55:01.266 I/ActivityManager(  262): Config changes=1dfb {1.0 460mcc7mnc zh_CN ldltr sw480dp w853dp h480dp 240dpi lrg long land ?uimode ?night -touch -keyb/v/h -nav/h s.2}
05-20 15:55:01.266 I/ActivityManager(  262): Config changes=400 {1.0 460mcc7mnc zh_CN ldltr sw480dp w853dp h454dp 240dpi lrg long land ?uimode ?night -touch -keyb/v/h -nav/h s.3}
05-20 15:55:01.266 I/SystemServer(  262): Mount Service
05-20 15:55:01.266 D/MountService(  262): got storage path: /mnt/sdcard description: SD 卡 primary: true removable: false emulated: true mtpReserve: 100 allowMassStorage: false maxFileSize: 0
05-20 15:55:01.266 D/MountService(  262): addVolumeLocked() StorageVolume:
05-20 15:55:01.266 D/MountService(  262):     mStorageId=65537 mPath=/storage/emulated/0 mDescriptionId=17040662 
05-20 15:55:01.266 D/MountService(  262):     mPrimary=true mRemovable=false mEmulated=true mMtpReserveSpace=100 
05-20 15:55:01.266 D/MountService(  262):     mAllowMassStorage=false mMaxFileSize=0 mOwner=UserHandle{0} mUuid=null 
05-20 15:55:01.266 D/MountService(  262):     mUserLabel=null mState=null 
05-20 15:55:01.266 I/SystemServer(  262): LockSettingsService
05-20 15:55:01.266 I/SystemServer(  262): Device Policy
05-20 15:55:01.266 I/SystemServer(  262): Status Bar
05-20 15:55:01.266 I/SystemServer(  262): Clipboard Service
05-20 15:55:01.266 I/SystemServer(  262): NetworkManagement Service
05-20 15:55:01.276 I/PackageManager(  262): No secure containers on sdcard
05-20 15:55:01.276 I/SystemServer(  262): Text Service Manager Service
05-20 15:55:01.276 W/TextServicesManagerService(  262): no available spell checker services found
05-20 15:55:01.276 W/PackageManager(  262): Unknown permission android.permission.RECEIVE_USER_PRESENT in package com.rock.xinhuapk
05-20 15:55:01.276 W/PackageManager(  262): Not granting permission android.permission.MOUNT_UNMOUNT_FILESYSTEMS to package com.rock.xinhuapk (protectionLevel=18 flags=0x208be46)
05-20 15:55:01.276 W/PackageManager(  262): Unknown permission com.huawei.authentication.HW_ACCESS_AUTH_SERVICE in package com.tencent.mm
05-20 15:55:01.276 W/PackageManager(  262): Unknown permission com.android.launcher.permission.READ_SETTINGS in package com.tencent.mm
05-20 15:55:01.276 W/PackageManager(  262): Unknown permission com.tencent.mm.location.permission.SEND_VIEW in package com.tencent.mm
05-20 15:55:01.276 W/PackageManager(  262): Unknown permission com.huawei.android.launcher.permission.CHANGE_BADGE in package com.tencent.mm
05-20 15:55:01.276 W/PackageManager(  262): Unknown permission android.permission.WRITE_APP_BADGE in package com.tencent.mm
05-20 15:55:01.276 W/PackageManager(  262): Unknown permission android.permission.REQUEST_IGNORE_BATTERY_OPTIMIZATIONS in package com.tencent.mm
05-20 15:55:01.276 W/PackageManager(  262): Unknown permission android.permission.BODY_SENSORS in package com.tencent.mm
05-20 15:55:01.276 W/PackageManager(  262): Unknown permission com.google.android.c2dm.permission.RECEIVE in package com.tencent.mm
05-20 15:55:01.276 W/PackageManager(  262): Unknown permission com.android.vending.BILLING in package com.tencent.mm
05-20 15:55:01.276 W/PackageManager(  262): Unknown permission android.permission.USE_FINGERPRINT in package com.tencent.mm
05-20 15:55:01.276 W/PackageManager(  262): Unknown permission com.google.android.googleapps.permission.GOOGLE_AUTH in package com.android.settings
05-20 15:55:01.276 W/PackageManager(  262): Unknown permission com.android.launcher.permission.READ_SETTINGS in package com.android.settings
05-20 15:55:01.276 W/PackageManager(  262): Unknown permission com.android.launcher.permission.WRITE_SETTINGS in package com.android.settings
05-20 15:55:01.276 W/PackageManager(  262): Unknown permission com.android.smspush.WAPPUSH_MANAGER_BIND in package com.android.phone
05-20 15:55:01.276 W/PackageManager(  262): Unknown permission com.google.android.googleapps.permission.GOOGLE_AUTH in package com.android.providers.calendar
05-20 15:55:01.276 W/PackageManager(  262): Unknown permission com.google.android.googleapps.permission.GOOGLE_AUTH.cl in package com.android.providers.calendar
05-20 15:55:01.276 W/PackageManager(  262): Unknown permission com.android.launcher.permission.READ_SETTINGS in package com.android.onetimeinitializer
05-20 15:55:01.276 W/PackageManager(  262): Unknown permission com.android.launcher.permission.WRITE_SETTINGS in package com.android.onetimeinitializer
05-20 15:55:01.276 W/PackageManager(  262): Unknown permission com.cyanogenmod.filemanager.permissions.READ_THEME in package com.cyanogenmod.filemanager
05-20 15:55:01.276 W/PackageManager(  262): Unknown permission com.android.launcher.permission.READ_SETTINGS in package com.bignox.app.store.hd
05-20 15:55:01.276 W/PackageManager(  262): Unknown permission com.android.launcher.permission.WRITE_SETTINGS in package com.bignox.app.store.hd
05-20 15:55:01.286 I/SystemServer(  262): NetworkStats Service
05-20 15:55:01.296 W/EventHub(  262): Unable to disable kernel key repeat for /dev/input/event7: Function not implemented
05-20 15:55:01.296 I/EventHub(  262): Virtual keyboard mode is |0] [0]
05-20 15:55:01.296 I/EventHub(  262): Vrtual keyboard is set to Hardware mode
05-20 15:55:01.296 I/EventHub(  262): New device: id=3, fd=94, path='/dev/input/event7', name='Android Input', classes=0x37, configuration='/system/usr/idc/Android_Input.idc', keyLayout='/system/usr/keylayout/Android_Input.kl', keyCharacterMap='/system/usr/keychars/Generic.kcm', builtinKeyboard=false, usingSuspendBlockIoctl=true, usingClockIoctl=true
05-20 15:55:01.296 E/EventHub(  262): could not get driver version for /dev/input/mouse2, Not a typewriter
05-20 15:55:01.296 D/dalvikvm(  262): GC_CONCURRENT freed 267K, 7% free 4576K/4912K, paused 3ms+2ms, total 16ms
05-20 15:55:01.296 I/SystemServer(  262): NetworkPolicy Service
05-20 15:55:01.296 I/SystemServer(  262): Wi-Fi P2pService
05-20 15:55:01.306 D/EventHub(  262): No input device configuration file found for device 'gpio-keys'.
05-20 15:55:01.306 W/EventHub(  262): Unable to disable kernel key repeat for /dev/input/event6: Function not implemented
05-20 15:55:01.306 I/EventHub(  262): Virtual keyboard mode is |0] [0]
05-20 15:55:01.306 I/EventHub(  262): Vrtual keyboard is set to Hardware mode
05-20 15:55:01.306 I/EventHub(  262): New device: id=4, fd=93, path='/dev/input/event6', name='gpio-keys', classes=0x81, configuration='', keyLayout='/system/usr/keylayout/gpio-keys.kl', keyCharacterMap='/system/usr/keychars/gpio-keys.kcm', builtinKeyboard=false, usingSuspendBlockIoctl=true, usingClockIoctl=true
05-20 15:55:01.306 I/EventHub(  262): ignoring event id /dev/input/event5 driver VirtualBox mouse integration
05-20 15:55:01.306 I/SystemServer(  262): Wi-Fi Service
05-20 15:55:01.316 D/EventHub(  262): No input device configuration file found for device 'Sleep Button'.
05-20 15:55:01.316 W/EventHub(  262): Unable to disable kernel key repeat for /dev/input/event1: Function not implemented
05-20 15:55:01.316 I/EventHub(  262): Virtual keyboard mode is |0] [0]
05-20 15:55:01.316 I/EventHub(  262): Vrtual keyboard is set to Hardware mode
05-20 15:55:01.316 I/EventHub(  262): New device: id=5, fd=103, path='/dev/input/event1', name='Sleep Button', classes=0x1, configuration='', keyLayout='/system/usr/keylayout/Generic.kl', keyCharacterMap='/system/usr/keychars/Generic.kcm', builtinKeyboard=false, usingSuspendBlockIoctl=true, usingClockIoctl=true
05-20 15:55:01.316 D/EventHub(  262): No input device configuration file found for device 'Power Button'.
05-20 15:55:01.316 W/EventHub(  262): Unable to disable kernel key repeat for /dev/input/event0: Function not implemented
05-20 15:55:01.316 I/EventHub(  262): Virtual keyboard mode is |0] [0]
05-20 15:55:01.316 I/EventHub(  262): Vrtual keyboard is set to Hardware mode
05-20 15:55:01.316 I/EventHub(  262): New device: id=6, fd=107, path='/dev/input/event0', name='Power Button', classes=0x1, configuration='', keyLayout='/system/usr/keylayout/Generic.kl', keyCharacterMap='/system/usr/keychars/Generic.kcm', builtinKeyboard=false, usingSuspendBlockIoctl=true, usingClockIoctl=true
05-20 15:55:01.316 E/EventHub(  262): could not get driver version for /dev/input/mouse0, Not a typewriter
05-20 15:55:01.336 D/WifiController(  262): WifiController msg { when=0 what=155656 target=com.android.internal.util.StateMachine$SmHandler } deferred for 495ms
05-20 15:55:01.336 I/SystemServer(  262): Connectivity Service
05-20 15:55:01.336 D/ConnectivityService(  262): ConnectivityService starting up
05-20 15:55:01.336 D/ConnectivityService(  262): wifiOnly=false
05-20 15:55:01.336 E/ConnectivityService(  262): Ignoring protectedNetwork 10
05-20 15:55:01.336 E/ConnectivityService(  262): Ignoring protectedNetwork 11
05-20 15:55:01.336 E/ConnectivityService(  262): Ignoring protectedNetwork 12
05-20 15:55:01.336 E/ConnectivityService(  262): Ignoring protectedNetwork 14
05-20 15:55:01.336 E/MobileDataStateTracker(  262): default: Ignoring feature request because could not acquire PhoneService
05-20 15:55:01.336 E/MobileDataStateTracker(  262): default: Could not enable APN type "default"
05-20 15:55:01.336 I/WifiService(  262): WifiService starting up with Wi-Fi enabled
05-20 15:55:01.336 D/WifiService(  262): setWifiEnabled: true pid=262, uid=1000
05-20 15:55:01.336 I/SystemServer(  262): Network Service Discovery Service
05-20 15:55:01.346 I/EventHub(  262): ignoring event id /dev/input/event3 driver ImExPS/2 Generic Explorer Mouse
05-20 15:55:01.346 D/NsdService(  262): Network service discovery enabled true
05-20 15:55:01.346 I/SystemServer(  262): UpdateLock Service
05-20 15:55:01.346 I/SystemServer(  262): Notification Manager
05-20 15:55:01.346 I/SystemServer(  262): Device Storage Monitor
05-20 15:55:01.346 I/SystemServer(  262): Location Manager
05-20 15:55:01.346 I/SystemServer(  262): Country Detector
05-20 15:55:01.346 I/SystemServer(  262): Search Service
05-20 15:55:01.346 I/SystemServer(  262): DropBox Service
05-20 15:55:01.346 I/SystemServer(  262): Wallpaper Service
05-20 15:55:01.346 I/SystemServer(  262): Audio Service
05-20 15:55:01.356 D/dalvikvm(  262): GC_CONCURRENT freed 213K, 6% free 4800K/5084K, paused 1ms+1ms, total 6ms
05-20 15:55:01.356 I/ServiceManager(  262): Waiting for service media.audio_policy...
05-20 15:55:01.366 D/EventHub(  262): No input device configuration file found for device 'AT Translated Set 2 keyboard'.
05-20 15:55:01.366 I/EventHub(  262): Virtual keyboard mode is |0] [0]
05-20 15:55:01.366 I/EventHub(  262): Vrtual keyboard is set to Hardware mode
05-20 15:55:01.366 I/EventHub(  262): New device: id=7, fd=127, path='/dev/input/event2', name='AT Translated Set 2 keyboard', classes=0x3, configuration='', keyLayout='/system/usr/keylayout/AT_Translated_Set_2_keyboard.kl', keyCharacterMap='/system/usr/keychars/Generic.kcm', builtinKeyboard=false, usingSuspendBlockIoctl=true, usingClockIoctl=true
05-20 15:55:01.366 E/EventHub(  262): could not get driver version for /dev/input/mice, Not a typewriter
05-20 15:55:01.396 E/EventHub(  262): could not get driver version for /dev/input/mouse1, Not a typewriter
05-20 15:55:01.406 D/EventHub(  262): No input device configuration file found for device 'VirtualBox USB Tablet'.
05-20 15:55:01.406 I/EventHub(  262): New device: id=8, fd=128, path='/dev/input/event4', name='VirtualBox USB Tablet', classes=0x80000004, configuration='', keyLayout='', keyCharacterMap='', builtinKeyboard=false, usingSuspendBlockIoctl=true, usingClockIoctl=true
05-20 15:55:01.406 I/InputReader(  262): Device added: id=-1, name='Virtual', sources=0x00000301
05-20 15:55:01.406 I/InputReader(  262):   Touch device 'VirtualBox USB Tablet' could not query the properties of its associated display.  The device will be inoperable until the display size becomes available.
05-20 15:55:01.406 I/InputReader(  262): Device added: id=8, name='VirtualBox USB Tablet', sources=0x00001002
05-20 15:55:01.406 I/InputReader(  262): Device added: id=7, name='AT Translated Set 2 keyboard', sources=0x00000101
05-20 15:55:01.406 I/InputReader(  262): Device added: id=6, name='Power Button', sources=0x00000101
05-20 15:55:01.406 I/InputReader(  262): Device added: id=5, name='Sleep Button', sources=0x00000101
05-20 15:55:01.406 I/InputReader(  262): Device added: id=4, name='gpio-keys', sources=0x80000101
05-20 15:55:01.406 I/InputReader(  262):   Touch device 'Android Input' could not query the properties of its associated display.  The device will be inoperable until the display size becomes available.
05-20 15:55:01.406 I/InputReader(  262): Device added: id=3, name='Android Input', sources=0x00001303
05-20 15:55:01.426 I/InputReader(  262): Device added: id=2, name='mouse', sources=0x00002002
05-20 15:55:01.426 I/InputReader(  262):   Touch device 'seamless mouse' could not query the properties of its associated display.  The device will be inoperable until the display size becomes available.
05-20 15:55:01.426 I/InputReader(  262): Device added: id=1, name='seamless mouse', sources=0x00001002
05-20 15:55:01.426 I/InputReader(  262): Reconfiguring input devices.  changes=0x00000004
05-20 15:55:01.426 I/InputReader(  262): Device reconfigured: id=1, name='seamless mouse', size 1280x720, orientation 0, mode 1, display id 0
05-20 15:55:01.426 I/InputReader(  262): Device reconfigured: id=3, name='Android Input', size 1280x720, orientation 0, mode 1, display id 0
05-20 15:55:01.426 I/InputReader(  262): Device reconfigured: id=8, name='VirtualBox USB Tablet', size 1280x720, orientation 0, mode 1, display id 0
05-20 15:55:01.426 I/ActivityManager(  262): Config changes=78 {1.0 460mcc7mnc zh_CN ldltr sw480dp w853dp h454dp 240dpi lrg long land ?uimode ?night finger qwerty/v/v dpad/v s.4}
05-20 15:55:01.846 D/WifiController(  262): DEFERRED_TOGGLE handled
05-20 15:55:01.846 E/WifiStateMachine(  262): Failed to reload STA firmware java.lang.IllegalArgumentException: command '1 softap fwreload eth1 STA' failed with '501 1 SoftAP command has failed'
05-20 15:55:01.846 D/CommandListener(  169): Setting iface cfg
05-20 15:55:01.846 D/CommandListener(  169): Trying to bring down eth1
05-20 15:55:01.846 E/Netd    (  169): Failed to open /proc/sys/net/ipv6/conf/eth1/use_tempaddr: No such file or directory
05-20 15:55:01.846 E/WifiStateMachine(  262): Unable to change interface settings: java.lang.IllegalStateException: command '4 interface ipv6privacyextensions eth1 enable' failed with '400 4 Failed to set ipv6 privacy extensions (No such file or directory)'
05-20 15:55:01.866 I/wpa_supplicant(  305): Successfully initialized wpa_supplicant
05-20 15:55:01.956 D/WifiMonitor(  262): startMonitoring(eth1) with mConnected = false
05-20 15:55:01.956 D/WifiConfigStore(  262): Loading config and enabling all networks
05-20 15:55:01.956 E/WifiConfigStore(  262): Error parsing configurationjava.io.FileNotFoundException: /data/misc/wifi/ipconfig.txt: open failed: ENOENT (No such file or directory)
05-20 15:55:01.956 E/WifiStateMachine(  262): Failed to set manufacturer HUAWEI 
05-20 15:55:01.956 E/WifiStateMachine(  262): Failed to set model number HUAWEI MLA-AL10
05-20 15:55:01.956 E/WifiStateMachine(  262): Failed to set WPS config methods
05-20 15:55:01.956 E/WifiStateMachine(  262): Failed to set frequency band 0
05-20 15:55:01.966 I/wpa_supplicant(  305): eth1: Trying to associate with SSID 'WiredSSID'
05-20 15:55:01.966 I/wpa_supplicant(  305): eth1: No network configuration found for the current AP
05-20 15:55:01.966 I/wpa_supplicant(  305): eth1: CTRL-EVENT-DISCONNECTED bssid=01:80:c2:00:00:03 reason=3 locally_generated=1
05-20 15:55:01.966 I/wpa_supplicant(  305): eth1: Associate with key management = 0 - comparing with WPA_NONE 16
05-20 15:55:01.966 I/wpa_supplicant(  305): eth1: Auth timeout 'coz 802.11, assoc_failed=0 ssid->mode=0
05-20 15:55:01.966 I/wpa_supplicant(  305): eth1: Setting authentication timeout: 10 sec 0 usec
05-20 15:55:02.196 W/EmulatedCamera_Factory(  175):  camera socket connect is not connected, wait(4)...
05-20 15:55:02.366 I/ServiceManager(  262): Waiting for service media.audio_policy...
05-20 15:55:03.076 I/wpa_supplicant(  305): eth1: Trying to associate with 01:80:c2:00:00:03 (SSID='WiredSSID' freq=2412 MHz)
05-20 15:55:03.076 I/wpa_supplicant(  305): eth1: Associated with 01:80:c2:00:00:03
05-20 15:55:03.076 I/wpa_supplicant(  305): eth1: Cancelling authentication timeout
05-20 15:55:03.076 I/wpa_supplicant(  305): eth1: CTRL-EVENT-CONNECTED - Connection to 01:80:c2:00:00:03 completed (auth) [id=0 id_str=]
05-20 15:55:03.076 I/wpa_supplicant(  305): eth1: Associate with key management = 4 - comparing with WPA_NONE 16
05-20 15:55:03.076 I/wpa_supplicant(  305): eth1: Auth timeout 'coz 802.11, assoc_failed=0 ssid->mode=0
05-20 15:55:03.076 I/wpa_supplicant(  305): eth1: Setting authentication timeout: 10 sec 0 usec
05-20 15:55:03.076 E/WifiStateMachine(  262): Unexpected BatchedScanResults :null
05-20 15:55:03.196 W/EmulatedCamera_Factory(  175):  camera socket connect is not connected, wait(5)...
05-20 15:55:03.376 I/ServiceManager(  262): Waiting for service media.audio_policy...
05-20 15:55:03.676 D/WifiStateMachine(  262): VerifyingLinkState enter
05-20 15:55:03.916 D/EmulatedCamera_Factory(  175): Player connected fd:14
05-20 15:55:04.196 D/EmulatedCamera_Factory(  175):  camera socket connect is connected:14
05-20 15:55:04.216 V/EmulatedCamera_FakeDevice(  175): EmulatedFakeCameraDevice
05-20 15:55:04.216 D/EmulatedCamera_FakeCamera(  175): Initialize
05-20 15:55:04.216 D/EmulatedCamera_FakeCamera(  175): Initialize: Fake camera is facing back
05-20 15:55:04.216 D/EmulatedCamera_Camera(  175): Initialize
05-20 15:55:04.216 V/EmulatedCamera_FakeDevice(  175): EmulatedFakeCameraDevice
05-20 15:55:04.216 D/EmulatedCamera_FakeCamera(  175): Initialize
05-20 15:55:04.216 D/EmulatedCamera_FakeCamera(  175): Initialize: Fake camera is facing front
05-20 15:55:04.216 D/EmulatedCamera_Camera(  175): Initialize
05-20 15:55:04.216 I/CameraService(  175): Loaded "Camera Module" camera module
05-20 15:55:04.216 I/AudioPolicyManagerBase(  175): loadAudioPolicyConfig() loaded /system/etc/audio_policy.conf
05-20 15:55:04.216 I/AudioFlinger(  175): loadHwModule() Loaded primary audio interface from NOX audio HW HAL (audio) handle 1
05-20 15:55:04.216 I/AudioFlinger(  175): HAL output buffer size 880 frames, normal mix buffer size 1056 frames
05-20 15:55:04.216 I/AudioMixer(  175): found effect "Multichannel Downmix To Stereo" from The Android Open Source Project
05-20 15:55:04.216 E/MonoPipe(  175): Failed to fetch local time frequency when constructing a MonoPipe (res = -32).  getNextWriteTimestamp calls will be non-functional
05-20 15:55:04.216 I/AudioFlinger(  175): Using module 1 has the primary audio interface
05-20 15:55:04.216 I/AudioFlinger(  175): AudioFlinger's thread 0xb4274010 ready to run
05-20 15:55:04.216 I/AudioPolicyService(  175): Loaded audio policy from LEGACY Audio Policy HAL (audio_policy)
05-20 15:55:04.376 I/SystemServer(  262): Dock Observer
05-20 15:55:04.376 W/DockObserver(  262): This kernel does not have dock station support
05-20 15:55:04.376 I/SystemServer(  262): Wired Accessory Manager
05-20 15:55:04.376 W/WiredAccessoryManager(  262): This kernel does not have wired headset support
05-20 15:55:04.376 W/WiredAccessoryManager(  262): This kernel does not have usb audio support
05-20 15:55:04.376 W/WiredAccessoryManager(  262): This kernel does not have HDMI audio support
05-20 15:55:04.376 I/SystemServer(  262): USB Service
05-20 15:55:04.376 I/SystemServer(  262): Serial Service
05-20 15:55:04.376 I/SystemServer(  262): Twilight Service
05-20 15:55:04.386 D/dalvikvm(  262): GC_CONCURRENT freed 299K, 7% free 4908K/5276K, paused 2ms+1ms, total 8ms
05-20 15:55:04.386 I/SystemServer(  262): UI Mode Manager Service
05-20 15:55:04.386 I/SystemServer(  262): Backup Service
05-20 15:55:04.386 V/BackupManagerService(  262): Initializing package tracking
05-20 15:55:04.386 V/BackupManagerService(  262): No ancestral data
05-20 15:55:04.386 V/BackupManagerService(  262): addPackageParticipantsLocked: all
05-20 15:55:04.386 I/BackupManagerService(  262): Scheduling backup for new app android
05-20 15:55:04.386 D/BackupManagerService(  262): Now staging backup of android
05-20 15:55:04.386 I/BackupManagerService(  262): Scheduling backup for new app com.android.browser
05-20 15:55:04.386 D/BackupManagerService(  262): Now staging backup of com.android.browser
05-20 15:55:04.386 I/BackupManagerService(  262): Scheduling backup for new app com.android.providers.userdictionary
05-20 15:55:04.386 D/BackupManagerService(  262): Now staging backup of com.android.providers.userdictionary
05-20 15:55:04.386 I/BackupManagerService(  262): Scheduling backup for new app com.android.sharedstoragebackup
05-20 15:55:04.386 D/BackupManagerService(  262): Now staging backup of com.android.sharedstoragebackup
05-20 15:55:04.386 I/BackupManagerService(  262): Scheduling backup for new app com.android.providers.settings
05-20 15:55:04.386 D/BackupManagerService(  262): Now staging backup of com.android.providers.settings
05-20 15:55:04.396 I/WindowManager(  262): SAFE MODE not enabled
05-20 15:55:04.396 V/BackupManagerService(  262): Starting with transport android/com.android.internal.backup.LocalTransport
05-20 15:55:04.396 V/BackupManagerService(  262): Found transports: 1
05-20 15:55:04.396 I/BackupManagerService(  262): Binding to transport host ComponentInfo{android/com.android.internal.backup.LocalTransportService}
05-20 15:55:04.396 I/BackupManagerService(  262): Found stale backup journal, scheduling
05-20 15:55:04.396 I/BackupManagerService(  262):   android
05-20 15:55:04.396 I/BackupManagerService(  262):   com.android.browser
05-20 15:55:04.396 I/BackupManagerService(  262):   com.android.providers.userdictionary
05-20 15:55:04.396 I/BackupManagerService(  262):   com.android.sharedstoragebackup
05-20 15:55:04.396 I/BackupManagerService(  262):   com.android.providers.settings
05-20 15:55:04.396 I/BackupManagerService(  262): Backup enabled => false
05-20 15:55:04.396 I/BackupManagerService(  262): Opting out of backup
05-20 15:55:04.396 I/SystemServer(  262): AppWidget Service
05-20 15:55:04.396 I/SystemServer(  262): Recognition Service
05-20 15:55:04.396 I/SystemServer(  262): DiskStats Service
05-20 15:55:04.396 I/SystemServer(  262): SamplingProfiler Service
05-20 15:55:04.396 I/SystemServer(  262): NetworkTimeUpdateService
05-20 15:55:04.396 I/SystemServer(  262): CommonTimeManagementService
05-20 15:55:04.396 I/SystemServer(  262): CertBlacklister
05-20 15:55:04.396 I/SystemServer(  262): Dreams Service
05-20 15:55:04.396 I/SystemServer(  262): Assets Atlas Service
05-20 15:55:04.396 I/SystemServer(  262): IdleMaintenanceService
05-20 15:55:04.396 I/SystemServer(  262): Print Service
05-20 15:55:04.396 I/SystemServer(  262): Media Router Service
05-20 15:55:04.416 D/Atlas   (  262): Loaded configuration: SliceMinArea (768x768) flags=0x2 count=25
05-20 15:55:04.416 W/WindowManager(  262): updateFocusedWindowLocked, focusedAppToken is null.
05-20 15:55:04.416 I/Zygote  (  262): Process: zygote socket opened
05-20 15:55:04.426 V/KeyguardServiceDelegate(  262): *** Keyguard started
05-20 15:55:04.426 V/KeyguardServiceDelegate(  262): onSystemReady() called before keyguard service was ready
05-20 15:55:04.426 I/ActivityManager(  262): Start proc com.android.systemui for service com.android.keyguard/.KeyguardService: pid=351 uid=10006 gids={50006, 1028, 1015, 1023, 1035, 3002, 3001}
05-20 15:55:04.426 I/dalvikvm(  262): ignoring registerObject request in thread=1
05-20 15:55:04.426 I/dalvikvm(  262): ignoring registerObject request in thread=1
05-20 15:55:04.426 W/libsuspend(  262): Error writing 'on' to /sys/power/state: Invalid argument
05-20 15:55:04.426 E/libsuspend(  262): Error opening /sys/power/autosleep: No such file or directory
05-20 15:55:04.426 E/libsuspend(  262): Error opening /sys/power/wakeup_count: Permission denied
05-20 15:55:04.426 E/libsuspend(  262): failed to initialize autosuspend
05-20 15:55:04.426 I/dalvikvm(  351): ignoring registerObject request in thread=1
05-20 15:55:04.426 I/dalvikvm(  351): ignoring registerObject request in thread=1
05-20 15:55:04.426 I/AppOps  (  262): Pruning old package root/0: new uid=-1
05-20 15:55:04.426 I/AppOps  (  262): Pruning old package media/1013: new uid=-1
05-20 15:55:04.426 I/ActivityManager(  262): System now ready
05-20 15:55:04.426 I/SystemServer(  262): Making services ready
05-20 15:55:04.426 D/NetworkManagementService(  262): enabling bandwidth control
05-20 15:55:04.426 W/MountService(  262): Duplicate state transition (mounted -> mounted) for /storage/emulated/0
05-20 15:55:04.456 V/KeyguardService(  351): onCreate()
05-20 15:55:04.466 D/SystemUIService(  351): loading: class com.android.systemui.recent.Recents
05-20 15:55:04.466 D/SystemUIService(  351): running: com.android.systemui.recent.Recents@4a77de84
05-20 15:55:04.466 D/SystemUIService(  351): loading: class com.android.systemui.statusbar.SystemBars
05-20 15:55:04.466 D/SystemUIService(  351): running: com.android.systemui.statusbar.SystemBars@4a77e154
05-20 15:55:04.466 D/SystemUIService(  351): loading: class com.android.systemui.usb.StorageNotification
05-20 15:55:04.466 D/SystemUIService(  351): running: com.android.systemui.usb.StorageNotification@4a77f0e4
05-20 15:55:04.486 D/SystemUIService(  351): loading: class com.android.systemui.power.PowerUI
05-20 15:55:04.486 D/SystemUIService(  351): running: com.android.systemui.power.PowerUI@4a77fd64
05-20 15:55:04.486 D/SystemUIService(  351): loading: class com.android.systemui.media.RingtonePlayer
05-20 15:55:04.486 D/SystemUIService(  351): running: com.android.systemui.media.RingtonePlayer@4a78069c
05-20 15:55:04.486 D/SystemUIService(  351): loading: class com.android.systemui.settings.SettingsUI
05-20 15:55:04.486 D/SystemUIService(  351): running: com.android.systemui.settings.SettingsUI@4a780fd0
05-20 15:55:04.496 D/        (  262): HostConnection::get() New Host Connection established 0xb886c020, tid 349
05-20 15:55:04.496 I/StatusBarManagerService(  262): registerStatusBar bar=com.android.internal.statusbar.IStatusBar$Stub$Proxy@4a898d70
05-20 15:55:04.516 E/WVMExtractor(  175): Failed to open libwvm.so
05-20 15:55:04.516 D/PhoneStatusBar(  351): mSettingsPanelGravity = 55
05-20 15:55:04.516 D/libEGL  (  262): loaded /system/lib/egl/libEGL_adreno.so
05-20 15:55:04.516 E/cutils-trace(  175): Error opening trace file: No such file or directory (2)
05-20 15:55:04.536 D/libEGL  (  262): loaded /system/lib/egl/libGLESv1_CM_adreno.so
05-20 15:55:04.536 D/libEGL  (  262): loaded /system/lib/egl/libGLESv2_adreno.so
05-20 15:55:04.566 D/dalvikvm(  351): JIT code cache reset in 0 ms (0 bytes 1/0)
05-20 15:55:04.566 D/dalvikvm(  351): GC_CONCURRENT freed 137K, 7% free 3085K/3284K, paused 1ms+0ms, total 4ms
05-20 15:55:04.586 D/dalvikvm(  351): GC_FOR_ALLOC freed 11K, 6% free 3142K/3340K, paused 4ms, total 4ms
05-20 15:55:04.586 I/dalvikvm-heap(  351): Grow heap (frag case) to 3.729MB for 635808-byte allocation
05-20 15:55:04.586 E/EGL_emulation(  262): egl: destroying current context refused
05-20 15:55:04.586 D/dalvikvm(  351): GC_CONCURRENT freed 1K, 6% free 3762K/3964K, paused 1ms+0ms, total 3ms
05-20 15:55:04.586 I/iptables(  169): iptables: No chain/target/match by that name.
05-20 15:55:04.586 I/iptables(  169): iptables terminated by exit(1)
05-20 15:55:04.586 E/BandwidthController(  169): runIptablesCmd(): res=1 status=256 failed /system/bin/iptables -A bw_INPUT -m owner --socket-exists
05-20 15:55:04.586 I/ip6tables(  169): ip6tables: No chain/target/match by that name.
05-20 15:55:04.586 I/ip6tables(  169): ip6tables terminated by exit(1)
05-20 15:55:04.586 E/BandwidthController(  169): runIptablesCmd(): res=1 status=256 failed /system/bin/ip6tables -A bw_INPUT -m owner --socket-exists
05-20 15:55:04.586 F/NetworkManagementService(  262): problem enabling bandwidth controls
05-20 15:55:04.586 F/NetworkManagementService(  262): com.android.server.NativeDaemonConnector$NativeDaemonFailureException: command '5 bandwidth enable' failed with '400 5 Bandwidth command failed'
05-20 15:55:04.586 F/NetworkManagementService(  262): 	at com.android.server.NativeDaemonConnector.execute(NativeDaemonConnector.java:392)
05-20 15:55:04.586 F/NetworkManagementService(  262): 	at com.android.server.NativeDaemonConnector.executeForList(NativeDaemonConnector.java:328)
05-20 15:55:04.586 F/NetworkManagementService(  262): 	at com.android.server.NativeDaemonConnector.execute(NativeDaemonConnector.java:293)
05-20 15:55:04.586 F/NetworkManagementService(  262): 	at com.android.server.NetworkManagementService.prepareNativeDaemon(NetworkManagementService.java:348)
05-20 15:55:04.586 F/NetworkManagementService(  262): 	at com.android.server.NetworkManagementService.systemReady(NetworkManagementService.java:224)
05-20 15:55:04.586 F/NetworkManagementService(  262): 	at com.android.server.ServerThread$2.run(SystemServer.java:962)
05-20 15:55:04.586 F/NetworkManagementService(  262): 	at com.android.server.am.ActivityManagerService.systemReady(ActivityManagerService.java:9393)
05-20 15:55:04.586 F/NetworkManagementService(  262): 	at com.android.server.ServerThread.initAndLoop(SystemServer.java:939)
05-20 15:55:04.586 F/NetworkManagementService(  262): 	at com.android.server.SystemServer.main(SystemServer.java:1209)
05-20 15:55:04.586 F/NetworkManagementService(  262): 	at java.lang.reflect.Method.invokeNative(Native Method)
05-20 15:55:04.586 F/NetworkManagementService(  262): 	at java.lang.reflect.Method.invoke(Method.java:515)
05-20 15:55:04.586 F/NetworkManagementService(  262): 	at com.android.internal.os.ZygoteInit$MethodAndArgsCaller.run(ZygoteInit.java:779)
05-20 15:55:04.586 F/NetworkManagementService(  262): 	at com.android.internal.os.ZygoteInit.main(ZygoteInit.java:595)
05-20 15:55:04.586 F/NetworkManagementService(  262): 	at dalvik.system.NativeStart.main(Native Method)
05-20 15:55:04.586 W/libEGL  (  262): eglTerminate() called w/ 1 objects remaining
05-20 15:55:04.586 D/Atlas   (  262): Rendered atlas in 82.28ms (3.22+79.06ms)
05-20 15:55:04.586 I/iptables(  169): iptables: No chain/target/match by that name.
05-20 15:55:04.596 D/BluetoothManagerService(  262): Message: 20
05-20 15:55:04.596 D/BluetoothManagerService(  262): Added callback: android.bluetooth.IBluetoothManagerCallback$Stub$Proxy@4a8a4530:true
05-20 15:55:04.596 D/BluetoothAdapter(  351): 1249350576: getState() :  mService = null. Returning STATE_OFF
05-20 15:55:04.596 D/BluetoothAdapter(  351): 1249350576: getState() :  mService = null. Returning STATE_OFF
05-20 15:55:04.596 I/iptables(  169): iptables terminated by exit(1)
05-20 15:55:04.596 E/Netd    (  169): exec() res=0, status=256 for /system/bin/iptables -F fw_INPUT 
05-20 15:55:04.596 I/ip6tables(  169): ip6tables: No chain/target/match by that name.
05-20 15:55:04.606 D/dalvikvm(  262): GC_CONCURRENT freed 238K, 6% free 5079K/5388K, paused 1ms+6ms, total 19ms
05-20 15:55:04.606 I/ip6tables(  169): ip6tables terminated by exit(1)
05-20 15:55:04.606 E/Netd    (  169): exec() res=0, status=256 for /system/bin/ip6tables -F fw_INPUT 
05-20 15:55:04.606 I/iptables(  169): iptables: No chain/target/match by that name.
05-20 15:55:04.616 D/BluetoothAdapter(  351): 1249350576: getState() :  mService = null. Returning STATE_OFF
05-20 15:55:04.626 D/dalvikvm(  351): GC_CONCURRENT freed 193K, 7% free 3963K/4220K, paused 2ms+1ms, total 5ms
05-20 15:55:04.626 I/iptables(  169): iptables terminated by exit(1)
05-20 15:55:04.626 E/Netd    (  169): exec() res=0, status=256 for /system/bin/iptables -F fw_OUTPUT 
05-20 15:55:04.626 I/ip6tables(  169): ip6tables: No chain/target/match by that name.
05-20 15:55:04.626 D/PhoneStatusBar(  351): disable: < expand icons alerts ticker system_info back home recent clock search >
05-20 15:55:04.636 D/BluetoothAdapter(  351): 1249350576: getState() :  mService = null. Returning STATE_OFF
05-20 15:55:04.636 D/BluetoothAdapter(  351): 1249350576: getState() :  mService = null. Returning STATE_OFF
05-20 15:55:04.636 D/PhoneStatusBar(  351): heads up is disabled
05-20 15:55:04.646 I/ip6tables(  169): ip6tables terminated by exit(1)
05-20 15:55:04.646 E/Netd    (  169): exec() res=0, status=256 for /system/bin/ip6tables -F fw_OUTPUT 
05-20 15:55:04.646 I/iptables(  169): iptables: No chain/target/match by that name.
05-20 15:55:04.646 I/iptables(  169): iptables terminated by exit(1)
05-20 15:55:04.646 E/Netd    (  169): exec() res=0, status=256 for /system/bin/iptables -F fw_FORWARD 
05-20 15:55:04.646 I/ip6tables(  169): ip6tables: No chain/target/match by that name.
05-20 15:55:04.646 I/ip6tables(  169): ip6tables terminated by exit(1)
05-20 15:55:04.646 E/Netd    (  169): exec() res=0, status=256 for /system/bin/ip6tables -F fw_FORWARD 
05-20 15:55:04.646 F/SystemServer(  262): BOOT FAILURE making Network Managment Service ready
05-20 15:55:04.646 F/SystemServer(  262): java.lang.IllegalStateException: command '6 firewall disable' failed with '400 6 Firewall command failed'
05-20 15:55:04.646 F/SystemServer(  262): 	at com.android.server.NetworkManagementService.setFirewallEnabled(NetworkManagementService.java:1617)
05-20 15:55:04.646 F/SystemServer(  262): 	at com.android.server.NetworkManagementService.prepareNativeDaemon(NetworkManagementService.java:401)
05-20 15:55:04.646 F/SystemServer(  262): 	at com.android.server.NetworkManagementService.systemReady(NetworkManagementService.java:224)
05-20 15:55:04.646 F/SystemServer(  262): 	at com.android.server.ServerThread$2.run(SystemServer.java:962)
05-20 15:55:04.646 F/SystemServer(  262): 	at com.android.server.am.ActivityManagerService.systemReady(ActivityManagerService.java:9393)
05-20 15:55:04.646 F/SystemServer(  262): 	at com.android.server.ServerThread.initAndLoop(SystemServer.java:939)
05-20 15:55:04.646 F/SystemServer(  262): 	at com.android.server.SystemServer.main(SystemServer.java:1209)
05-20 15:55:04.646 F/SystemServer(  262): 	at java.lang.reflect.Method.invokeNative(Native Method)
05-20 15:55:04.646 F/SystemServer(  262): 	at java.lang.reflect.Method.invoke(Method.java:515)
05-20 15:55:04.646 F/SystemServer(  262): 	at com.android.internal.os.ZygoteInit$MethodAndArgsCaller.run(ZygoteInit.java:779)
05-20 15:55:04.646 F/SystemServer(  262): 	at com.android.internal.os.ZygoteInit.main(ZygoteInit.java:595)
05-20 15:55:04.646 F/SystemServer(  262): 	at dalvik.system.NativeStart.main(Native Method)
05-20 15:55:04.646 F/SystemServer(  262): Caused by: com.android.server.NativeDaemonConnector$NativeDaemonFailureException: command '6 firewall disable' failed with '400 6 Firewall command failed'
05-20 15:55:04.646 F/SystemServer(  262): 	at com.android.server.NativeDaemonConnector.execute(NativeDaemonConnector.java:392)
05-20 15:55:04.646 F/SystemServer(  262): 	at com.android.server.NativeDaemonConnector.executeForList(NativeDaemonConnector.java:328)
05-20 15:55:04.646 F/SystemServer(  262): 	at com.android.server.NativeDaemonConnector.execute(NativeDaemonConnector.java:293)
05-20 15:55:04.646 F/SystemServer(  262): 	at com.android.server.NetworkManagementService.setFirewallEnabled(NetworkManagementService.java:1614)
05-20 15:55:04.646 F/SystemServer(  262): 	... 11 more
05-20 15:55:04.646 W/SystemServer(  262): ***********************************************
05-20 15:55:04.646 W/NetworkStats(  262): bandwidth controls disabled, unable to track stats
05-20 15:55:04.646 W/NetworkPolicy(  262): bandwidth controls disabled, unable to enforce policy
05-20 15:55:04.656 I/dalvikvm(  403): ignoring registerObject request in thread=1
05-20 15:55:04.656 I/dalvikvm(  403): ignoring registerObject request in thread=1
05-20 15:55:04.656 I/ActivityManager(  262): Start proc android.process.acore for content provider com.android.providers.contacts/.ContactsProvider2: pid=403 uid=10002 gids={50002, 3003, 1028, 1015, 1023}
05-20 15:55:04.666 D/dalvikvm(  351): GC_CONCURRENT freed 142K, 5% free 4208K/4408K, paused 1ms+0ms, total 4ms
05-20 15:55:04.666 I/iptables(  169): iptables: No chain/target/match by that name.
05-20 15:55:04.686 I/iptables(  169): iptables terminated by exit(1)
05-20 15:55:04.686 E/Netd    (  169): exec() res=0, status=256 for /system/bin/iptables -F fw_INPUT 
05-20 15:55:04.686 I/ip6tables(  169): ip6tables: No chain/target/match by that name.
05-20 15:55:04.686 I/ip6tables(  169): ip6tables terminated by exit(1)
05-20 15:55:04.686 E/Netd    (  169): exec() res=0, status=256 for /system/bin/ip6tables -F fw_INPUT 
05-20 15:55:04.686 I/iptables(  169): iptables: No chain/target/match by that name.
05-20 15:55:04.686 I/iptables(  169): iptables terminated by exit(1)
05-20 15:55:04.686 E/Netd    (  169): exec() res=0, status=256 for /system/bin/iptables -F fw_OUTPUT 
05-20 15:55:04.686 I/ip6tables(  169): ip6tables: No chain/target/match by that name.
05-20 15:55:04.686 I/ip6tables(  169): ip6tables terminated by exit(1)
05-20 15:55:04.686 E/Netd    (  169): exec() res=0, status=256 for /system/bin/ip6tables -F fw_OUTPUT 
05-20 15:55:04.686 I/iptables(  169): iptables: No chain/target/match by that name.
05-20 15:55:04.686 I/iptables(  169): iptables terminated by exit(1)
05-20 15:55:04.686 E/Netd    (  169): exec() res=0, status=256 for /system/bin/iptables -F fw_FORWARD 
05-20 15:55:04.686 I/ip6tables(  169): ip6tables: No chain/target/match by that name.
05-20 15:55:04.686 I/ip6tables(  169): ip6tables terminated by exit(1)
05-20 15:55:04.686 E/Netd    (  169): exec() res=0, status=256 for /system/bin/ip6tables -F fw_FORWARD 
05-20 15:55:04.686 F/SystemServer(  262): BOOT FAILURE making Connectivity Service ready
05-20 15:55:04.686 F/SystemServer(  262): java.lang.IllegalStateException: command '7 firewall disable' failed with '400 7 Firewall command failed'
05-20 15:55:04.686 F/SystemServer(  262): 	at com.android.server.NetworkManagementService.setFirewallEnabled(NetworkManagementService.java:1617)
05-20 15:55:04.686 F/SystemServer(  262): 	at com.android.server.ConnectivityService.setLockdownTracker(ConnectivityService.java:3908)
05-20 15:55:04.686 F/SystemServer(  262): 	at com.android.server.ConnectivityService.updateLockdownVpn(ConnectivityService.java:3883)
05-20 15:55:04.686 F/SystemServer(  262): 	at com.android.server.ConnectivityService.systemReady(ConnectivityService.java:2235)
05-20 15:55:04.686 F/SystemServer(  262): 	at com.android.server.ServerThread$2.run(SystemServer.java:977)
05-20 15:55:04.686 F/SystemServer(  262): 	at com.android.server.am.ActivityManagerService.systemReady(ActivityManagerService.java:9393)
05-20 15:55:04.686 F/SystemServer(  262): 	at com.android.server.ServerThread.initAndLoop(SystemServer.java:939)
05-20 15:55:04.686 F/SystemServer(  262): 	at com.android.server.SystemServer.main(SystemServer.java:1209)
05-20 15:55:04.686 F/SystemServer(  262): 	at java.lang.reflect.Method.invokeNative(Native Method)
05-20 15:55:04.686 F/SystemServer(  262): 	at java.lang.reflect.Method.invoke(Method.java:515)
05-20 15:55:04.686 F/SystemServer(  262): 	at com.android.internal.os.ZygoteInit$MethodAndArgsCaller.run(ZygoteInit.java:779)
05-20 15:55:04.686 F/SystemServer(  262): 	at com.android.internal.os.ZygoteInit.main(ZygoteInit.java:595)
05-20 15:55:04.686 F/SystemServer(  262): 	at dalvik.system.NativeStart.main(Native Method)
05-20 15:55:04.686 F/SystemServer(  262): Caused by: com.android.server.NativeDaemonConnector$NativeDaemonFailureException: command '7 firewall disable' failed with '400 7 Firewall command failed'
05-20 15:55:04.686 F/SystemServer(  262): 	at com.android.server.NativeDaemonConnector.execute(NativeDaemonConnector.java:392)
05-20 15:55:04.686 F/SystemServer(  262): 	at com.android.server.NativeDaemonConnector.executeForList(NativeDaemonConnector.java:328)
05-20 15:55:04.686 F/SystemServer(  262): 	at com.android.server.NativeDaemonConnector.execute(NativeDaemonConnector.java:293)
05-20 15:55:04.686 F/SystemServer(  262): 	at com.android.server.NetworkManagementService.setFirewallEnabled(NetworkManagementService.java:1614)
05-20 15:55:04.686 F/SystemServer(  262): 	... 12 more
05-20 15:55:04.686 W/SystemServer(  262): ***********************************************
05-20 15:55:04.686 I/ActivityManager(  262): Config changes=200 {1.0 460mcc7mnc zh_CN ldltr sw480dp w853dp h454dp 240dpi lrg long land finger qwerty/v/v dpad/v s.5}
