05-20 15:55:04.696 W/ContextImpl(  262): Calling a method in the system process without a qualified user: android.app.ContextImpl.sendBroadcast:1123 com.android.server.usb.UsbSettingsManager.deviceAttached:621 com.android.server.usb.UsbHostManager.usbDeviceAdded:156 com.android.server.usb.UsbHostManager.monitorUsbHostBus:-2 com.android.server.usb.UsbHostManager.access$000:38 
05-20 15:55:04.706 D/dalvikvm(  403): JIT code cache reset in 0 ms (0 bytes 1/0)
05-20 15:55:04.706 D/dalvikvm(  403): GC_CONCURRENT freed 170K, 8% free 3049K/3280K, paused 3ms+1ms, total 6ms
05-20 15:55:04.706 W/RecognitionManagerService(  262): no available voice recognition services found for user 0
05-20 15:55:04.706 W/InputMethodManagerService(  262): Ignoring setImeWindowStatus of uid 1000 token: null
05-20 15:55:04.736 I/dalvikvm(  428): ignoring registerObject request in thread=1
05-20 15:55:04.736 I/dalvikvm(  428): ignoring registerObject request in thread=1
05-20 15:55:04.736 I/ActivityManager(  262): Start proc com.example.android.softkeyboard for service com.example.android.softkeyboard/.SoftKeyboard: pid=428 uid=10025 gids={50025}
05-20 15:55:04.736 V/InputMethodManagerService(  262): Adding window token: android.os.Binder@4a8b1724
05-20 15:55:04.736 W/ServiceWatcher(  262): com.google.android.gms not found
05-20 15:55:04.736 W/ServiceWatcher(  262): com.google.android.gms not found
05-20 15:55:04.736 W/ServiceWatcher(  262): com.google.android.gms not found
05-20 15:55:04.736 W/ServiceWatcher(  262): com.google.android.gms not found
05-20 15:55:04.736 E/FlpHardwareProvider(  262): Error hw_get_module 'flp': -2
05-20 15:55:04.736 W/ServiceWatcher(  262): com.google.android.gms not found
05-20 15:55:04.736 E/FlpHardwareProvider(  262): Error hw_get_module 'flp': -2
05-20 15:55:04.736 W/ServiceWatcher(  262): com.google.android.gms not found
05-20 15:55:04.736 I/CommonTimeManagementService(  262): No common time service detected on this platform.  Common time services will be unavailable.
05-20 15:55:04.736 E/GpsLocationProvider(  262): no AGPS interface in set_agps_server
05-20 15:55:04.736 W/LocationManagerService(  262): no network location provider found
05-20 15:55:04.736 E/LocationManagerService(  262): no geocoder provider found
05-20 15:55:04.736 E/LocationManagerService(  262): No FusedProvider found.
05-20 15:55:04.736 E/LocationManagerService(  262): no geofence provider found
05-20 15:55:04.766 D/dalvikvm(  262): GC_CONCURRENT freed 342K, 8% free 5178K/5588K, paused 2ms+1ms, total 23ms
05-20 15:55:04.766 I/ActivityManager(  262): Start proc com.android.settings for broadcast com.android.settings/.widget.SettingsAppWidgetProvider: pid=440 uid=1000 gids={41000, 1028, 1015, 1023, 3002, 3001, 3003, 1007}
05-20 15:55:04.766 I/InputReader(  262): Reconfiguring input devices.  changes=0x00000030
05-20 15:55:04.766 I/dalvikvm(  440): ignoring registerObject request in thread=1
05-20 15:55:04.766 I/dalvikvm(  440): ignoring registerObject request in thread=1
05-20 15:55:04.766 D/libEGL  (  351): loaded /system/lib/egl/libEGL_adreno.so
05-20 15:55:04.786 D/        (  351): HostConnection::get() New Host Connection established 0xb878fe80, tid 351
05-20 15:55:04.786 I/ActivityManager(  262): Start proc com.android.phone for added application com.android.phone: pid=454 uid=1001 gids={41001, 3002, 3001, 3003, 1028, 1015, 1023}
05-20 15:55:04.786 I/ActivityManager(  262): START u0 {act=android.intent.action.MAIN cat=[android.intent.category.HOME] flg=0x10000000 cmp=com.vphone.launcher/.Launcher} from pid 0
05-20 15:55:04.796 I/ActivityManager(  262): Start proc com.vphone.launcher for activity com.vphone.launcher/.Launcher: pid=465 uid=1000 gids={41000, 1028, 1015, 1023, 3002, 3001, 3003, 1007}
05-20 15:55:04.796 W/ActivityManager(  262): Unable to start service Intent { cmp=com.android.printspooler/.PrintSpoolerService } U=0: not found
05-20 15:55:04.806 D/libEGL  (  351): loaded /system/lib/egl/libGLESv1_CM_adreno.so
05-20 15:55:04.806 D/WifiStateMachine(  262): VerifyingLinkState GOOD_LINK_DETECTED: transition to captive portal check
05-20 15:55:04.806 D/WifiStateMachine(  262): CaptivePortalCheckState enter
05-20 15:55:04.806 D/libEGL  (  351): loaded /system/lib/egl/libGLESv2_adreno.so
05-20 15:55:04.806 V/KeyguardServiceDelegate(  262): *** Keyguard connected (yay!)
05-20 15:55:04.806 W/InputMethodManagerService(  262): Focus gain on non-focused client android.view.inputmethod.InputMethodManager$1@4a888c2c (uid=1000 pid=262)
05-20 15:55:04.816 I/dalvikvm(  454): ignoring registerObject request in thread=1
05-20 15:55:04.816 I/dalvikvm(  454): ignoring registerObject request in thread=1
05-20 15:55:04.816 I/dalvikvm(  465): ignoring registerObject request in thread=1
05-20 15:55:04.816 I/dalvikvm(  465): ignoring registerObject request in thread=1
05-20 15:55:04.826 D/BluetoothManagerService(  262): Message: 300
05-20 15:55:04.826 D/BluetoothManagerService(  262): MESSAGE_USER_SWITCHED
05-20 15:55:04.846 D/WifiStateMachine(  262): CaptivePortalCheckState CMD_CAPTIVE_CHECK_COMPLETE
05-20 15:55:04.846 D/        (  172): HostConnection::get() New Host Connection established 0xb78fd510, tid 350
05-20 15:55:04.846 V/BackupManagerService(  262): Connected to transport ComponentInfo{android/com.android.internal.backup.LocalTransportService}
05-20 15:55:04.846 V/BackupManagerService(  262): Registering transport android/com.android.internal.backup.LocalTransportService::android/com.android.internal.backup.LocalTransport = com.android.internal.backup.LocalTransport@4a863230
05-20 15:55:04.846 D/ConnectivityService(  262): Captive portal check NetworkInfo: type: WIFI[], state: CONNECTING/CAPTIVE_PORTAL_CHECK, reason: (unspecified), extra: "AndroidAP", roaming: false, failover: false, isAvailable: true, isConnectedToProvisioningNetwork: false
05-20 15:55:04.846 D/ConnectivityService(  262): handleCaptivePortalTrackerCheck: call captivePortalCheckComplete ni=NetworkInfo: type: WIFI[], state: CONNECTING/CAPTIVE_PORTAL_CHECK, reason: (unspecified), extra: "AndroidAP", roaming: false, failover: false, isAvailable: true, isConnectedToProvisioningNetwork: false
05-20 15:55:04.846 D/ConnectivityService(  262): ConnectivityChange for WIFI: CONNECTED/CONNECTED
05-20 15:55:04.846 E/ConnectivityService(  262): Unexpected mtu value: android.net.wifi.WifiStateTracker@4a856be4
05-20 15:55:04.856 D/BluetoothManagerService(  262): Message: 20
05-20 15:55:04.856 D/BluetoothManagerService(  262): Added callback: android.bluetooth.IBluetoothManagerCallback$Stub$Proxy@4a8c3e08:true
05-20 15:55:04.856 D/BluetoothAdapter(  440): 1249357472: getState() :  mService = null. Returning STATE_OFF
05-20 15:55:04.856 D/BluetoothManagerService(  262): Message: 30
05-20 15:55:04.856 E/BluetoothInputDevice(  440): Could not bind to Bluetooth HID Service with Intent { act=android.bluetooth.IBluetoothInputDevice }
05-20 15:55:04.856 D/BluetoothManagerService(  262): Message: 30
05-20 15:55:04.856 E/BluetoothPan(  440): Could not bind to Bluetooth Pan Service with Intent { act=android.bluetooth.IBluetoothPan }
05-20 15:55:04.856 D/LocalBluetoothProfileManager(  440): Adding local MAP profile
05-20 15:55:04.856 D/BluetoothMap(  440): Create BluetoothMap proxy object
05-20 15:55:04.856 E/BluetoothMap(  440): Could not bind to Bluetooth MAP Service with Intent { act=android.bluetooth.IBluetoothMap }
05-20 15:55:04.856 E/BluetoothPbap(  440): Could not bind to Bluetooth Pbap Service with Intent { act=android.bluetooth.IBluetoothPbap }
05-20 15:55:04.856 D/LocalBluetoothProfileManager(  440): LocalBluetoothProfileManager construction complete
05-20 15:55:04.856 D/BluetoothAdapter(  440): 1249357472: getState() :  mService = null. Returning STATE_OFF
05-20 15:55:04.856 D/BluetoothAdapter(  440): 1249357472: getState() :  mService = null. Returning STATE_OFF
05-20 15:55:04.856 D/BluetoothManagerService(  262): Message: 30
05-20 15:55:04.856 D/BluetoothManagerService(  262): Message: 30
05-20 15:55:04.856 D/Nat464Xlat(  262): requiresClat: netType=1, hasIPv4Address=true
05-20 15:55:04.896 I/dalvikvm(  465): Could not find method android.view.ViewAnimationUtils.createCircularReveal, referenced from method com.vphone.launcher.Launcher.a
05-20 15:55:04.896 W/dalvikvm(  465): VFY: unable to resolve static method 16870: Landroid/view/ViewAnimationUtils;.createCircularReveal (Landroid/view/View;IIFF)Landroid/animation/Animator;
05-20 15:55:04.896 D/dalvikvm(  465): VFY: replacing opcode 0x71 at 0x0269
05-20 15:55:04.906 D/Launcher.LauncherProvider(  465): 11683562 - initializeMaxScreenId(): 1
05-20 15:55:04.916 V/Launcher(  465): LauncherAppState inited
05-20 15:55:04.916 D/dalvikvm(  262): GC_CONCURRENT freed 346K, 8% free 5297K/5712K, paused 0ms+0ms, total 7ms
05-20 15:55:04.916 D/dalvikvm(  465): GC_FOR_ALLOC freed 220K, 9% free 3114K/3404K, paused 4ms, total 4ms
05-20 15:55:04.926 D/dalvikvm(  465): GC_CONCURRENT freed 1K, 8% free 3134K/3404K, paused 2ms+0ms, total 4ms
05-20 15:55:04.926 D/BluetoothManagerService(  262): Message: 20
05-20 15:55:04.926 D/BluetoothManagerService(  262): Added callback: android.bluetooth.IBluetoothManagerCallback$Stub$Proxy@4a8852d8:true
05-20 15:55:04.936 D/BluetoothManagerService(  262): Message: 30
05-20 15:55:04.936 D/dalvikvm(  454): GC_CONCURRENT freed 146K, 7% free 3096K/3300K, paused 1ms+1ms, total 10ms
05-20 15:55:04.936 E/BluetoothHeadset(  454): Could not bind to Bluetooth Headset Service with Intent { act=android.bluetooth.IBluetoothHeadset }
05-20 15:55:04.956 D/Launcher.Model(  465): Old launcher provider: content://com.android.launcher2.settings/favorites?notify=true
05-20 15:55:04.956 D/Launcher.Model(  465): Old launcher provider does not exist.
05-20 15:55:04.956 D/CallNotifier(  454): CallNotifier: mSignalInfoToneGenerator created when toneplay
05-20 15:55:04.956 D/BluetoothManagerService(  262): Message: 30
05-20 15:55:04.956 E/BluetoothHeadset(  454): Could not bind to Bluetooth Headset Service with Intent { act=android.bluetooth.IBluetoothHeadset }
05-20 15:55:04.956 I/PackageManager(  262):   Action: "android.intent.action.MAIN"
05-20 15:55:04.956 I/PackageManager(  262):   Category: "android.intent.category.HOME"
05-20 15:55:04.956 I/PackageManager(  262):   Category: "android.intent.category.DEFAULT"
05-20 15:55:04.956 I/PackageManager(  262): Adding preferred activity ComponentInfo{com.vphone.launcher/com.vphone.launcher.Launcher} for user 0 :
05-20 15:55:04.956 W/ImageLoader(  465): diskCache() and diskCacheFileNameGenerator() calls overlap each other
05-20 15:55:04.956 D/TelephonyDebugService(  454): TelephonyDebugService()
05-20 15:55:04.956 D/MobileDataStateTracker(  262): default: Broadcast received: android.intent.action.ANY_DATA_STATE apnType=default
05-20 15:55:04.956 D/MobileDataStateTracker(  262): default: Received state=DISCONNECTED, old=DISCONNECTED, reason=radioTurnedOff
05-20 15:55:04.956 D/MobileDataStateTracker(  262): default: Broadcast received: android.intent.action.ANY_DATA_STATE apnType=default
05-20 15:55:04.956 D/MobileDataStateTracker(  262): default: Received state=DISCONNECTED, old=DISCONNECTED, reason=radioTurnedOff
05-20 15:55:04.956 D/MobileDataStateTracker(  262): default: Broadcast received: android.intent.action.ANY_DATA_STATE apnType=default
05-20 15:55:04.956 D/MobileDataStateTracker(  262): default: Received state=DISCONNECTED, old=DISCONNECTED, reason=dataDetached
05-20 15:55:04.966 D/BluetoothManagerService(  262): Message: 30
05-20 15:55:04.966 E/BluetoothHeadset(  454): Could not bind to Bluetooth Headset Service with Intent { act=android.bluetooth.IBluetoothHeadset }
05-20 15:55:04.966 E/BluetoothPhoneService(  454): Could not get a handle on Connection object for the call
05-20 15:55:04.966 D/dalvikvm(  465): GC_CONCURRENT freed 78K, 7% free 3446K/3676K, paused 1ms+1ms, total 4ms
05-20 15:55:04.966 W/CallNotifier(  454): Got onMwiChanged() on non-voice-capable device! Ignoring...
05-20 15:55:04.966 I/PhoneApp(  454): Headset phone created, binding local service.
05-20 15:55:04.966 W/EGL_emulation(  351): eglSurfaceAttrib not implemented 3093 12436
05-20 15:55:04.966 W/ContextImpl(  465): Calling a method in the system process without a qualified user: android.app.ContextImpl.startService:1492 android.content.ContextWrapper.startService:494 com.vphone.launcher.LauncherApplication.onCreate:113 android.app.Instrumentation.callApplicationOnCreate:1024 android.app.ActivityThread.handleBindApplication:4346 
05-20 15:55:04.986 W/ActivityThread(  465): ClassLoader.loadClass: The class loader returned by Thread.getContextClassLoader() may fail for processes that host multiple applications. You should explicitly specify a context class loader. For example: Thread.setContextClassLoader(getClass().getClassLoader());
05-20 15:55:04.996 D/dalvikvm(  465): GC_CONCURRENT freed 268K, 9% free 3564K/3892K, paused 1ms+1ms, total 4ms
05-20 15:55:05.006 D/OpenGLRenderer(  351): Enabling debug mode 0
05-20 15:55:05.016 W/Launcher(  465): setApplicationContext called twice! old=com.vphone.launcher.LauncherApplication@4a777058 new=com.vphone.launcher.LauncherApplication@4a777058
05-20 15:55:05.016 D/su      (  518): su invoked.
05-20 15:55:05.016 D/su      (  518): starting daemon client 1000 1000
05-20 15:55:05.026 D/su      (  521): remote pid: 518
05-20 15:55:05.026 D/su      (  521): remote pts_slave: 
05-20 15:55:05.026 D/su      (  521): waiting for child exit
05-20 15:55:05.026 D/su      (  523): su invoked.
05-20 15:55:05.026 D/su      (  523): 1000 /system/xbin/su executing 0 /system/bin/sh using binary /system/bin/sh : sh
05-20 15:55:05.026 D/su      (  521): sending code
05-20 15:55:05.026 D/su      (  521): child exited
05-20 15:55:05.026 D/su      (  518): client exited 255
05-20 15:55:05.036 D/dalvikvm(  465): GC_CONCURRENT freed 207K, 7% free 3740K/4012K, paused 1ms+0ms, total 5ms
05-20 15:55:05.036 I/dalvikvm(  465): Could not find method android.view.ViewAnimationUtils.createCircularReveal, referenced from method com.vphone.launcher.LauncherAnimUtils.createCircularReveal
05-20 15:55:05.036 W/dalvikvm(  465): VFY: unable to resolve static method 16870: Landroid/view/ViewAnimationUtils;.createCircularReveal (Landroid/view/View;IIFF)Landroid/animation/Animator;
05-20 15:55:05.036 D/dalvikvm(  465): VFY: replacing opcode 0x71 at 0x0000
05-20 15:55:05.046 W/ResourceType(  465): Attempt to retrieve bag 0x7f0e00a4 which is invalid or in a cycle.
05-20 15:55:05.096 W/Searchables(  262): No global search activity found
05-20 15:55:05.096 D/        (  172): HostConnection::get() New Host Connection established 0xb78fe910, tid 363
05-20 15:55:05.096 D/Launcher.Model(  465): 11683562 - loadWorkspace()
05-20 15:55:05.096 D/Launcher.Model(  465): 11683562 -   loadedOldDb: false
05-20 15:55:05.126 D/dalvikvm(  465): GC_CONCURRENT freed 236K, 6% free 4074K/4312K, paused 8ms+6ms, total 23ms
05-20 15:55:05.126 W/ContextImpl(  465): Calling a method in the system process without a qualified user: android.app.ContextImpl.startService:1492 android.content.ContextWrapper.startService:494 com.vphone.launcher.Launcher.g:677 com.vphone.launcher.Launcher.a:176 com.vphone.launcher.Launcher$11.run:633 
05-20 15:55:05.146 D/PhoneStatusBar(  351): mSettingsPanelGravity = 55
05-20 15:55:05.146 V/StatusBar(  351): userId 0 is in the house
05-20 15:55:05.166 D/dalvikvm(  465): GC_CONCURRENT freed 362K, 8% free 4186K/4528K, paused 3ms+1ms, total 11ms
05-20 15:55:05.166 D/Launcher.Model(  465): Invalid package: ComponentInfo{com.vphone.launcher.ad.icon/com.vphone.launcher.icon} (check again later)
05-20 15:55:05.176 D/dalvikvm(  465): GC_FOR_ALLOC freed 124K, 9% free 4198K/4592K, paused 3ms, total 5ms
05-20 15:55:05.176 I/dalvikvm-heap(  465): Grow heap (frag case) to 4.404MB for 262156-byte allocation
05-20 15:55:05.176 D/dalvikvm(  465): GC_FOR_ALLOC freed 7K, 9% free 4447K/4852K, paused 3ms, total 3ms
05-20 15:55:05.186 V/KeyguardServiceDelegate(  262): **** SHOWN CALLED ****
05-20 15:55:05.186 I/ContactLocale(  403): AddressBook Labels [zh_CN]: [, A, B, C, D, E, F, G, H, I, J, K, L, M, N, O, P, Q, R, S, T, U, V, W, X, Y, Z, Α, Β, Γ, Δ, Ε, Ζ, Η, Θ, Ι, Κ, Λ, Μ, Ν, Ξ, Ο, Π, Ρ, Σ, Τ, Υ, Φ, Χ, Ψ, Ω, , А, Б, В, Г, Д, Е, Є, Ж, З, И, І, Ї, Й, К, Л, М, Н, О, П, Р, С, Т, У, Ф, Х, Ц, Ч, Ш, Щ, Ю, Я, , א, ב, ג, ד, ה, ו, ז, ח, ט, י, כ, ל, מ, נ, ס, ע, פ, צ, ק, ר, ש, ת, , ا, ب, ت, ث, ج, ح, خ, د, ذ, ر, ز, س, ش, ص, ض, ط, ظ, ع, غ, ف, ق, ك, ل, م, ن, ه, و, ي, , ก, ข, ฃ, ค, ฅ, ฆ, ง, จ, ฉ, ช, ซ, ฌ, ญ, ฎ, ฏ, ฐ, ฑ, ฒ, ณ, ด, ต, ถ, ท, ธ, น, บ, ป, ผ, ฝ, พ, ฟ, ภ, ม, ย, ร, ฤ, ล, ฦ, ว, ศ, ษ, ส, ห, ฬ, อ, ฮ, #, ]
05-20 15:55:05.226 D/AndroidRuntime(  524): 
05-20 15:55:05.226 D/AndroidRuntime(  524): >>>>>> AndroidRuntime START com.android.internal.os.RuntimeInit <<<<<<
05-20 15:55:05.246 D/dalvikvm(  465): GC_CONCURRENT freed 589K, 14% free 4334K/5032K, paused 7ms+1ms, total 25ms
05-20 15:55:05.246 D/dalvikvm(  465): WAIT_FOR_CONCURRENT_GC blocked 17ms
05-20 15:55:05.246 D/Launcher.Model(  465): 11683562 - loadWorkspaceScreensDb()
05-20 15:55:05.246 D/Launcher.Model(  465): 11683562 -   screens: { 0: 1 }
05-20 15:55:05.246 D/Launcher.Model(  465): 11683562 -   sBgWorkspaceScreens: 1
05-20 15:55:05.266 D/dalvikvm(  351): GC_FOR_ALLOC freed 118K, 4% free 4275K/4452K, paused 3ms, total 3ms
05-20 15:55:05.286 I/dalvikvm-heap(  351): Grow heap (frag case) to 10.479MB for 6553612-byte allocation
05-20 15:55:05.286 D/dalvikvm(  351): GC_CONCURRENT freed 6K, 2% free 10669K/10856K, paused 1ms+1ms, total 4ms
05-20 15:55:05.286 D/libEGL  (  465): loaded /system/lib/egl/libEGL_adreno.so
05-20 15:55:05.326 D/        (  465): HostConnection::get() New Host Connection established 0xb87baf20, tid 465
05-20 15:55:05.356 D/AndroidRuntime(  524): CheckJNI is OFF
05-20 15:55:05.356 D/dalvikvm(  524): Using executionMode 2
05-20 15:55:05.356 D/dalvikvm(  524): Trying to load lib libjavacore.so 0x0
05-20 15:55:05.356 D/dalvikvm(  524): Added shared lib libjavacore.so 0x0
05-20 15:55:05.356 D/dalvikvm(  524): Trying to load lib libnativehelper.so 0x0
05-20 15:55:05.356 D/dalvikvm(  524): Added shared lib libnativehelper.so 0x0
05-20 15:55:05.356 D/dalvikvm(  524): No JNI_OnLoad found in libnativehelper.so 0x0, skipping init
05-20 15:55:05.356 D/libEGL  (  465): loaded /system/lib/egl/libGLESv1_CM_adreno.so
05-20 15:55:05.356 D/libEGL  (  465): loaded /system/lib/egl/libGLESv2_adreno.so
05-20 15:55:05.366 D/dalvikvm(  524): Note: class Landroid/app/ActivityManagerNative; has 179 unimplemented (abstract) methods
05-20 15:55:05.436 E/memtrack(  524): Couldn't load memtrack module (No such file or directory)
05-20 15:55:05.436 E/android.os.Debug(  524): failed to load memtrack module: -2
05-20 15:55:05.446 D/AndroidRuntime(  524): Calling main entry com.android.commands.am.Am
05-20 15:55:05.456 D/AndroidRuntime(  524): Shutting down VM
05-20 15:55:05.456 E/cutils-trace(  524): Error opening trace file: No such file or directory (2)
05-20 15:55:05.456 D/dalvikvm(  524): GC_CONCURRENT freed 96K, 15% free 589K/688K, paused 0ms+0ms, total 1ms
05-20 15:55:05.456 W/EGL_emulation(  465): eglSurfaceAttrib not implemented 3093 12436
05-20 15:55:05.516 D/OpenGLRenderer(  465): Enabling debug mode 0
05-20 15:55:05.786 W/ContextImpl(  262): Calling a method in the system process without a qualified user: android.app.ContextImpl.sendBroadcast:1123 com.android.server.InputMethodManagerService.hideCurrentInputLocked:1880 com.android.server.InputMethodManagerService.windowGainedFocus:1968 com.android.internal.view.IInputMethodManager$Stub.onTransact:221 com.android.server.InputMethodManagerService.onTransact:818 
05-20 15:55:05.786 I/ActivityManager(  262): Displayed com.vphone.launcher/.Launcher: +993ms
05-20 15:55:05.976 D/dalvikvm(  465): GC_CONCURRENT freed 289K, 12% free 4430K/5032K, paused 5ms+3ms, total 10ms
05-20 15:55:05.976 V/WebViewChromium(  465): Binding Chromium to the background looper Looper (main, tid 1) {4a77339c}
05-20 15:55:05.996 I/chromium(  465): [INFO:library_loader_hooks.cc(112)] Chromium logging enabled: level = 0, default verbosity = 0
05-20 15:55:05.996 I/BrowserProcessMain(  465): Initializing chromium process, renderers=0
05-20 15:55:05.996 W/chromium(  465): [WARNING:proxy_service.cc(888)] PAC support disabled because there is no system implementation
05-20 15:55:06.026 W/dalvikvm(  465): VFY: unable to find class referenced in signature (Ljava/nio/file/Path;)
05-20 15:55:06.026 W/dalvikvm(  465): VFY: unable to find class referenced in signature ([Ljava/nio/file/OpenOption;)
05-20 15:55:06.026 I/dalvikvm(  465): Could not find method java.nio.file.Files.newOutputStream, referenced from method okio.Okio.sink
05-20 15:55:06.026 W/dalvikvm(  465): VFY: unable to resolve static method 45304: Ljava/nio/file/Files;.newOutputStream (Ljava/nio/file/Path;[Ljava/nio/file/OpenOption;)Ljava/io/OutputStream;
05-20 15:55:06.026 D/dalvikvm(  465): VFY: replacing opcode 0x71 at 0x000a
05-20 15:55:06.026 W/dalvikvm(  465): VFY: unable to find class referenced in signature (Ljava/nio/file/Path;)
05-20 15:55:06.026 W/dalvikvm(  465): VFY: unable to find class referenced in signature ([Ljava/nio/file/OpenOption;)
05-20 15:55:06.026 I/dalvikvm(  465): Could not find method java.nio.file.Files.newInputStream, referenced from method okio.Okio.source
05-20 15:55:06.026 W/dalvikvm(  465): VFY: unable to resolve static method 45303: Ljava/nio/file/Files;.newInputStream (Ljava/nio/file/Path;[Ljava/nio/file/OpenOption;)Ljava/io/InputStream;
05-20 15:55:06.026 D/dalvikvm(  465): VFY: replacing opcode 0x71 at 0x000a
05-20 15:55:06.066 D/dalvikvm(  465): GC_FOR_ALLOC freed 115K, 11% free 4523K/5032K, paused 3ms, total 3ms
05-20 15:55:06.066 I/dalvikvm-heap(  465): Grow heap (frag case) to 5.077MB for 635808-byte allocation
05-20 15:55:06.066 D/dalvikvm(  465): GC_CONCURRENT freed <1K, 10% free 5144K/5656K, paused 0ms+1ms, total 3ms
05-20 15:55:06.116 D/dalvikvm(  465): GC_CONCURRENT freed 546K, 11% free 5242K/5848K, paused 3ms+1ms, total 7ms
05-20 15:55:06.126 D/Launcher(  465): 11683562 - bindAddScreens()
05-20 15:55:06.126 D/Launcher(  465): 11683562 -   orderedScreenIds: 1
05-20 15:55:06.126 D/Launcher.Workspace(  465): 11683562 - insertNewWorkspaceScreen(): 1 at index: 0
05-20 15:55:06.146 D/EventBus(  465): No subscribers registered for event class com.vphone.launcher.game.event.RankEvent
05-20 15:55:06.146 D/EventBus(  465): No subscribers registered for event class org.greenrobot.eventbus.NoSubscriberEvent
05-20 15:55:06.186 D/dalvikvm(  465): GC_CONCURRENT freed 539K, 11% free 5377K/5976K, paused 2ms+0ms, total 6ms
05-20 15:55:06.226 W/ContextImpl(  465): Calling a method in the system process without a qualified user: android.app.ContextImpl.sendBroadcast:1123 android.content.ContextWrapper.sendBroadcast:365 com.vphone.launcher.Hotseat$19.a:640 com.vphone.launcher.Hotseat$19.onResponse:629 com.vphone.launcher.network.GsonRequest.deliverResponse:52 
05-20 15:55:06.246 D/dalvikvm(  465): GC_CONCURRENT freed 1012K, 19% free 5098K/6272K, paused 2ms+2ms, total 8ms
05-20 15:55:06.306 W/DebugConnManager(  465): getNetworkInfo() on networkType 1
05-20 15:55:06.306 D/EventBus(  465): No subscribers registered for event class com.vphone.launcher.game.event.RefreshAdViewEvent
05-20 15:55:06.306 D/EventBus(  465): No subscribers registered for event class org.greenrobot.eventbus.NoSubscriberEvent
05-20 15:55:06.316 D/dalvikvm(  465): GC_CONCURRENT freed 749K, 21% free 5017K/6272K, paused 1ms+1ms, total 5ms
05-20 15:55:06.316 D/dalvikvm(  465): WAIT_FOR_CONCURRENT_GC blocked 2ms
05-20 15:55:06.416 D/dalvikvm(  465): GC_CONCURRENT freed 540K, 19% free 5123K/6272K, paused 3ms+1ms, total 7ms
05-20 15:55:06.466 D/dalvikvm(  465): GC_FOR_ALLOC freed 139K, 16% free 5273K/6272K, paused 3ms, total 3ms
05-20 15:55:06.496 D/dalvikvm(  465): GC_CONCURRENT freed 360K, 10% free 5667K/6272K, paused 1ms+1ms, total 5ms
05-20 15:55:06.726 D/dalvikvm(  465): GC_CONCURRENT freed 815K, 14% free 5738K/6612K, paused 0ms+3ms, total 7ms
05-20 15:55:06.756 D/dalvikvm(  465): GC_CONCURRENT freed 924K, 15% free 5739K/6720K, paused 1ms+2ms, total 8ms
05-20 15:55:06.786 D/AndroidRuntime(  581): 
05-20 15:55:06.786 D/AndroidRuntime(  581): >>>>>> AndroidRuntime START com.android.internal.os.RuntimeInit <<<<<<
05-20 15:55:06.816 D/dalvikvm(  465): GC_CONCURRENT freed 910K, 15% free 5757K/6728K, paused 1ms+7ms, total 14ms
05-20 15:55:06.866 D/dalvikvm(  465): GC_CONCURRENT freed 850K, 15% free 5753K/6728K, paused 2ms+1ms, total 6ms
05-20 15:55:06.906 D/AndroidRuntime(  581): CheckJNI is OFF
05-20 15:55:06.906 D/dalvikvm(  581): Using executionMode 2
05-20 15:55:06.916 D/dalvikvm(  581): Trying to load lib libjavacore.so 0x0
05-20 15:55:06.916 D/dalvikvm(  581): Added shared lib libjavacore.so 0x0
05-20 15:55:06.916 D/dalvikvm(  581): Trying to load lib libnativehelper.so 0x0
05-20 15:55:06.916 D/dalvikvm(  581): Added shared lib libnativehelper.so 0x0
05-20 15:55:06.916 D/dalvikvm(  581): No JNI_OnLoad found in libnativehelper.so 0x0, skipping init
05-20 15:55:06.916 D/dalvikvm(  465): GC_CONCURRENT freed 834K, 15% free 5766K/6728K, paused 5ms+1ms, total 10ms
05-20 15:55:06.926 D/dalvikvm(  581): Note: class Landroid/app/ActivityManagerNative; has 179 unimplemented (abstract) methods
05-20 15:55:06.966 D/dalvikvm(  465): GC_CONCURRENT freed 841K, 15% free 5775K/6728K, paused 2ms+0ms, total 7ms
05-20 15:55:06.996 E/memtrack(  581): Couldn't load memtrack module (No such file or directory)
05-20 15:55:06.996 E/android.os.Debug(  581): failed to load memtrack module: -2
05-20 15:55:06.996 D/AndroidRuntime(  581): Calling main entry com.android.commands.pm.Pm
05-20 15:55:07.026 D/dalvikvm(  465): GC_CONCURRENT freed 951K, 15% free 5804K/6812K, paused 8ms+0ms, total 13ms
05-20 15:55:07.026 D/dalvikvm(  465): WAIT_FOR_CONCURRENT_GC blocked 5ms
05-20 15:55:07.026 D/AndroidRuntime(  581): Shutting down VM
05-20 15:55:07.026 E/cutils-trace(  581): Error opening trace file: No such file or directory (2)
05-20 15:55:07.026 D/dalvikvm(  581): GC_CONCURRENT freed 153K, 22% free 566K/724K, paused 0ms+0ms, total 0ms
05-20 15:55:07.066 W/DebugConnManager(  465): getNetworkInfo() on networkType 1
05-20 15:55:07.086 D/dalvikvm(  465): GC_FOR_ALLOC freed 553K, 14% free 5860K/6812K, paused 14ms, total 15ms
05-20 15:55:07.086 I/dalvikvm-heap(  465): Grow heap (frag case) to 6.777MB for 1048588-byte allocation
05-20 15:55:07.086 D/dalvikvm(  465): GC_FOR_ALLOC freed 41K, 13% free 6842K/7840K, paused 5ms, total 5ms
05-20 15:55:07.096 D/dalvikvm(  465): GC_CONCURRENT freed <1K, 13% free 6842K/7840K, paused 2ms+1ms, total 7ms
05-20 15:55:07.136 I/SurfaceFlinger(  172): Boot is finished (8466 ms)
05-20 15:55:07.146 D/BluetoothManagerService(  262): Retrieving Bluetooth Adapter name and address...
05-20 15:55:07.146 D/BluetoothManagerService(  262): getNameAndAddress(): mBluetooth = null mBinding = false
05-20 15:55:07.146 D/BluetoothManagerService(  262): Message: 200
05-20 15:55:07.146 D/BluetoothManagerService(  262): MESSAGE_GET_NAME_AND_ADDRESS
05-20 15:55:07.146 D/BluetoothManagerService(  262): Binding to service to get name and address
05-20 15:55:07.146 E/BluetoothManagerService(  262): Fail to bind to: Intent { act=android.bluetooth.IBluetooth }
05-20 15:55:07.146 E/BluetoothHeadset(  262): Could not bind to Bluetooth Headset Service with Intent { act=android.bluetooth.IBluetoothHeadset }
05-20 15:55:07.146 E/BluetoothA2dp(  262): Could not bind to Bluetooth A2DP Service with Intent { act=android.bluetooth.IBluetoothA2dp }
05-20 15:55:07.146 D/BluetoothManagerService(  262): Message: 20
05-20 15:55:07.146 D/BluetoothManagerService(  262): Added callback: android.bluetooth.BluetoothAdapter$1@4a8acee4:true
05-20 15:55:07.146 D/BluetoothManagerService(  262): Message: 30
05-20 15:55:07.146 D/BluetoothManagerService(  262): Message: 30
05-20 15:55:07.146 V/WiredAccessoryManager(  262): init()
05-20 15:55:07.156 I/RecoverySystem(  262): No recovery log file
05-20 15:55:07.156 I/BootReceiver(  262): Copying audit failures to DropBox
05-20 15:55:07.156 I/BootReceiver(  262): Checking for fsck errors
05-20 15:55:07.166 I/ActivityManager(  262): Start proc com.android.providers.calendar for broadcast com.android.providers.calendar/.CalendarReceiver: pid=597 uid=10001 gids={50001, 3003, 1028, 1015, 1023}
05-20 15:55:07.176 I/dalvikvm(  597): ignoring registerObject request in thread=1
05-20 15:55:07.176 I/dalvikvm(  597): ignoring registerObject request in thread=1
05-20 15:55:07.176 I/ActivityManager(  262): Start proc android.process.media for content provider com.android.providers.downloads/.DownloadProvider: pid=609 uid=10004 gids={50004, 1028, 1015, 1023, 1024, 2001, 3003, 3007}
05-20 15:55:07.186 V/RenderScript(  465): 0xb8919060 Launching thread(s), CPUs 2
05-20 15:55:07.196 I/CalendarProvider2(  597): Created com.android.providers.calendar.CalendarAlarmManager@4a780fc0(com.android.providers.calendar.CalendarProvider2@4a77cea8)
05-20 15:55:07.196 I/dalvikvm(  609): ignoring registerObject request in thread=1
05-20 15:55:07.196 I/dalvikvm(  609): ignoring registerObject request in thread=1
05-20 15:55:07.286 D/dalvikvm(  173): GC_EXPLICIT freed 37K, 4% free 2843K/2940K, paused 0ms+0ms, total 4ms
05-20 15:55:07.286 D/dalvikvm(  173): GC_EXPLICIT freed <1K, 4% free 2843K/2940K, paused 0ms+0ms, total 6ms
05-20 15:55:07.286 I/ActivityManager(  262): Start proc com.android.onetimeinitializer for broadcast com.android.onetimeinitializer/.OneTimeInitializerReceiver: pid=645 uid=10007 gids={50007}
05-20 15:55:07.296 D/dalvikvm(  173): GC_EXPLICIT freed <1K, 4% free 2843K/2940K, paused 1ms+0ms, total 3ms
05-20 15:55:07.316 D/dalvikvm(  262): GC_EXPLICIT freed 335K, 7% free 5406K/5808K, paused 0ms+0ms, total 6ms
05-20 15:55:07.316 I/dalvikvm(  645): ignoring registerObject request in thread=1
05-20 15:55:07.316 I/dalvikvm(  645): ignoring registerObject request in thread=1
05-20 15:55:07.316 V/OneTimeInitializerRece(  645): OneTimeInitializerReceiver.onReceive
05-20 15:55:07.316 I/ActivityManager(  262): Delay finish: com.android.onetimeinitializer/.OneTimeInitializerReceiver
05-20 15:55:07.356 I/PowerManagerService(  262): Boot animation finished.
05-20 15:55:07.356 I/ActivityManager(  262): Resuming delayed broadcast
05-20 15:55:07.366 D/dalvikvm(  609): JIT code cache reset in 0 ms (0 bytes 1/0)
05-20 15:55:07.366 D/dalvikvm(  609): GC_CONCURRENT freed 220K, 9% free 3017K/3296K, paused 0ms+0ms, total 4ms
05-20 15:55:07.376 D/AndroidRuntime(  634): 
05-20 15:55:07.376 D/AndroidRuntime(  634): >>>>>> AndroidRuntime START com.android.internal.os.RuntimeInit <<<<<<
05-20 15:55:07.396 I/dalvikvm(  662): ignoring registerObject request in thread=1
05-20 15:55:07.396 I/dalvikvm(  662): ignoring registerObject request in thread=1
05-20 15:55:07.396 I/ActivityManager(  262): Start proc com.bignox.app.store.hd for broadcast com.bignox.app.store.hd/.providers.downloads.DownloadReceiver: pid=662 uid=1000 gids={41000, 1028, 1015, 1023, 3002, 3001, 3003, 1007}
05-20 15:55:07.426 D/dalvikvm(  662): No JNI_OnLoad found in /system/lib/libxl_thunder_sdk.so 0x94ee6e90, skipping init
05-20 15:55:07.426 D/dalvikvm(  662): No JNI_OnLoad found in /system/lib/libvphone_xl_thunder_iface.so 0x94ee6e90, skipping init
05-20 15:55:07.426 I/XLUtil  (  662): loadAndParseFile start
05-20 15:55:07.426 I/XLUtil  (  662): loadAndParseFile end
05-20 15:55:07.426 I/XLDownloadManager(  662): Peerid:ODBGQTVCNzJCMjRBMDBYWQ==
05-20 15:55:07.426 I/XLDownloadManager(  662): Guid:MzUyMjg0MDQzODI3NzAyXzgwRkE1QjcyQjI0QQ==
05-20 15:55:07.476 I/XLDownloadManager(  662): doMonitorNetworkChange()
05-20 15:55:07.476 I/XLDownloadManager(  662): register Receiver
05-20 15:55:07.496 D/dalvikvm(  662): GC_CONCURRENT freed 248K, 10% free 3082K/3392K, paused 1ms+1ms, total 4ms
05-20 15:55:07.516 D/AndroidRuntime(  634): CheckJNI is OFF
05-20 15:55:07.516 D/dalvikvm(  634): Using executionMode 2
05-20 15:55:07.526 D/dalvikvm(  634): Trying to load lib libjavacore.so 0x0
05-20 15:55:07.526 D/dalvikvm(  634): Added shared lib libjavacore.so 0x0
05-20 15:55:07.526 D/dalvikvm(  634): Trying to load lib libnativehelper.so 0x0
05-20 15:55:07.526 D/dalvikvm(  634): Added shared lib libnativehelper.so 0x0
05-20 15:55:07.526 D/dalvikvm(  634): No JNI_OnLoad found in libnativehelper.so 0x0, skipping init
05-20 15:55:07.526 W/ActivityThread(  662): ClassLoader.loadClass: The class loader returned by Thread.getContextClassLoader() may fail for processes that host multiple applications. You should explicitly specify a context class loader. For example: Thread.setContextClassLoader(getClass().getClassLoader());
05-20 15:55:07.546 D/dalvikvm(  634): Note: class Landroid/app/ActivityManagerNative; has 179 unimplemented (abstract) methods
05-20 15:55:07.546 D/dalvikvm(  662): GC_CONCURRENT freed 304K, 11% free 3201K/3568K, paused 0ms+0ms, total 3ms
05-20 15:55:07.556 D/MediaProvider(  609): object removed 261
05-20 15:55:07.566 D/Volley  (  662): [1] DiskBasedCache.clear: Cache cleared.
05-20 15:55:07.566 I/HttpDnsSDK(  662): HttpDnsThreadFactory create a new thread, name: Thread-58
05-20 15:55:07.566 I/HttpDnsSDK(  662): HttpDnsThreadFactory create a new thread, name: Thread-59
05-20 15:55:07.566 I/HttpDnsSDK(  662): HttpDnsThreadFactory create a new thread, name: Thread-61
05-20 15:55:07.566 W/ContextImpl(  662): Calling a method in the system process without a qualified user: android.app.ContextImpl.startService:1492 android.content.ContextWrapper.startService:494 com.bignox.app.store.hd.StoreApplication.onCreate:97 android.app.Instrumentation.callApplicationOnCreate:1024 android.app.ActivityThread.handleBindApplication:4346 
05-20 15:55:07.576 W/ContextImpl(  662): Calling a method in the system process without a qualified user: android.app.ContextImpl.startService:1492 android.content.ContextWrapper.startService:494 android.content.ContextWrapper.startService:494 com.bignox.app.store.hd.providers.downloads.DownloadReceiver.startService:188 com.bignox.app.store.hd.providers.downloads.DownloadReceiver.onReceive:48 
05-20 15:55:07.576 I/ActivityManager(  262): Delay finish: com.bignox.app.store.hd/.providers.downloads.DownloadReceiver
05-20 15:55:07.586 D/dalvikvm(  609): GC_CONCURRENT freed 240K, 9% free 3165K/3464K, paused 1ms+0ms, total 3ms
05-20 15:55:07.596 E/memtrack(  634): Couldn't load memtrack module (No such file or directory)
05-20 15:55:07.596 E/android.os.Debug(  634): failed to load memtrack module: -2
05-20 15:55:07.626 D/AndroidRuntime(  634): Calling main entry com.android.commands.pm.Pm
05-20 15:55:07.626 D/AndroidRuntime(  634): Shutting down VM
05-20 15:55:07.626 E/cutils-trace(  634): Error opening trace file: No such file or directory (2)
05-20 15:55:07.626 D/dalvikvm(  634): GC_CONCURRENT freed 153K, 22% free 566K/724K, paused 0ms+0ms, total 0ms
05-20 15:55:07.626 I/AndroidRuntime(  634): NOTE: attach of thread 'Binder_2' failed
05-20 15:55:07.626 D/dalvikvm(  662): GC_FOR_ALLOC freed 294K, 10% free 3418K/3776K, paused 3ms, total 3ms
05-20 15:55:07.636 D/Event   (  662): No subscribers registered for event class com.bignox.app.store.hd.model.Game
05-20 15:55:07.636 D/Event   (  662): No subscribers registered for event class de.greenrobot.event.NoSubscriberEvent
05-20 15:55:07.636 D/Event   (  662): No subscribers registered for event class com.bignox.app.store.hd.model.Game
05-20 15:55:07.636 D/Event   (  662): No subscribers registered for event class de.greenrobot.event.NoSubscriberEvent
05-20 15:55:07.636 I/com.bignox.app.store.hd.repositories.AppRepository(  662): delete app by package url :com.bignox.app.store.hd
05-20 15:55:07.636 D/dalvikvm(  662): GC_CONCURRENT freed 101K, 10% free 3406K/3776K, paused 1ms+2ms, total 6ms
05-20 15:55:07.666 D/HttpDnsSDK(  662): 58 - VMStack.java:-2 - [getThreadStackTrace] - resolve host: res.yeshen.com, return: {"host":"res.yeshen.com","ips":["116.207.139.54","116.207.139.49","116.207.139.53","116.207.139.50","116.207.139.51","116.207.139.55","116.207.139.52","116.207.139.56"],"ttl":16,"origin_ttl":118,"client_ip":"113.116.197.123"}
05-20 15:55:07.666 D/HttpDnsSDK(  662): 61 - VMStack.java:-2 - [getThreadStackTrace] - resolve host: res.src.yeshen.com, return: {"host":"res.src.yeshen.com","ips":[],"ttl":300,"client_ip":"113.116.197.123"}
05-20 15:55:07.676 D/dalvikvm(  662): GC_CONCURRENT freed 484K, 14% free 3408K/3960K, paused 3ms+1ms, total 9ms
05-20 15:55:07.686 D/HttpDnsSDK(  662): 59 - VMStack.java:-2 - [getThreadStackTrace] - resolve host: ressrc.yeshen.com, return: {"host":"ressrc.yeshen.com","ips":["60.205.13.186"],"ttl":78,"origin_ttl":600,"client_ip":"113.116.197.123"}
05-20 15:55:07.696 D/dalvikvm(  662): GC_CONCURRENT freed 390K, 14% free 3432K/3960K, paused 1ms+0ms, total 4ms
05-20 15:55:07.696 D/HttpDnsSDK(  662): 57 - VMStack.java:-2 - [getThreadStackTrace] - stat: YEM1qocbrPADAEW+l9U5cbOh
05-20 15:55:07.696 D/Event   (  662): No subscribers registered for event class com.bignox.app.store.hd.providers.downloads.CountEvent
05-20 15:55:07.696 D/Event   (  662): No subscribers registered for event class de.greenrobot.event.NoSubscriberEvent
05-20 15:55:07.716 D/Event   (  662): No subscribers registered for event class com.bignox.app.store.hd.model.Game
05-20 15:55:07.716 D/Event   (  662): No subscribers registered for event class de.greenrobot.event.NoSubscriberEvent
05-20 15:55:07.716 D/Event   (  662): No subscribers registered for event class com.bignox.app.store.hd.providers.downloads.CountEvent
05-20 15:55:07.716 D/Event   (  662): No subscribers registered for event class de.greenrobot.event.NoSubscriberEvent
05-20 15:55:07.716 D/Event   (  662): No subscribers registered for event class com.bignox.app.store.hd.providers.downloads.CountEvent
05-20 15:55:07.716 D/Event   (  662): No subscribers registered for event class de.greenrobot.event.NoSubscriberEvent
05-20 15:55:07.716 W/ContextImpl(  662): Calling a method in the system process without a qualified user: android.app.ContextImpl.sendBroadcast:1123 android.content.ContextWrapper.sendBroadcast:365 com.bignox.app.store.hd.asynctask.InitPackageMapTask.onPostExecute:284 com.bignox.app.store.hd.asynctask.InitPackageMapTask.onPostExecute:32 android.os.AsyncTask.finish:632 
05-20 15:55:07.756 D/dalvikvm(  609): GC_CONCURRENT freed 358K, 12% free 3194K/3612K, paused 0ms+1ms, total 3ms
05-20 15:55:07.776 D/HttpDnsSDK(  662): 57 - VMStack.java:-2 - [getThreadStackTrace] - get MAN response: {"t":1621497308441,"ret":"","success":"success"}
05-20 15:55:07.786 V/MediaScanner(  609): pruneDeadThumbnailFiles... android.database.sqlite.SQLiteCursor@4a7b956c
05-20 15:55:07.786 V/MediaScanner(  609): /pruneDeadThumbnailFiles... android.database.sqlite.SQLiteCursor@4a7b956c
05-20 15:55:07.786 I/ActivityManager(  262): Resuming delayed broadcast
05-20 15:55:07.786 W/ContextImpl(  465): Calling a method in the system process without a qualified user: android.app.ContextImpl.startService:1492 android.content.ContextWrapper.startService:494 android.content.ContextWrapper.startService:494 com.vphone.launcher.providers.downloads.DownloadReceiver.a:188 com.vphone.launcher.providers.downloads.DownloadReceiver.onReceive:48 
05-20 15:55:07.796 D/dalvikvm(  662): GC_CONCURRENT freed 376K, 13% free 3462K/3960K, paused 2ms+0ms, total 5ms
05-20 15:55:07.836 D/Sensors (  262): Client connection accepted (172)
05-20 15:55:07.856 D/Tethering(  262): MasterInitialState.processMessage what=3
05-20 15:55:07.856 W/ContextImpl(  262): Calling a method in the system process without a qualified user: android.app.ContextImpl.sendBroadcast:1123 com.android.server.NotificationManagerService$6.run:1838 android.os.Handler.handleCallback:733 android.os.Handler.dispatchMessage:95 android.os.Looper.loop:136 
05-20 15:55:07.876 D/CaptivePortalTracker(  262): NoActiveNetworkState{ when=0 what=1 obj=NetworkInfo: type: WIFI[], state: CONNECTED/CONNECTED, reason: (unspecified), extra: "AndroidAP", roaming: false, failover: false, isAvailable: true, isConnectedToProvisioningNetwork: false target=com.android.internal.util.StateMachine$SmHandler }
05-20 15:55:07.876 D/HttpDnsSDK(  662): 1 - VMStack.java:-2 - [getThreadStackTrace] - [detectCurrentNetwork] - Network name:WIFI subType name: 
05-20 15:55:07.876 D/HttpDnsSDK(  662): 1 - VMStack.java:-2 - [getThreadStackTrace] - [BroadcastReceiver.onReceive] - Network state changed
05-20 15:55:07.876 D/HttpDnsSDK(  662): 1 - VMStack.java:-2 - [getThreadStackTrace] - [BroadcastReceiver.onReceive] - refresh host
05-20 15:55:07.876 D/XLDownloadManager(  662): NetworkChangeHandlerThread nettype=9
05-20 15:55:07.876 W/ContextImpl(  662): Calling a method in the system process without a qualified user: android.app.ContextImpl.startService:1492 android.content.ContextWrapper.startService:494 android.content.ContextWrapper.startService:494 com.bignox.app.store.hd.providers.downloads.DownloadReceiver.startService:188 com.bignox.app.store.hd.providers.downloads.DownloadReceiver.onReceive:53 
05-20 15:55:07.876 W/ContextImpl(  465): Calling a method in the system process without a qualified user: android.app.ContextImpl.startService:1492 android.content.ContextWrapper.startService:494 android.content.ContextWrapper.startService:494 com.vphone.launcher.providers.downloads.DownloadReceiver.a:188 com.vphone.launcher.providers.downloads.DownloadReceiver.onReceive:53 
05-20 15:55:07.876 D/XLDownloadManager(  662): NetworkChangeHandlerThread bssid=80:FA:5B:72:B2:4A
05-20 15:55:07.876 D/Event   (  662): No subscribers registered for event class com.bignox.app.store.hd.providers.downloads.CountEvent
05-20 15:55:07.876 D/Event   (  662): No subscribers registered for event class de.greenrobot.event.NoSubscriberEvent
05-20 15:55:07.906 D/HttpDnsSDK(  662): 61 - VMStack.java:-2 - [getThreadStackTrace] - resolve host: ressrc.yeshen.com, return: {"host":"ressrc.yeshen.com","ips":["60.205.13.186"],"ttl":78,"origin_ttl":600,"client_ip":"113.116.197.123"}
05-20 15:55:07.906 D/HttpDnsSDK(  662): 59 - VMStack.java:-2 - [getThreadStackTrace] - resolve host: res.src.yeshen.com, return: {"host":"res.src.yeshen.com","ips":[],"ttl":300,"client_ip":"113.116.197.123"}
05-20 15:55:07.906 D/HttpDnsSDK(  662): 58 - VMStack.java:-2 - [getThreadStackTrace] - resolve host: res.yeshen.com, return: {"host":"res.yeshen.com","ips":["116.207.139.49","116.207.139.53","116.207.139.52","116.207.139.56","116.207.139.50","116.207.139.55","116.207.139.51","116.207.139.54"],"ttl":15,"origin_ttl":118,"client_ip":"113.116.197.123"}
05-20 15:55:07.926 D/        (  262): Setting time of day to sec=1621497308
05-20 15:55:08.638 D/AndroidRuntime(  729): 
05-20 15:55:08.638 D/AndroidRuntime(  729): >>>>>> AndroidRuntime START com.android.internal.os.RuntimeInit <<<<<<
05-20 15:55:08.768 D/AndroidRuntime(  729): CheckJNI is OFF
05-20 15:55:08.768 D/dalvikvm(  729): Using executionMode 2
05-20 15:55:08.768 D/dalvikvm(  729): Trying to load lib libjavacore.so 0x0
05-20 15:55:08.768 D/dalvikvm(  729): Added shared lib libjavacore.so 0x0
05-20 15:55:08.768 D/dalvikvm(  729): Trying to load lib libnativehelper.so 0x0
05-20 15:55:08.768 D/dalvikvm(  729): Added shared lib libnativehelper.so 0x0
05-20 15:55:08.768 D/dalvikvm(  729): No JNI_OnLoad found in libnativehelper.so 0x0, skipping init
05-20 15:55:08.778 D/dalvikvm(  729): Note: class Landroid/app/ActivityManagerNative; has 179 unimplemented (abstract) methods
05-20 15:55:08.838 E/memtrack(  729): Couldn't load memtrack module (No such file or directory)
05-20 15:55:08.838 E/android.os.Debug(  729): failed to load memtrack module: -2
05-20 15:55:08.858 D/AndroidRuntime(  729): Calling main entry com.android.commands.pm.Pm
05-20 15:55:08.868 D/AndroidRuntime(  729): Shutting down VM
05-20 15:55:08.868 E/cutils-trace(  729): Error opening trace file: No such file or directory (2)
05-20 15:55:08.868 D/dalvikvm(  729): GC_CONCURRENT freed 153K, 22% free 567K/724K, paused 0ms+1ms, total 1ms
05-20 15:55:08.918 I/CalendarProvider2(  597): Sending notification intent: Intent { act=android.intent.action.PROVIDER_CHANGED dat=content://com.android.calendar }
05-20 15:55:08.918 W/ContentResolver(  597): Failed to get type for: content://com.android.calendar (Unknown URL content://com.android.calendar)
05-20 15:55:09.108 D/NOX-AGPS(  749): 0|37132|36223(mnc=0, lac=37132, cid=36223) for lng=108.563583 & lat=35.001251 
05-20 15:55:09.228 D/AndroidRuntime(  753): 
05-20 15:55:09.228 D/AndroidRuntime(  753): >>>>>> AndroidRuntime START com.android.internal.os.RuntimeInit <<<<<<
05-20 15:55:09.338 D/AndroidRuntime(  753): CheckJNI is OFF
05-20 15:55:09.338 D/dalvikvm(  753): Using executionMode 2
05-20 15:55:09.338 D/dalvikvm(  753): Trying to load lib libjavacore.so 0x0
05-20 15:55:09.338 D/dalvikvm(  753): Added shared lib libjavacore.so 0x0
05-20 15:55:09.338 D/dalvikvm(  753): Trying to load lib libnativehelper.so 0x0
05-20 15:55:09.338 D/dalvikvm(  753): Added shared lib libnativehelper.so 0x0
05-20 15:55:09.338 D/dalvikvm(  753): No JNI_OnLoad found in libnativehelper.so 0x0, skipping init
05-20 15:55:09.358 D/dalvikvm(  753): Note: class Landroid/app/ActivityManagerNative; has 179 unimplemented (abstract) methods
05-20 15:55:09.408 E/memtrack(  753): Couldn't load memtrack module (No such file or directory)
05-20 15:55:09.408 E/android.os.Debug(  753): failed to load memtrack module: -2
05-20 15:55:09.418 D/AndroidRuntime(  753): Calling main entry com.android.commands.pm.Pm
05-20 15:55:09.428 D/AndroidRuntime(  753): Shutting down VM
05-20 15:55:09.428 E/cutils-trace(  753): Error opening trace file: No such file or directory (2)
05-20 15:55:09.438 D/dalvikvm(  753): GC_CONCURRENT freed 153K, 22% free 567K/724K, paused 0ms+1ms, total 1ms
05-20 15:55:09.718 E/NOX     (   71): recv() error
05-20 15:55:09.718 D/NOX     (   71): Socket read error
05-20 15:55:09.818 D/dalvikvm(  465): GC_FOR_ALLOC freed 1416K, 24% free 6007K/7840K, paused 4ms, total 4ms
05-20 15:55:10.158 D/AndroidRuntime(  770): 
05-20 15:55:10.158 D/AndroidRuntime(  770): >>>>>> AndroidRuntime START com.android.internal.os.RuntimeInit <<<<<<
05-20 15:55:10.258 D/AndroidRuntime(  770): CheckJNI is OFF
05-20 15:55:10.258 D/dalvikvm(  770): Using executionMode 2
05-20 15:55:10.268 D/dalvikvm(  770): Trying to load lib libjavacore.so 0x0
05-20 15:55:10.268 D/dalvikvm(  770): Added shared lib libjavacore.so 0x0
05-20 15:55:10.268 D/dalvikvm(  770): Trying to load lib libnativehelper.so 0x0
05-20 15:55:10.268 D/dalvikvm(  770): Added shared lib libnativehelper.so 0x0
05-20 15:55:10.268 D/dalvikvm(  770): No JNI_OnLoad found in libnativehelper.so 0x0, skipping init
05-20 15:55:10.278 D/dalvikvm(  770): Note: class Landroid/app/ActivityManagerNative; has 179 unimplemented (abstract) methods
05-20 15:55:10.328 E/memtrack(  770): Couldn't load memtrack module (No such file or directory)
05-20 15:55:10.328 E/android.os.Debug(  770): failed to load memtrack module: -2
05-20 15:55:10.348 D/AndroidRuntime(  770): Calling main entry com.android.commands.am.Am
05-20 15:55:10.348 D/AndroidRuntime(  770): Shutting down VM
05-20 15:55:10.348 I/dalvikvm(  465): Could not find method android.app.ActivityManager.removeTask, referenced from method com.vphone.launcher.service.CommonService.a
05-20 15:55:10.348 W/dalvikvm(  465): VFY: unable to resolve virtual method 522: Landroid/app/ActivityManager;.removeTask (I)Z
05-20 15:55:10.348 D/dalvikvm(  465): VFY: replacing opcode 0x6e at 0x0066
05-20 15:55:10.348 E/cutils-trace(  770): Error opening trace file: No such file or directory (2)
05-20 15:55:10.348 D/dalvikvm(  770): GC_CONCURRENT freed 96K, 15% free 585K/684K, paused 0ms+0ms, total 0ms
05-20 15:55:12.818 I/dalvikvm(  465): Could not find method android.widget.LinearLayout.<init>, referenced from method com.bigkoo.convenientbanner.ConvenientBanner.<init>
05-20 15:55:12.818 W/dalvikvm(  465): VFY: unable to resolve direct method 17827: Landroid/widget/LinearLayout;.<init> (Landroid/content/Context;Landroid/util/AttributeSet;II)V
05-20 15:55:12.818 D/dalvikvm(  465): VFY: replacing opcode 0x70 at 0x0002
05-20 15:55:12.828 D/dalvikvm(  465): GC_CONCURRENT freed 267K, 9% free 6811K/7436K, paused 1ms+3ms, total 9ms
05-20 15:55:12.898 E/RecyclerView(  465): No adapter attached; skipping layout
05-20 15:55:12.898 E/RecyclerView(  465): No adapter attached; skipping layout
05-20 15:55:12.898 E/RecyclerView(  465): No adapter attached; skipping layout
05-20 15:55:12.898 E/RecyclerView(  465): No adapter attached; skipping layout
05-20 15:55:12.898 E/RecyclerView(  465): No adapter attached; skipping layout
05-20 15:55:12.898 E/RecyclerView(  465): No adapter attached; skipping layout
05-20 15:55:12.898 D/dalvikvm(  465): GC_CONCURRENT freed 1033K, 14% free 7048K/8140K, paused 5ms+1ms, total 11ms
05-20 15:55:12.908 W/DebugConnManager(  465): getNetworkInfo() on networkType 1
05-20 15:55:12.918 D/dalvikvm(  465): GC_FOR_ALLOC freed 184K, 13% free 7115K/8140K, paused 4ms, total 4ms
05-20 15:55:12.928 I/dalvikvm-heap(  465): Grow heap (frag case) to 8.759MB for 1843212-byte allocation
05-20 15:55:12.928 D/dalvikvm(  465): GC_CONCURRENT freed 2K, 11% free 8912K/9944K, paused 1ms+1ms, total 6ms
05-20 15:55:12.928 D/dalvikvm(  465): WAIT_FOR_CONCURRENT_GC blocked 5ms
05-20 15:55:12.928 D/dalvikvm(  465): WAIT_FOR_CONCURRENT_GC blocked 3ms
05-20 15:55:12.928 D/dalvikvm(  465): WAIT_FOR_CONCURRENT_GC blocked 4ms
05-20 15:55:12.928 D/dalvikvm(  465): WAIT_FOR_CONCURRENT_GC blocked 4ms
05-20 15:55:12.938 W/DebugConnManager(  465): getNetworkInfo() on networkType 1
